Archive member included to satisfy reference by file (symbol)

C:/NXP/S32DS_Power_v2.1/S32DS/build_tools/e200_ewl2/lib/e200z4/fp\libc99.a(memcpy.o)
                              ./src/HAL/BASE/DataStruct.o (memcpy)
C:/NXP/S32DS_Power_v2.1/S32DS/build_tools/e200_ewl2/lib/e200z4/fp\libc99.a(memset.o)
                              ./src/APP/BTK_Model.o (memset)
C:/NXP/S32DS_Power_v2.1/S32DS/build_tools/e200_ewl2/lib/e200z4/fp\libc99.a(__filll_mem.o)
                              C:/NXP/S32DS_Power_v2.1/S32DS/build_tools/e200_ewl2/lib/e200z4/fp\libc99.a(memset.o) (__fill_mem)
C:/NXP/S32DS_Power_v2.1/S32DS/build_tools/e200_ewl2/lib/e200z4/fp\libm.a(math_api.o)
                              ./src/HAL/BASE/Lin.o (__ewl_generic_count_bits32)
C:/NXP/S32DS_Power_v2.1/S32DS/build_tools/e200_ewl2/lib/e200z4/fp\libm.a(round.o)
                              ./src/HAL/BASE/Lin.o (round)
C:/NXP/S32DS_Power_v2.1/S32DS/build_tools/e200_ewl2/lib/e200z4/fp\libm.a(s_ceil.o)
                              ./src/HAL/CAN_DBC_Lib.o (ceil)
C:/NXP/S32DS_Power_v2.1/S32DS/build_tools/e200_ewl2/lib/e200z4/fp\libm.a(s_floor.o)
                              ./src/HAL/BASE/Lin.o (floor)
C:/NXP/S32DS_Power_v2.1/S32DS/build_tools/e200_ewl2/lib/e200z4/fp\libm.a(s_modf.o)
                              C:/NXP/S32DS_Power_v2.1/S32DS/build_tools/e200_ewl2/lib/e200z4/fp\libm.a(round.o) (modf)
c:/nxp/s32ds_power_v2.1/s32ds/build_tools/powerpc-eabivle-4_9/bin/../lib/gcc/powerpc-eabivle/4.9.4/e200z4/fp\libgcc.a(_lshrdi3.o)
                              C:/NXP/S32DS_Power_v2.1/S32DS/build_tools/e200_ewl2/lib/e200z4/fp\libm.a(math_api.o) (__lshrdi3)
c:/nxp/s32ds_power_v2.1/s32ds/build_tools/powerpc-eabivle-4_9/bin/../lib/gcc/powerpc-eabivle/4.9.4/e200z4/fp\libgcc.a(_ashldi3.o)
                              C:/NXP/S32DS_Power_v2.1/S32DS/build_tools/e200_ewl2/lib/e200z4/fp\libm.a(math_api.o) (__ashldi3)
c:/nxp/s32ds_power_v2.1/s32ds/build_tools/powerpc-eabivle-4_9/bin/../lib/gcc/powerpc-eabivle/4.9.4/e200z4/fp\libgcc.a(_fixunsdfsi.o)
                              ./src/HAL/BASE/Lin.o (__fixunsdfsi)
c:/nxp/s32ds_power_v2.1/s32ds/build_tools/powerpc-eabivle-4_9/bin/../lib/gcc/powerpc-eabivle/4.9.4/e200z4/fp\libgcc.a(_udivdi3.o)
                              ./src/HAL/BASE/etpu_set/etpu/fpm/etpu_fpm.o (__udivdi3)
c:/nxp/s32ds_power_v2.1/s32ds/build_tools/powerpc-eabivle-4_9/bin/../lib/gcc/powerpc-eabivle/4.9.4/e200z4/fp\libgcc.a(_umoddi3.o)
                              ./src/HAL/BASE/etpu_set/etpu/fpm/etpu_fpm.o (__umoddi3)
c:/nxp/s32ds_power_v2.1/s32ds/build_tools/powerpc-eabivle-4_9/bin/../lib/gcc/powerpc-eabivle/4.9.4/e200z4/fp\libgcc.a(_sf_to_df.o)
                              ./src/HAL/CAN_DBC_Lib.o (__extendsfdf2)
c:/nxp/s32ds_power_v2.1/s32ds/build_tools/powerpc-eabivle-4_9/bin/../lib/gcc/powerpc-eabivle/4.9.4/e200z4/fp\libgcc.a(_addsub_df.o)
                              ./src/HAL/BASE/SPI.o (__adddf3)
c:/nxp/s32ds_power_v2.1/s32ds/build_tools/powerpc-eabivle-4_9/bin/../lib/gcc/powerpc-eabivle/4.9.4/e200z4/fp\libgcc.a(_mul_df.o)
                              ./src/HAL/BASE/Lin.o (__muldf3)
c:/nxp/s32ds_power_v2.1/s32ds/build_tools/powerpc-eabivle-4_9/bin/../lib/gcc/powerpc-eabivle/4.9.4/e200z4/fp\libgcc.a(_div_df.o)
                              ./src/HAL/BASE/Lin.o (__divdf3)
c:/nxp/s32ds_power_v2.1/s32ds/build_tools/powerpc-eabivle-4_9/bin/../lib/gcc/powerpc-eabivle/4.9.4/e200z4/fp\libgcc.a(_gt_df.o)
                              C:/NXP/S32DS_Power_v2.1/S32DS/build_tools/e200_ewl2/lib/e200z4/fp\libm.a(math_api.o) (__gtdf2)
c:/nxp/s32ds_power_v2.1/s32ds/build_tools/powerpc-eabivle-4_9/bin/../lib/gcc/powerpc-eabivle/4.9.4/e200z4/fp\libgcc.a(_ge_df.o)
                              C:/NXP/S32DS_Power_v2.1/S32DS/build_tools/e200_ewl2/lib/e200z4/fp\libm.a(round.o) (__gedf2)
c:/nxp/s32ds_power_v2.1/s32ds/build_tools/powerpc-eabivle-4_9/bin/../lib/gcc/powerpc-eabivle/4.9.4/e200z4/fp\libgcc.a(_lt_df.o)
                              C:/NXP/S32DS_Power_v2.1/S32DS/build_tools/e200_ewl2/lib/e200z4/fp\libm.a(math_api.o) (__ltdf2)
c:/nxp/s32ds_power_v2.1/s32ds/build_tools/powerpc-eabivle-4_9/bin/../lib/gcc/powerpc-eabivle/4.9.4/e200z4/fp\libgcc.a(_si_to_df.o)
                              ./src/HAL/BASE/SPI.o (__floatsidf)
c:/nxp/s32ds_power_v2.1/s32ds/build_tools/powerpc-eabivle-4_9/bin/../lib/gcc/powerpc-eabivle/4.9.4/e200z4/fp\libgcc.a(_df_to_si.o)
                              ./src/HAL/BASE/SPI.o (__fixdfsi)
c:/nxp/s32ds_power_v2.1/s32ds/build_tools/powerpc-eabivle-4_9/bin/../lib/gcc/powerpc-eabivle/4.9.4/e200z4/fp\libgcc.a(_make_df.o)
                              c:/nxp/s32ds_power_v2.1/s32ds/build_tools/powerpc-eabivle-4_9/bin/../lib/gcc/powerpc-eabivle/4.9.4/e200z4/fp\libgcc.a(_sf_to_df.o) (__make_dp)
c:/nxp/s32ds_power_v2.1/s32ds/build_tools/powerpc-eabivle-4_9/bin/../lib/gcc/powerpc-eabivle/4.9.4/e200z4/fp\libgcc.a(_df_to_sf.o)
                              ./src/HAL/CAN_DBC_Lib.o (__truncdfsf2)
[...]
Memory Configuration

Name             Origin             Length             Attributes
flash_rchw       0x00fa0000         0x00000004
cpu0_reset_vec   0x00fa0010         0x00000004
cpu1_reset_vec   0x00fa0014         0x00000004
ccp_acr_rom      0x01000000         0x00003180
ccp_avas_rom     0x01003180         0x00000080
ccp_chrg_rom     0x01003200         0x00000100
ccp_dhp_rom      0x01003300         0x00000600
ccp_dim_rom      0x01003900         0x00001780
ccp_dom_rom      0x01005080         0x00000980
ccp_dsi_rom      0x01005a00         0x00000080
ccp_enm_rom      0x01005a80         0x00000500
ccp_hali_rom     0x01005f80         0x00000280
ccp_nm_rom       0x01006200         0x00000080
ccp_peps_rom     0x01006280         0x00000100
ccp_pmm_rom      0x01006380         0x00000100
ccp_scr_rom      0x01006480         0x00000f00
ccp_tmm_rom      0x01007380         0x00000600
ccp_tqfrate_rom  0x01007980         0x00000b00
ccp_tqm_rom      0x01008480         0x00005b80
ccp_bsw_rom      0x0100e000         0x00000080
ccp_btk_rom      0x0100e080         0x00000080
m_text           0x01040000         0x001c0000
m_data           0x40000000         0x00018000
history_ram1     0x40018000         0x00000100
history_ram2     0x40018100         0x00000400
ccp_acr_ram      0x40018500         0x00003180
ccp_avas_ram     0x4001b680         0x00000080
ccp_chrg_ram     0x4001b700         0x00000100
ccp_dhp_ram      0x4001b800         0x00000600
ccp_dim_ram      0x4001be00         0x00001780
ccp_dom_ram      0x4001d580         0x00000980
ccp_dsi_ram      0x4001df00         0x00000080
ccp_enm_ram      0x4001df80         0x00000500
ccp_hali_ram     0x4001e480         0x00000280
ccp_nm_ram       0x4001e700         0x00000080
ccp_peps_ram     0x4001e780         0x00000100
ccp_pmm_ram      0x4001e880         0x00000100
ccp_scr_ram      0x4001e980         0x00000f00
ccp_tmm_ram      0x4001f880         0x00000600
ccp_tqfrate_ram  0x4001fe80         0x00000b00
ccp_tqm_ram      0x40020980         0x00005b80
ccp_bsw_ram      0x40026500         0x00000080
ccp_btk_ram      0x40026580         0x00000080
local_imem       0x51000000         0x00004000
local_dmem       0x51800000         0x00008000
*default*        0x00000000         0xffffffff

Linker script and memory map

LOAD c:/nxp/s32ds_power_v2.1/s32ds/build_tools/powerpc-eabivle-4_9/bin/../lib/gcc/powerpc-eabivle/4.9.4/e200z4/fp/ecrti.o
LOAD c:/nxp/s32ds_power_v2.1/s32ds/build_tools/powerpc-eabivle-4_9/bin/../lib/gcc/powerpc-eabivle/4.9.4/e200z4/fp/crtbegin.o
LOAD ./Project_Settings/Startup_Code/startup.o
LOAD ./src/APP/BTK_ACT_PEPS.o
LOAD ./src/APP/BTK_Cal_Data.o
LOAD ./src/APP/BTK_Model.o
LOAD ./src/APP/BTK_Model_data.o
LOAD ./src/APP/BTK_lib.o
LOAD ./src/APP/DIM_model.o
LOAD ./src/APP/DOM_model.o
LOAD ./src/HAL/BASE/ADC.o
LOAD ./src/HAL/BASE/CAN.o
LOAD ./src/HAL/BASE/DataStruct.o
LOAD ./src/HAL/BASE/FEC.o
LOAD ./src/HAL/BASE/GPIO.o
LOAD ./src/HAL/BASE/Lin.o
LOAD ./src/HAL/BASE/SPI.o
LOAD ./src/HAL/BASE/SYS.o
LOAD ./src/HAL/BASE/eMIOS.o
LOAD ./src/HAL/BASE/eTPU.o
LOAD ./src/HAL/BASE/flash.o
LOAD ./src/HAL/BASE/etpu_set/etpu/_utils/etpu_util.o
LOAD ./src/HAL/BASE/etpu_set/etpu/fpm/etpu_fpm.o
LOAD ./src/HAL/BASE/etpu_set/etpu/pwm/etpu_pwm.o
LOAD ./src/HAL/BASE/etpu_set/untitled_etpu_gct.o
LOAD ./src/HAL/BTK/BTK_ESCL.o
LOAD ./src/HAL/CAN_DBC_Lib.o
LOAD ./src/HAL/CAN_Operation.o
LOAD ./src/HAL/Global.o
LOAD ./src/HAL/History_Data.o
LOAD ./src/HAL/Interrupt.o
LOAD ./src/HAL/System.o
LOAD ./src/HAL/Task.o
LOAD ./src/HAL/TaskLib.o
LOAD ./src/HAL/CCP/CCP.o
LOAD ./src/HAL/EXCHANGE/EX_Code.o
LOAD ./src/HAL/EXCHANGE/EX_Data.o
LOAD ./src/HAL/EXCHANGE/EX_Lib.o
LOAD ./src/HAL/Klima/Kilma_Lin.o
LOAD ./src/HAL/Modules/BTS.o
LOAD ./src/HAL/Modules/FS6500.o
LOAD ./src/HAL/Modules/LinDevice.o
LOAD ./src/HAL/Modules/M95128.o
LOAD ./src/HAL/Modules/NCV7240B.o
LOAD ./src/HAL/Modules/NCV7513B.o
LOAD ./src/HAL/Modules/NCV7719.o
LOAD ./src/HAL/Modules/TJA1100.o
LOAD ./src/MPC57xx__Interrupt_Init.o
LOAD ./src/Vector.o
LOAD ./src/flashrchw.o
LOAD ./src/intc_SW_mode_isr_vectors_MPC574xR.o
LOAD ./src/intc_sw_handlers.o
LOAD ./src/main_Z4_1.o
START GROUP
LOAD C:/NXP/S32DS_Power_v2.1/S32DS/build_tools/e200_ewl2/lib/e200z4/fp\libc99.a
LOAD C:/NXP/S32DS_Power_v2.1/S32DS/build_tools/e200_ewl2/lib/e200z4/fp\libm.a
LOAD c:/nxp/s32ds_power_v2.1/s32ds/build_tools/powerpc-eabivle-4_9/bin/../lib/gcc/powerpc-eabivle/4.9.4/e200z4/fp\libgcc.a
LOAD C:/NXP/S32DS_Power_v2.1/S32DS/build_tools/e200_ewl2/lib/e200z4/fp\librt.a
END GROUP
LOAD c:/nxp/s32ds_power_v2.1/s32ds/build_tools/powerpc-eabivle-4_9/bin/../lib/gcc/powerpc-eabivle/4.9.4/e200z4/fp/crtend.o
LOAD c:/nxp/s32ds_power_v2.1/s32ds/build_tools/powerpc-eabivle-4_9/bin/../lib/gcc/powerpc-eabivle/4.9.4/e200z4/fp/ecrtn.o
                0x00000000                __HEAP_SIZE = 0x0
                0x00001000                __STACK_SIZE = 0x1000
                0x00040000                SRAM_SIZE = 0x40000
                0x40000000                SRAM_BASE_ADDR = 0x40000000
                0x00004000                LOCALIMEM_SIZE = 0x4000
                0x51000000                LOCALIMEM_BASE_ADDR = 0x51000000
                0x00008000                LOCALDMEM_SIZE = 0x8000
                0x51800000                LOCALDMEM_BASE_ADDR = 0x51800000

.rchw           0x00fa0000        0x4
 *(.rchw)
 .rchw          0x00fa0000        0x4 ./src/flashrchw.o
                0x00fa0000                RCHW1

.cpu0_reset_vector
                0x00fa0010        0x4
 *(.cpu0_reset_vector)
 .cpu0_reset_vector
                0x00fa0010        0x4 ./src/flashrchw.o
                0x00fa0010                RCHW2_0

.cpu1_reset_vector
                0x00fa0014        0x4
 *(.cpu1_reset_vector)
 .cpu1_reset_vector
                0x00fa0014        0x4 ./src/flashrchw.o
                0x00fa0014                RCHW2_1

.startup        0x01040000      0x25e
                0x01040000                __start = .
 *(.startup)
 .startup       0x01040000      0x25e ./Project_Settings/Startup_Code/startup.o
                0x01040000                _start

.core_exceptions_table
                0x01041000       0xf4
                0x01041000                __IVPR_VALUE = .
 *(.core_exceptions_table)
 .core_exceptions_table
                0x01041000       0xf4 ./src/Vector.o
                0x01041000                VTABLE
                0x01041000                IVOR0_Vector
                0x01041010                IVOR1_Vector
                0x01041020                IVOR2_Vector
                0x01041030                IVOR3_Vector
                0x01041040                IVOR4_Vector
                0x01041050                IVOR5_Vector
                0x01041060                IVOR6_Vector
                0x01041070                IVOR7_Vector
                0x01041080                IVOR8_Vector
                0x01041090                IVOR9_Vector
                0x010410a0                IVOR10_Vector
                0x010410b0                IVOR11_Vector
                0x010410c0                IVOR12_Vector
                0x010410d0                IVOR13_Vector
                0x010410e0                IVOR14_Vector
                0x010410f0                IVOR15_Vector

.intc_vector_table
                0x01042000      0xea8
 *(.intc_vector_table)
 .intc_vector_table
                0x01042000      0xea8 ./src/intc_SW_mode_isr_vectors_MPC574xR.o
                0x01042000                IntcIsrVectorTable

.text           0x01042eb0    0x34220
 *(.text.startup)
 *(.text)
 .text          0x01042eb0      0x16c c:/nxp/s32ds_power_v2.1/s32ds/build_tools/powerpc-eabivle-4_9/bin/../lib/gcc/powerpc-eabivle/4.9.4/e200z4/fp/crtbegin.o
 *fill*         0x0104301c        0x4 
 .text          0x01043020       0x48 ./src/intc_sw_handlers.o
                0x01043020                IVOR4_Handler
 .text          0x01043068       0x56 c:/nxp/s32ds_power_v2.1/s32ds/build_tools/powerpc-eabivle-4_9/bin/../lib/gcc/powerpc-eabivle/4.9.4/e200z4/fp\libgcc.a(_fixunsdfsi.o)
                0x01043068                __fixunsdfsi
 *fill*         0x010430be        0x2 
 .text          0x010430c0       0x38 c:/nxp/s32ds_power_v2.1/s32ds/build_tools/powerpc-eabivle-4_9/bin/../lib/gcc/powerpc-eabivle/4.9.4/e200z4/fp\libgcc.a(_sf_to_df.o)
                0x010430c0                __extendsfdf2
 .text          0x010430f8      0x37e c:/nxp/s32ds_power_v2.1/s32ds/build_tools/powerpc-eabivle-4_9/bin/../lib/gcc/powerpc-eabivle/4.9.4/e200z4/fp\libgcc.a(_addsub_df.o)
                0x010433b8                __adddf3
                0x01043414                __subdf3
 *fill*         0x01043476        0x2 
 .text          0x01043478      0x26c c:/nxp/s32ds_power_v2.1/s32ds/build_tools/powerpc-eabivle-4_9/bin/../lib/gcc/powerpc-eabivle/4.9.4/e200z4/fp\libgcc.a(_mul_df.o)
                0x01043478                __muldf3
 .text          0x010436e4      0x17e c:/nxp/s32ds_power_v2.1/s32ds/build_tools/powerpc-eabivle-4_9/bin/../lib/gcc/powerpc-eabivle/4.9.4/e200z4/fp\libgcc.a(_div_df.o)
                0x010436e4                __divdf3
 *fill*         0x01043862        0x2 
 .text          0x01043864       0x64 c:/nxp/s32ds_power_v2.1/s32ds/build_tools/powerpc-eabivle-4_9/bin/../lib/gcc/powerpc-eabivle/4.9.4/e200z4/fp\libgcc.a(_gt_df.o)
                0x01043864                __gtdf2
 .text          0x010438c8       0x64 c:/nxp/s32ds_power_v2.1/s32ds/build_tools/powerpc-eabivle-4_9/bin/../lib/gcc/powerpc-eabivle/4.9.4/e200z4/fp\libgcc.a(_ge_df.o)
                0x010438c8                __gedf2
 .text          0x0104392c       0x64 c:/nxp/s32ds_power_v2.1/s32ds/build_tools/powerpc-eabivle-4_9/bin/../lib/gcc/powerpc-eabivle/4.9.4/e200z4/fp\libgcc.a(_lt_df.o)
                0x0104392c                __ltdf2
 .text          0x01043990       0x84 c:/nxp/s32ds_power_v2.1/s32ds/build_tools/powerpc-eabivle-4_9/bin/../lib/gcc/powerpc-eabivle/4.9.4/e200z4/fp\libgcc.a(_si_to_df.o)
                0x01043990                __floatsidf
 .text          0x01043a14       0xac c:/nxp/s32ds_power_v2.1/s32ds/build_tools/powerpc-eabivle-4_9/bin/../lib/gcc/powerpc-eabivle/4.9.4/e200z4/fp\libgcc.a(_df_to_si.o)
                0x01043a14                __fixdfsi
 .text          0x01043ac0       0x26 c:/nxp/s32ds_power_v2.1/s32ds/build_tools/powerpc-eabivle-4_9/bin/../lib/gcc/powerpc-eabivle/4.9.4/e200z4/fp\libgcc.a(_make_df.o)
                0x01043ac0                __make_dp
 *fill*         0x01043ae6        0x2 
 .text          0x01043ae8       0x44 c:/nxp/s32ds_power_v2.1/s32ds/build_tools/powerpc-eabivle-4_9/bin/../lib/gcc/powerpc-eabivle/4.9.4/e200z4/fp\libgcc.a(_df_to_sf.o)
                0x01043ae8                __truncdfsf2
 .text          0x01043b2c       0x70 c:/nxp/s32ds_power_v2.1/s32ds/build_tools/powerpc-eabivle-4_9/bin/../lib/gcc/powerpc-eabivle/4.9.4/e200z4/fp\libgcc.a(_usi_to_df.o)
                0x01043b2c                __floatunsidf
 .text          0x01043b9c       0x52 c:/nxp/s32ds_power_v2.1/s32ds/build_tools/powerpc-eabivle-4_9/bin/../lib/gcc/powerpc-eabivle/4.9.4/e200z4/fp\libgcc.a(e200crtresxgpr.o)
                0x01043b9c                _restgpr_14_x
                0x01043ba0                _restgpr_15_x
                0x01043ba4                _restgpr_16_x
                0x01043ba8                _restgpr_17_x
                0x01043bac                _restgpr_18_x
                0x01043bb0                _restgpr_19_x
                0x01043bb4                _restgpr_20_x
                0x01043bb8                _restgpr_21_x
                0x01043bbc                _restgpr_22_x
                0x01043bc0                _restgpr_23_x
                0x01043bc4                _restgpr_24_x
                0x01043bc8                _restgpr_25_x
                0x01043bcc                _restgpr_26_x
                0x01043bd0                _restgpr_27_x
                0x01043bd4                _restgpr_28_x
                0x01043bd8                _restgpr_29_x
                0x01043bdc                _restgpr_30_x
                0x01043be0                _restgpr_31_x
 .text          0x01043bee       0x4a c:/nxp/s32ds_power_v2.1/s32ds/build_tools/powerpc-eabivle-4_9/bin/../lib/gcc/powerpc-eabivle/4.9.4/e200z4/fp\libgcc.a(eabivle.o)
                0x01043bee                __eabi
 .text          0x01043c38       0x80 c:/nxp/s32ds_power_v2.1/s32ds/build_tools/powerpc-eabivle-4_9/bin/../lib/gcc/powerpc-eabivle/4.9.4/e200z4/fp\libgcc.a(_unpack_sf.o)
                0x01043c38                __unpack_f
 .text          0x01043cb8       0x20 c:/nxp/s32ds_power_v2.1/s32ds/build_tools/powerpc-eabivle-4_9/bin/../lib/gcc/powerpc-eabivle/4.9.4/e200z4/fp\libgcc.a(_make_sf.o)
                0x01043cb8                __make_fp
 .text          0x01043cd8      0x1e6 c:/nxp/s32ds_power_v2.1/s32ds/build_tools/powerpc-eabivle-4_9/bin/../lib/gcc/powerpc-eabivle/4.9.4/e200z4/fp\libgcc.a(_pack_df.o)
                0x01043cd8                __pack_d
 *fill*         0x01043ebe        0x2 
 .text          0x01043ec0       0xb0 c:/nxp/s32ds_power_v2.1/s32ds/build_tools/powerpc-eabivle-4_9/bin/../lib/gcc/powerpc-eabivle/4.9.4/e200z4/fp\libgcc.a(_unpack_df.o)
                0x01043ec0                __unpack_d
 .text          0x01043f70       0xc6 c:/nxp/s32ds_power_v2.1/s32ds/build_tools/powerpc-eabivle-4_9/bin/../lib/gcc/powerpc-eabivle/4.9.4/e200z4/fp\libgcc.a(_fpcmp_parts_df.o)
                0x01043f70                __fpcmp_parts_d
 *fill*         0x01044036        0x2 
 .text          0x01044038      0x118 c:/nxp/s32ds_power_v2.1/s32ds/build_tools/powerpc-eabivle-4_9/bin/../lib/gcc/powerpc-eabivle/4.9.4/e200z4/fp\libgcc.a(_pack_sf.o)
                0x01044038                __pack_f
 .text          0x01044150       0x48 c:/nxp/s32ds_power_v2.1/s32ds/build_tools/powerpc-eabivle-4_9/bin/../lib/gcc/powerpc-eabivle/4.9.4/e200z4/fp/crtend.o
 *(.text.*)
 .text.BTK_Model_OFFUpSSBTrigger
                0x01044198       0x66 ./src/APP/BTK_ACT_PEPS.o
 *fill*         0x010441fe        0x2 
 .text.BTK_Model_SleepAllw
                0x01044200       0xe8 ./src/APP/BTK_ACT_PEPS.o
 .text.BTK_Model_ClearAllFlags
                0x010442e8       0x4a ./src/APP/BTK_ACT_PEPS.o
 *fill*         0x01044332        0x2 
 .text.BTK_Model_StartDownAllw
                0x01044334       0x62 ./src/APP/BTK_ACT_PEPS.o
 *fill*         0x01044396        0x2 
 .text.BTK_Mode_enter_internal_BTK_OFF
                0x01044398       0xbc ./src/APP/BTK_ACT_PEPS.o
 .text.BTK_Model_HVWOtoSTART
                0x01044454       0x62 ./src/APP/BTK_ACT_PEPS.o
 *fill*         0x010444b6        0x2 
 .text.BTK_Model_HVWOtoOFF
                0x010444b8       0x2e ./src/APP/BTK_ACT_PEPS.o
 *fill*         0x010444e6        0x2 
 .text.BTK_Model_LVUporDnAllw
                0x010444e8       0xca ./src/APP/BTK_ACT_PEPS.o
 *fill*         0x010445b2        0x2 
 .text.BTK_Model_BTK_ACT_PEPS_Init
                0x010445b4      0x182 ./src/APP/BTK_ACT_PEPS.o
                0x010445b4                BTK_Model_BTK_ACT_PEPS_Init
 *fill*         0x01044736        0x2 
 .text.BTK_Model_BTK_ACT_PEPS
                0x01044738      0xda8 ./src/APP/BTK_ACT_PEPS.o
                0x01044738                BTK_Model_BTK_ACT_PEPS
 .text.BTK_Model_BTK_Module_Init
                0x010454e0       0x22 ./src/APP/BTK_Model.o
                0x010454e0                BTK_Model_BTK_Module_Init
 *fill*         0x01045502        0x2 
 .text.BTK_Model_BTK_Module
                0x01045504       0x82 ./src/APP/BTK_Model.o
                0x01045504                BTK_Model_BTK_Module
 *fill*         0x01045586        0x2 
 .text.BTK_Model_step
                0x01045588       0x22 ./src/APP/BTK_Model.o
                0x01045588                BTK_Model_step
 *fill*         0x010455aa        0x2 
 .text.BTK_Model_initialize
                0x010455ac       0x8c ./src/APP/BTK_Model.o
                0x010455ac                BTK_Model_initialize
 .text.BTK_Model_BTK_Delay_Confirm
                0x01045638      0x150 ./src/APP/BTK_lib.o
                0x01045638                BTK_Model_BTK_Delay_Confirm
 .text.BTK_Model_BTKSignalConfirm
                0x01045788       0x9a ./src/APP/BTK_lib.o
                0x01045788                BTK_Model_BTKSignalConfirm
 *fill*         0x01045822        0x2 
 .text.DIM_model_step
                0x01045824       0x82 ./src/APP/DIM_model.o
                0x01045824                DIM_model_step
 *fill*         0x010458a6        0x2 
 .text.DIM_model_initialize
                0x010458a8       0x14 ./src/APP/DIM_model.o
                0x010458a8                DIM_model_initialize
 .text.DOM_model_step
                0x010458bc      0x174 ./src/APP/DOM_model.o
                0x010458bc                DOM_model_step
 .text.DOM_model_initialize
                0x01045a30       0x28 ./src/APP/DOM_model.o
                0x01045a30                DOM_model_initialize
 .text.SARADC_Init
                0x01045a58      0x214 ./src/HAL/BASE/ADC.o
                0x01045a58                SARADC_Init
 .text.SARADC_GetAll
                0x01045c6c      0x31c ./src/HAL/BASE/ADC.o
                0x01045c6c                SARADC_GetAll
 .text.SARADC_Get1
                0x01045f88      0x124 ./src/HAL/BASE/ADC.o
                0x01045f88                SARADC_Get1
 .text.CAN_Send
                0x010460ac      0x2f4 ./src/HAL/BASE/CAN.o
                0x010460ac                CAN_Send
 .text.CAN_Recive_Get
                0x010463a0      0x2b4 ./src/HAL/BASE/CAN.o
                0x010463a0                CAN_Recive_Get
 .text.CAN_Recive_GetWithID
                0x01046654      0x3a6 ./src/HAL/BASE/CAN.o
                0x01046654                CAN_Recive_GetWithID
 *fill*         0x010469fa        0x2 
 .text.FLEXCAN_0_Init
                0x010469fc      0x422 ./src/HAL/BASE/CAN.o
                0x010469fc                FLEXCAN_0_Init
 *fill*         0x01046e1e        0x2 
 .text.FLEXCAN_1_Init
                0x01046e20      0x47c ./src/HAL/BASE/CAN.o
                0x01046e20                FLEXCAN_1_Init
 .text.FLEXCAN_2_Init
                0x0104729c      0x47c ./src/HAL/BASE/CAN.o
                0x0104729c                FLEXCAN_2_Init
 .text.FLEXCAN_3_Init
                0x01047718      0x4d2 ./src/HAL/BASE/CAN.o
                0x01047718                FLEXCAN_3_Init
 *fill*         0x01047bea        0x2 
 .text.FEC_PadConfig
                0x01047bec       0xe6 ./src/HAL/BASE/FEC.o
                0x01047bec                FEC_PadConfig
 *fill*         0x01047cd2        0x2 
 .text.FEC_DataConfig
                0x01047cd4       0xd8 ./src/HAL/BASE/FEC.o
                0x01047cd4                FEC_DataConfig
 .text.FEC_Init
                0x01047dac      0x15e ./src/HAL/BASE/FEC.o
                0x01047dac                FEC_Init
 *fill*         0x01047f0a        0x2 
 .text.FEC_ConfigAllowRx
                0x01047f0c       0x46 ./src/HAL/BASE/FEC.o
                0x01047f0c                FEC_ConfigAllowRx
 *fill*         0x01047f52        0x2 
 .text.FEC_ConfigAllowTx
                0x01047f54       0x46 ./src/HAL/BASE/FEC.o
                0x01047f54                FEC_ConfigAllowTx
 *fill*         0x01047f9a        0x2 
 .text.ENET_Init
                0x01047f9c      0x12e ./src/HAL/BASE/FEC.o
                0x01047f9c                ENET_Init
 *fill*         0x010480ca        0x2 
 .text.ENET_Cycle
                0x010480cc       0xfe ./src/HAL/BASE/FEC.o
                0x010480cc                ENET_Cycle
 *fill*         0x010481ca        0x2 
 .text.ENET_TX  0x010481cc       0x8a ./src/HAL/BASE/FEC.o
                0x010481cc                ENET_TX
 *fill*         0x01048256        0x2 
 .text.ENET_SetTxStatusComplete
                0x01048258       0x20 ./src/HAL/BASE/FEC.o
                0x01048258                ENET_SetTxStatusComplete
 .text.ENET_CopyRxFrame
                0x01048278       0x48 ./src/HAL/BASE/FEC.o
                0x01048278                ENET_CopyRxFrame
 .text.ENET_StartReceive
                0x010482c0       0x40 ./src/HAL/BASE/FEC.o
                0x010482c0                ENET_StartReceive
 .text.FEC_ReadManagementFrame
                0x01048300       0xfc ./src/HAL/BASE/FEC.o
                0x01048300                FEC_ReadManagementFrame
 .text.FEC_WriteManagementFrame
                0x010483fc       0xf4 ./src/HAL/BASE/FEC.o
                0x010483fc                FEC_WriteManagementFrame
 .text.FEC_GetPhyAddress
                0x010484f0       0xdc ./src/HAL/BASE/FEC.o
                0x010484f0                FEC_GetPhyAddress
 .text.SIUL_DigitalInput
                0x010485cc       0x52 ./src/HAL/BASE/GPIO.o
                0x010485cc                SIUL_DigitalInput
 *fill*         0x0104861e        0x2 
 .text.SIUL_DigitalInputSimple
                0x01048620       0x34 ./src/HAL/BASE/GPIO.o
                0x01048620                SIUL_DigitalInputSimple
 .text.SIUL_AnalogInput
                0x01048654       0x32 ./src/HAL/BASE/GPIO.o
                0x01048654                SIUL_AnalogInput
 *fill*         0x01048686        0x2 
 .text.SIUL_DigitalInput_LINRX
                0x01048688       0x52 ./src/HAL/BASE/GPIO.o
                0x01048688                SIUL_DigitalInput_LINRX
 *fill*         0x010486da        0x2 
 .text.SIUL_DigitalOutput_LINTX
                0x010486dc       0x34 ./src/HAL/BASE/GPIO.o
                0x010486dc                SIUL_DigitalOutput_LINTX
 .text.SIUL_DigitalOutput
                0x01048710       0x32 ./src/HAL/BASE/GPIO.o
                0x01048710                SIUL_DigitalOutput
 *fill*         0x01048742        0x2 
 .text.SIUL_DigitalIO
                0x01048744       0x34 ./src/HAL/BASE/GPIO.o
                0x01048744                SIUL_DigitalIO
 .text.SIUL_SetPad
                0x01048778       0x2a ./src/HAL/BASE/GPIO.o
                0x01048778                SIUL_SetPad
 *fill*         0x010487a2        0x2 
 .text.SIUL_ClearPad
                0x010487a4       0x2a ./src/HAL/BASE/GPIO.o
                0x010487a4                SIUL_ClearPad
 *fill*         0x010487ce        0x2 
 .text.SIUL_GetPadState
                0x010487d0       0x2a ./src/HAL/BASE/GPIO.o
                0x010487d0                SIUL_GetPadState
 *fill*         0x010487fa        0x2 
 .text.LIN_ChangeBaudRate
                0x010487fc       0xfa ./src/HAL/BASE/Lin.o
                0x010487fc                LIN_ChangeBaudRate
 *fill*         0x010488f6        0x2 
 .text.LIN_Init
                0x010488f8       0xa4 ./src/HAL/BASE/Lin.o
                0x010488f8                LIN_Init
 .text.LIN_MasterTxFrame
                0x0104899c       0x74 ./src/HAL/BASE/Lin.o
                0x0104899c                LIN_MasterTxFrame
 .text.LIN_Tx   0x01048a10       0x58 ./src/HAL/BASE/Lin.o
                0x01048a10                LIN_Tx
 .text.LIN_CheckTx
                0x01048a68       0x62 ./src/HAL/BASE/Lin.o
                0x01048a68                LIN_CheckTx
 *fill*         0x01048aca        0x2 
 .text.LIN_Rx_TxHead
                0x01048acc       0x54 ./src/HAL/BASE/Lin.o
                0x01048acc                LIN_Rx_TxHead
 .text.LIN_CheckRx
                0x01048b20       0x62 ./src/HAL/BASE/Lin.o
                0x01048b20                LIN_CheckRx
 *fill*         0x01048b82        0x2 
 .text.LIN_CopyToArray
                0x01048b84       0x86 ./src/HAL/BASE/Lin.o
                0x01048b84                LIN_CopyToArray
 *fill*         0x01048c0a        0x2 
 .text.LIN_Task
                0x01048c0c      0x402 ./src/HAL/BASE/Lin.o
                0x01048c0c                LIN_Task
 *fill*         0x0104900e        0x2 
 .text.LIN_Set_MessageData
                0x01049010       0x52 ./src/HAL/BASE/Lin.o
                0x01049010                LIN_Set_MessageData
 *fill*         0x01049062        0x2 
 .text.LIN_AutoSetTable
                0x01049064      0x138 ./src/HAL/BASE/Lin.o
                0x01049064                LIN_AutoSetTable
 .text.LIN_MasterTxFrame_WithDlc
                0x0104919c       0x92 ./src/HAL/BASE/Lin.o
                0x0104919c                LIN_MasterTxFrame_WithDlc
 *fill*         0x0104922e        0x2 
 .text.LIN_MasterRxFrame_WithDlc
                0x01049230      0x160 ./src/HAL/BASE/Lin.o
                0x01049230                LIN_MasterRxFrame_WithDlc
 .text.DSPI_0_Master_Init
                0x01049390      0x25e ./src/HAL/BASE/SPI.o
                0x01049390                DSPI_0_Master_Init
 *fill*         0x010495ee        0x2 
 .text.DSPI_1_Master_Init
                0x010495f0      0x310 ./src/HAL/BASE/SPI.o
                0x010495f0                DSPI_1_Master_Init
 .text.DSPI_Send
                0x01049900      0x16e ./src/HAL/BASE/SPI.o
                0x01049900                DSPI_Send
 *fill*         0x01049a6e        0x2 
 .text.DSPI_Read
                0x01049a70       0xfa ./src/HAL/BASE/SPI.o
                0x01049a70                DSPI_Read
 *fill*         0x01049b6a        0x2 
 .text.DSPI_Clock
                0x01049b6c      0x850 ./src/HAL/BASE/SPI.o
                0x01049b6c                DSPI_Clock
 .text.DSPI_RoundBaudRate
                0x0104a3bc      0x388 ./src/HAL/BASE/SPI.o
                0x0104a3bc                DSPI_RoundBaudRate
 .text.SYS_CLOCK_Init
                0x0104a744      0x20e ./src/HAL/BASE/SYS.o
                0x0104a744                SYS_CLOCK_Init
 *fill*         0x0104a952        0x2 
 .text.SYS_RT_Init
                0x0104a954       0xe2 ./src/HAL/BASE/SYS.o
                0x0104a954                SYS_RT_Init
 *fill*         0x0104aa36        0x2 
 .text.SYS_Shut10msTimer
                0x0104aa38       0x54 ./src/HAL/BASE/SYS.o
                0x0104aa38                SYS_Shut10msTimer
 .text.SYS_Reset10msTimer
                0x0104aa8c       0x74 ./src/HAL/BASE/SYS.o
                0x0104aa8c                SYS_Reset10msTimer
 .text.wait_micsec
                0x0104ab00       0xb2 ./src/HAL/BASE/SYS.o
                0x0104ab00                wait_micsec
 *fill*         0x0104abb2        0x2 
 .text.StartTimer
                0x0104abb4       0xae ./src/HAL/BASE/SYS.o
                0x0104abb4                StartTimer
 *fill*         0x0104ac62        0x2 
 .text.GetTimerAndShut
                0x0104ac64       0xae ./src/HAL/BASE/SYS.o
                0x0104ac64                GetTimerAndShut
 *fill*         0x0104ad12        0x2 
 .text.SYS_Enable_EXTInterrupt
                0x0104ad14       0x22 ./src/HAL/BASE/SYS.o
                0x0104ad14                SYS_Enable_EXTInterrupt
 *fill*         0x0104ad36        0x2 
 .text.SYS_Disable_EXTInterrupt
                0x0104ad38       0x22 ./src/HAL/BASE/SYS.o
                0x0104ad38                SYS_Disable_EXTInterrupt
 *fill*         0x0104ad5a        0x2 
 .text.GetEMIOS1_13
                0x0104ad5c      0x26e ./src/HAL/BASE/eMIOS.o
                0x0104ad5c                GetEMIOS1_13
 *fill*         0x0104afca        0x2 
 .text.GetEMIOS1_16
                0x0104afcc      0x26e ./src/HAL/BASE/eMIOS.o
                0x0104afcc                GetEMIOS1_16
 *fill*         0x0104b23a        0x2 
 .text.GetEMIOS1_17
                0x0104b23c      0x26e ./src/HAL/BASE/eMIOS.o
                0x0104b23c                GetEMIOS1_17
 *fill*         0x0104b4aa        0x2 
 .text.GetEMIOS1_20
                0x0104b4ac      0x26e ./src/HAL/BASE/eMIOS.o
                0x0104b4ac                GetEMIOS1_20
 *fill*         0x0104b71a        0x2 
 .text.GetEMIOS0_9
                0x0104b71c      0x26e ./src/HAL/BASE/eMIOS.o
                0x0104b71c                GetEMIOS0_9
 *fill*         0x0104b98a        0x2 
 .text.GetEMIOS0_10
                0x0104b98c      0x26e ./src/HAL/BASE/eMIOS.o
                0x0104b98c                GetEMIOS0_10
 *fill*         0x0104bbfa        0x2 
 .text.GetEMIOS0_12
                0x0104bbfc      0x26e ./src/HAL/BASE/eMIOS.o
                0x0104bbfc                GetEMIOS0_12
 *fill*         0x0104be6a        0x2 
 .text.GetEMIOS0_18
                0x0104be6c      0x26e ./src/HAL/BASE/eMIOS.o
                0x0104be6c                GetEMIOS0_18
 *fill*         0x0104c0da        0x2 
 .text.eMIOS_Init_All
                0x0104c0dc       0x4a ./src/HAL/BASE/eMIOS.o
                0x0104c0dc                eMIOS_Init_All
 *fill*         0x0104c126        0x2 
 .text.AgingTest_eMIOS_IO_InitAll
                0x0104c128       0x9a ./src/HAL/BASE/eMIOS.o
                0x0104c128                AgingTest_eMIOS_IO_InitAll
 *fill*         0x0104c1c2        0x2 
 .text.AgingTest_eMIOS_Init_All
                0x0104c1c4       0x4a ./src/HAL/BASE/eMIOS.o
                0x0104c1c4                AgingTest_eMIOS_Init_All
 *fill*         0x0104c20e        0x2 
 .text.eMIOS_IO_InitAll
                0x0104c210       0x9a ./src/HAL/BASE/eMIOS.o
                0x0104c210                eMIOS_IO_InitAll
 *fill*         0x0104c2aa        0x2 
 .text.eMIOS_INT_InitAll
                0x0104c2ac       0x74 ./src/HAL/BASE/eMIOS.o
                0x0104c2ac                eMIOS_INT_InitAll
 .text.eMIOS_Close
                0x0104c320       0x6a ./src/HAL/BASE/eMIOS.o
                0x0104c320                eMIOS_Close
 *fill*         0x0104c38a        0x2 
 .text.eMIOS_Start
                0x0104c38c       0x70 ./src/HAL/BASE/eMIOS.o
                0x0104c38c                eMIOS_Start
 .text.eMIOS_Init
                0x0104c3fc      0x1ea ./src/HAL/BASE/eMIOS.o
                0x0104c3fc                eMIOS_Init
 *fill*         0x0104c5e6        0x2 
 .text.eMIOS_CalculationAll
                0x0104c5e8       0x4e ./src/HAL/BASE/eMIOS.o
                0x0104c5e8                eMIOS_CalculationAll
 *fill*         0x0104c636        0x2 
 .text.eMIOS_Calculation
                0x0104c638      0x168 ./src/HAL/BASE/eMIOS.o
                0x0104c638                eMIOS_Calculation
 .text.eMIOS_cycle
                0x0104c7a0      0x118 ./src/HAL/BASE/eMIOS.o
                0x0104c7a0                eMIOS_cycle
 .text.eTPU_Init
                0x0104c8b8       0x4a ./src/HAL/BASE/eTPU.o
                0x0104c8b8                eTPU_Init
 *fill*         0x0104c902        0x2 
 .text.eTPU_IO_Init
                0x0104c904       0x5e ./src/HAL/BASE/eTPU.o
                0x0104c904                eTPU_IO_Init
 *fill*         0x0104c962        0x2 
 .text.fs_etpu_init
                0x0104c964      0x218 ./src/HAL/BASE/etpu_set/etpu/_utils/etpu_util.o
                0x0104c964                fs_etpu_init
 .text.fs_etpu_data_ram
                0x0104cb7c       0x48 ./src/HAL/BASE/etpu_set/etpu/_utils/etpu_util.o
                0x0104cb7c                fs_etpu_data_ram
 .text.fs_etpu_disable
                0x0104cbc4       0x36 ./src/HAL/BASE/etpu_set/etpu/_utils/etpu_util.o
                0x0104cbc4                fs_etpu_disable
 *fill*         0x0104cbfa        0x2 
 .text.fs_timer_start
                0x0104cbfc       0x26 ./src/HAL/BASE/etpu_set/etpu/_utils/etpu_util.o
                0x0104cbfc                fs_timer_start
 *fill*         0x0104cc22        0x2 
 .text.fs_etpu_malloc
                0x0104cc24       0x70 ./src/HAL/BASE/etpu_set/etpu/_utils/etpu_util.o
                0x0104cc24                fs_etpu_malloc
 .text.fs_memcpy32
                0x0104cc94       0x62 ./src/HAL/BASE/etpu_set/etpu/_utils/etpu_util.o
                0x0104cc94                fs_memcpy32
 *fill*         0x0104ccf6        0x2 
 .text.fs_memset32
                0x0104ccf8       0x52 ./src/HAL/BASE/etpu_set/etpu/_utils/etpu_util.o
                0x0104ccf8                fs_memset32
 *fill*         0x0104cd4a        0x2 
 .text.fs_etpu_pwm_init
                0x0104cd4c      0x19e ./src/HAL/BASE/etpu_set/etpu/pwm/etpu_pwm.o
                0x0104cd4c                fs_etpu_pwm_init
 *fill*         0x0104ceea        0x2 
 .text.fs_etpu_pwm_update
                0x0104ceec       0xbe ./src/HAL/BASE/etpu_set/etpu/pwm/etpu_pwm.o
                0x0104ceec                fs_etpu_pwm_update
 *fill*         0x0104cfaa        0x2 
 .text.my_system_etpu_init
                0x0104cfac      0x260 ./src/HAL/BASE/etpu_set/untitled_etpu_gct.o
                0x0104cfac                my_system_etpu_init
 .text.my_system_etpu_start
                0x0104d20c      0x168 ./src/HAL/BASE/etpu_set/untitled_etpu_gct.o
                0x0104d20c                my_system_etpu_start
 .text.my_fs_etpu_pwm_update
                0x0104d374       0x46 ./src/HAL/BASE/etpu_set/untitled_etpu_gct.o
                0x0104d374                my_fs_etpu_pwm_update
 *fill*         0x0104d3ba        0x2 
 .text.CallNmRev
                0x0104d3bc       0x36 ./src/HAL/CAN_DBC_Lib.o
                0x0104d3bc                CallNmRev
 *fill*         0x0104d3f2        0x2 
 .text.K11_RecvHandler
                0x0104d3f4     0x24da ./src/HAL/CAN_DBC_Lib.o
                0x0104d3f4                K11_RecvHandler
 *fill*         0x0104f8ce        0x2 
 .text.K11P01_RecvHandler
                0x0104f8d0     0x2544 ./src/HAL/CAN_DBC_Lib.o
                0x0104f8d0                K11P01_RecvHandler
 .text.S11_RecvHandler
                0x01051e14      0x126 ./src/HAL/CAN_DBC_Lib.o
                0x01051e14                S11_RecvHandler
 *fill*         0x01051f3a        0x2 
 .text.A11_RecvHandler
                0x01051f3c     0x3bea ./src/HAL/CAN_DBC_Lib.o
                0x01051f3c                A11_RecvHandler
 *fill*         0x01055b26        0x2 
 .text.S11P03_RecvHandler
                0x01055b28     0x3672 ./src/HAL/CAN_DBC_Lib.o
                0x01055b28                S11P03_RecvHandler
 *fill*         0x0105919a        0x2 
 .text.S11P04_RecvHandler
                0x0105919c     0x3586 ./src/HAL/CAN_DBC_Lib.o
                0x0105919c                S11P04_RecvHandler
 *fill*         0x0105c722        0x2 
 .text.CANDBC_analysis
                0x0105c724      0x1cc ./src/HAL/CAN_DBC_Lib.o
                0x0105c724                CANDBC_analysis
 .text.K11P01_PrepareMessages
                0x0105c8f0       0x18 ./src/HAL/CAN_DBC_Lib.o
                0x0105c8f0                K11P01_PrepareMessages
 .text.S11_PrepareMessages
                0x0105c908      0x1dc ./src/HAL/CAN_DBC_Lib.o
                0x0105c908                S11_PrepareMessages
 .text.S11P01_PrepareMessages
                0x0105cae4       0x18 ./src/HAL/CAN_DBC_Lib.o
                0x0105cae4                S11P01_PrepareMessages
 .text.A11_PrepareMessages
                0x0105cafc       0x18 ./src/HAL/CAN_DBC_Lib.o
                0x0105cafc                A11_PrepareMessages
 .text.S11P03_PrepareMessages
                0x0105cb14       0x18 ./src/HAL/CAN_DBC_Lib.o
                0x0105cb14                S11P03_PrepareMessages
 .text.S11P04_PrepareMessages
                0x0105cb2c       0x18 ./src/HAL/CAN_DBC_Lib.o
                0x0105cb2c                S11P04_PrepareMessages
 .text.S11P05_PrepareMessages
                0x0105cb44       0x18 ./src/HAL/CAN_DBC_Lib.o
                0x0105cb44                S11P05_PrepareMessages
 .text.S21_PrepareMessages
                0x0105cb5c       0x18 ./src/HAL/CAN_DBC_Lib.o
                0x0105cb5c                S21_PrepareMessages
 .text.DOM_PrepareSignals
                0x0105cb74       0xb4 ./src/HAL/CAN_DBC_Lib.o
                0x0105cb74                DOM_PrepareSignals
 .text.CANDBC_gather
                0x0105cc28      0x21c ./src/HAL/CAN_DBC_Lib.o
                0x0105cc28                CANDBC_gather
 .text.K11_GetRecvMsgTicks
                0x0105ce44      0x2b8 ./src/HAL/CAN_DBC_Lib.o
                0x0105ce44                K11_GetRecvMsgTicks
 .text.K11P01_GetRecvMsgTicks
                0x0105d0fc      0x2ca ./src/HAL/CAN_DBC_Lib.o
                0x0105d0fc                K11P01_GetRecvMsgTicks
 *fill*         0x0105d3c6        0x2 
 .text.S11_GetRecvMsgTicks
                0x0105d3c8      0x2dc ./src/HAL/CAN_DBC_Lib.o
                0x0105d3c8                S11_GetRecvMsgTicks
 .text.A11_GetRecvMsgTicks
                0x0105d6a4      0x3c2 ./src/HAL/CAN_DBC_Lib.o
                0x0105d6a4                A11_GetRecvMsgTicks
 *fill*         0x0105da66        0x2 
 .text.S11P03_GetRecvMsgTicks
                0x0105da68      0x3a0 ./src/HAL/CAN_DBC_Lib.o
                0x0105da68                S11P03_GetRecvMsgTicks
 .text.S11P04_GetRecvMsgTicks
                0x0105de08      0x39e ./src/HAL/CAN_DBC_Lib.o
                0x0105de08                S11P04_GetRecvMsgTicks
 *fill*         0x0105e1a6        0x2 
 .text.S21_GetRecvMsgTicks
                0x0105e1a8       0x14 ./src/HAL/CAN_DBC_Lib.o
                0x0105e1a8                S21_GetRecvMsgTicks
 .text.CANDBC_TickCycle
                0x0105e1bc      0x31e ./src/HAL/CAN_DBC_Lib.o
                0x0105e1bc                CANDBC_TickCycle
 *fill*         0x0105e4da        0x2 
 .text.CAN_GetValue
                0x0105e4dc      0x25a ./src/HAL/CAN_DBC_Lib.o
                0x0105e4dc                CAN_GetValue
 *fill*         0x0105e736        0x2 
 .text.CAN_Get_MsgDataValue
                0x0105e738      0x14a ./src/HAL/CAN_DBC_Lib.o
                0x0105e738                CAN_Get_MsgDataValue
 *fill*         0x0105e882        0x2 
 .text.CAN_SetValue
                0x0105e884      0x354 ./src/HAL/CAN_DBC_Lib.o
                0x0105e884                CAN_SetValue
 .text.CAN_Set_MsgDataValue
                0x0105ebd8      0x142 ./src/HAL/CAN_DBC_Lib.o
                0x0105ebd8                CAN_Set_MsgDataValue
 *fill*         0x0105ed1a        0x2 
 .text.CANTransimitRandomMessage
                0x0105ed1c      0x3b6 ./src/HAL/CAN_Operation.o
                0x0105ed1c                CANTransimitRandomMessage
 *fill*         0x0105f0d2        0x2 
 .text.CANTransimitPeriodMessage
                0x0105f0d4      0x3b6 ./src/HAL/CAN_Operation.o
                0x0105f0d4                CANTransimitPeriodMessage
 *fill*         0x0105f48a        0x2 
 .text.CANReTransimitPeriodMessage
                0x0105f48c       0xa4 ./src/HAL/CAN_Operation.o
                0x0105f48c                CANReTransimitPeriodMessage
 .text.CAN_Clear_MsgDataValue
                0x0105f530       0xe6 ./src/HAL/CAN_Operation.o
                0x0105f530                CAN_Clear_MsgDataValue
 *fill*         0x0105f616        0x2 
 .text.CAN_Set_ID
                0x0105f618      0x4b6 ./src/HAL/CAN_Operation.o
                0x0105f618                CAN_Set_ID
 *fill*         0x0105face        0x2 
 .text.CAN_Set_Message
                0x0105fad0      0x6f0 ./src/HAL/CAN_Operation.o
                0x0105fad0                CAN_Set_Message
 .text.CAN_Set_MessageFlag
                0x010601c0      0x2ee ./src/HAL/CAN_Operation.o
                0x010601c0                CAN_Set_MessageFlag
 *fill*         0x010604ae        0x2 
 .text.CAN_Set_TxMessageResend
                0x010604b0      0x156 ./src/HAL/CAN_Operation.o
                0x010604b0                CAN_Set_TxMessageResend
 *fill*         0x01060606        0x2 
 .text.CAN_Set_TxMessageUncondition
                0x01060608      0x156 ./src/HAL/CAN_Operation.o
                0x01060608                CAN_Set_TxMessageUncondition
 *fill*         0x0106075e        0x2 
 .text.CAN_Get_Tick
                0x01060760      0x156 ./src/HAL/CAN_Operation.o
                0x01060760                CAN_Get_Tick
 *fill*         0x010608b6        0x2 
 .text.CAN_Get_ID
                0x010608b8      0x14e ./src/HAL/CAN_Operation.o
                0x010608b8                CAN_Get_ID
 *fill*         0x01060a06        0x2 
 .text.CAN_Get_MessageRxTxFlag
                0x01060a08      0x232 ./src/HAL/CAN_Operation.o
                0x01060a08                CAN_Get_MessageRxTxFlag
 *fill*         0x01060c3a        0x2 
 .text.CanNmTx_Handle
                0x01060c3c      0x1b6 ./src/HAL/CAN_Operation.o
                0x01060c3c                CanNmTx_Handle
 *fill*         0x01060df2        0x2 
 .text.CanTx_Handle
                0x01060df4      0xa18 ./src/HAL/CAN_Operation.o
                0x01060df4                CanTx_Handle
 .text.CAN_RX_Begin
                0x0106180c      0x64e ./src/HAL/CAN_Operation.o
                0x0106180c                CAN_RX_Begin
 *fill*         0x01061e5a        0x2 
 .text.CAN2Rx_Handle
                0x01061e5c       0x70 ./src/HAL/CAN_Operation.o
                0x01061e5c                CAN2Rx_Handle
 .text.CAN1Rx_Handle
                0x01061ecc       0x70 ./src/HAL/CAN_Operation.o
                0x01061ecc                CAN1Rx_Handle
 .text.CAN3Rx_Handle
                0x01061f3c       0x70 ./src/HAL/CAN_Operation.o
                0x01061f3c                CAN3Rx_Handle
 .text.CAN0Rx_Handle
                0x01061fac       0x70 ./src/HAL/CAN_Operation.o
                0x01061fac                CAN0Rx_Handle
 .text.Bus_offTaskInit
                0x0106201c       0x3c ./src/HAL/CAN_Operation.o
                0x0106201c                Bus_offTaskInit
 .text.Bus_OffEnableTransmission
                0x01062058       0x56 ./src/HAL/CAN_Operation.o
                0x01062058                Bus_OffEnableTransmission
 *fill*         0x010620ae        0x2 
 .text.Bus_OffHandlerTask
                0x010620b0      0x32c ./src/HAL/CAN_Operation.o
                0x010620b0                Bus_OffHandlerTask
 .text.Bus_AckStopSending
                0x010623dc       0x42 ./src/HAL/CAN_Operation.o
                0x010623dc                Bus_AckStopSending
 *fill*         0x0106241e        0x2 
 .text.Bus_AckReInit
                0x01062420       0x28 ./src/HAL/CAN_Operation.o
                0x01062420                Bus_AckReInit
 .text.Bus_AckHandle
                0x01062448      0x262 ./src/HAL/CAN_Operation.o
                0x01062448                Bus_AckHandle
 *fill*         0x010626aa        0x2 
 .text.CAN_gather
                0x010626ac       0x2a ./src/HAL/CAN_Operation.o
                0x010626ac                CAN_gather
 *fill*         0x010626d6        0x2 
 .text.CAN_analysis
                0x010626d8       0x22 ./src/HAL/CAN_Operation.o
                0x010626d8                CAN_analysis
 *fill*         0x010626fa        0x2 
 .text.INT_CAN0_RX_ISR
                0x010626fc      0x152 ./src/HAL/Interrupt.o
                0x010626fc                INT_CAN0_RX_ISR
 *fill*         0x0106284e        0x2 
 .text.INT_CAN1_RX_ISR
                0x01062850      0x138 ./src/HAL/Interrupt.o
                0x01062850                INT_CAN1_RX_ISR
 .text.INT_CAN2_RX_ISR
                0x01062988      0x138 ./src/HAL/Interrupt.o
                0x01062988                INT_CAN2_RX_ISR
 .text.INT_CAN3_RX_ISR
                0x01062ac0      0x32c ./src/HAL/Interrupt.o
                0x01062ac0                INT_CAN3_RX_ISR
 .text.INT_ENET_TX_ISR
                0x01062dec       0x44 ./src/HAL/Interrupt.o
                0x01062dec                INT_ENET_TX_ISR
 .text.INT_ENET_RX_ISR
                0x01062e30       0x4c ./src/HAL/Interrupt.o
                0x01062e30                INT_ENET_RX_ISR
 .text.INT_RT_ISR
                0x01062e7c      0x324 ./src/HAL/Interrupt.o
                0x01062e7c                INT_RT_ISR
 .text.INT_PIT0_1_ISR
                0x010631a0       0xf2 ./src/HAL/Interrupt.o
                0x010631a0                INT_PIT0_1_ISR
 *fill*         0x01063292        0x2 
 .text.INT_eMIOS0_8_ISR
                0x01063294       0x9e ./src/HAL/Interrupt.o
                0x01063294                INT_eMIOS0_8_ISR
 *fill*         0x01063332        0x2 
 .text.INT_eMIOS0_11_ISR
                0x01063334       0xaa ./src/HAL/Interrupt.o
                0x01063334                INT_eMIOS0_11_ISR
 *fill*         0x010633de        0x2 
 .text.INT_eMIOS0_13_ISR
                0x010633e0       0xaa ./src/HAL/Interrupt.o
                0x010633e0                INT_eMIOS0_13_ISR
 *fill*         0x0106348a        0x2 
 .text.INT_eMIOS0_14_ISR
                0x0106348c       0xaa ./src/HAL/Interrupt.o
                0x0106348c                INT_eMIOS0_14_ISR
 *fill*         0x01063536        0x2 
 .text.INT_eMIOS0_15_ISR
                0x01063538       0xaa ./src/HAL/Interrupt.o
                0x01063538                INT_eMIOS0_15_ISR
 *fill*         0x010635e2        0x2 
 .text.INT_eMIOS0_16_ISR
                0x010635e4       0xaa ./src/HAL/Interrupt.o
                0x010635e4                INT_eMIOS0_16_ISR
 *fill*         0x0106368e        0x2 
 .text.INT_eMIOS0_17_ISR
                0x01063690       0xaa ./src/HAL/Interrupt.o
                0x01063690                INT_eMIOS0_17_ISR
 *fill*         0x0106373a        0x2 
 .text.INT_eMIOS0_19_ISR
                0x0106373c       0xaa ./src/HAL/Interrupt.o
                0x0106373c                INT_eMIOS0_19_ISR
 *fill*         0x010637e6        0x2 
 .text.INT_eMIOS0_20_ISR
                0x010637e8       0xaa ./src/HAL/Interrupt.o
                0x010637e8                INT_eMIOS0_20_ISR
 *fill*         0x01063892        0x2 
 .text.INT_eMIOS0_21_ISR
                0x01063894       0xaa ./src/HAL/Interrupt.o
                0x01063894                INT_eMIOS0_21_ISR
 *fill*         0x0106393e        0x2 
 .text.INT_eMIOS0_22_ISR
                0x01063940       0xaa ./src/HAL/Interrupt.o
                0x01063940                INT_eMIOS0_22_ISR
 *fill*         0x010639ea        0x2 
 .text.INT_eMIOS1_8_ISR
                0x010639ec       0xaa ./src/HAL/Interrupt.o
                0x010639ec                INT_eMIOS1_8_ISR
 *fill*         0x01063a96        0x2 
 .text.INT_eMIOS1_9_ISR
                0x01063a98       0xaa ./src/HAL/Interrupt.o
                0x01063a98                INT_eMIOS1_9_ISR
 *fill*         0x01063b42        0x2 
 .text.INT_eMIOS1_10_ISR
                0x01063b44       0xaa ./src/HAL/Interrupt.o
                0x01063b44                INT_eMIOS1_10_ISR
 *fill*         0x01063bee        0x2 
 .text.INT_eMIOS1_11_ISR
                0x01063bf0       0xaa ./src/HAL/Interrupt.o
                0x01063bf0                INT_eMIOS1_11_ISR
 *fill*         0x01063c9a        0x2 
 .text.INT_eMIOS1_12_ISR
                0x01063c9c       0xaa ./src/HAL/Interrupt.o
                0x01063c9c                INT_eMIOS1_12_ISR
 *fill*         0x01063d46        0x2 
 .text.INT_eMIOS1_14_ISR
                0x01063d48       0xaa ./src/HAL/Interrupt.o
                0x01063d48                INT_eMIOS1_14_ISR
 *fill*         0x01063df2        0x2 
 .text.INT_eMIOS1_15_ISR
                0x01063df4       0xaa ./src/HAL/Interrupt.o
                0x01063df4                INT_eMIOS1_15_ISR
 *fill*         0x01063e9e        0x2 
 .text.INT_eMIOS1_19_ISR
                0x01063ea0       0xaa ./src/HAL/Interrupt.o
                0x01063ea0                INT_eMIOS1_19_ISR
 *fill*         0x01063f4a        0x2 
 .text.INT_eMIOS1_21_ISR
                0x01063f4c       0xaa ./src/HAL/Interrupt.o
                0x01063f4c                INT_eMIOS1_21_ISR
 *fill*         0x01063ff6        0x2 
 .text.INT_eMIOS1_22_ISR
                0x01063ff8       0xaa ./src/HAL/Interrupt.o
                0x01063ff8                INT_eMIOS1_22_ISR
 *fill*         0x010640a2        0x2 
 .text.Init_System
                0x010640a4      0x1e6 ./src/HAL/System.o
                0x010640a4                Init_System
 *fill*         0x0106428a        0x2 
 .text.HAL_Set_HALVersion
                0x0106428c       0x24 ./src/HAL/System.o
                0x0106428c                HAL_Set_HALVersion
 .text.Init_CANRxMessage_K11
                0x010642b0      0x30a ./src/HAL/System.o
                0x010642b0                Init_CANRxMessage_K11
 *fill*         0x010645ba        0x2 
 .text.Init_CANRxMessage_K11P01
                0x010645bc      0x31c ./src/HAL/System.o
                0x010645bc                Init_CANRxMessage_K11P01
 .text.Init_CANRxMessage_S11
                0x010648d8      0x3ce ./src/HAL/System.o
                0x010648d8                Init_CANRxMessage_S11
 *fill*         0x01064ca6        0x2 
 .text.Init_CANRxMessage_S11P01
                0x01064ca8      0x44c ./src/HAL/System.o
                0x01064ca8                Init_CANRxMessage_S11P01
 .text.Init_CANRxMessage_S11P05
                0x010650f4      0x45e ./src/HAL/System.o
                0x010650f4                Init_CANRxMessage_S11P05
 *fill*         0x01065552        0x2 
 .text.Init_CANRxMessage_A11
                0x01065554      0x416 ./src/HAL/System.o
                0x01065554                Init_CANRxMessage_A11
 *fill*         0x0106596a        0x2 
 .text.Init_CANRxMessage_S11P03
                0x0106596c      0x404 ./src/HAL/System.o
                0x0106596c                Init_CANRxMessage_S11P03
 .text.Init_CANRxMessage_S11P04
                0x01065d70      0x3f2 ./src/HAL/System.o
                0x01065d70                Init_CANRxMessage_S11P04
 *fill*         0x01066162        0x2 
 .text.Init_CANRxMessage_S21
                0x01066164      0x44c ./src/HAL/System.o
                0x01066164                Init_CANRxMessage_S21
 .text.Init_CANRxMessage
                0x010665b0      0x25a ./src/HAL/System.o
                0x010665b0                Init_CANRxMessage
 *fill*         0x0106680a        0x2 
 .text.Init_CANTxMessage_K11P01
                0x0106680c      0x498 ./src/HAL/System.o
                0x0106680c                Init_CANTxMessage_K11P01
 .text.Init_CANTxMessage_S11
                0x01066ca4      0x498 ./src/HAL/System.o
                0x01066ca4                Init_CANTxMessage_S11
 .text.Init_CANTxMessage_S11P01
                0x0106713c      0x438 ./src/HAL/System.o
                0x0106713c                Init_CANTxMessage_S11P01
 .text.Init_CANTxMessage_A11
                0x01067574      0x4b8 ./src/HAL/System.o
                0x01067574                Init_CANTxMessage_A11
 .text.Init_CANTxMessage_S11P03
                0x01067a2c      0x4b8 ./src/HAL/System.o
                0x01067a2c                Init_CANTxMessage_S11P03
 .text.Init_CANTxMessage_S11P04
                0x01067ee4      0x498 ./src/HAL/System.o
                0x01067ee4                Init_CANTxMessage_S11P04
 .text.Init_CANTxMessage_S21
                0x0106837c      0x4d8 ./src/HAL/System.o
                0x0106837c                Init_CANTxMessage_S21
 .text.Init_CANTxPeriodMessage
                0x01068854      0x224 ./src/HAL/System.o
                0x01068854                Init_CANTxPeriodMessage
 .text.NM_ShutAll_CANTxPeriodMessage
                0x01068a78       0xd0 ./src/HAL/System.o
                0x01068a78                NM_ShutAll_CANTxPeriodMessage
 .text.NM_SetMessage
                0x01068b48      0x214 ./src/HAL/System.o
                0x01068b48                NM_SetMessage
 .text.Init_CanMessage
                0x01068d5c       0x2a ./src/HAL/System.o
                0x01068d5c                Init_CanMessage
 *fill*         0x01068d86        0x2 
 .text.System_CANBaseCycle
                0x01068d88      0x1e6 ./src/HAL/System.o
                0x01068d88                System_CANBaseCycle
 *fill*         0x01068f6e        0x2 
 .text.Init_DIO
                0x01068f70      0x130 ./src/HAL/System.o
                0x01068f70                Init_DIO
 .text.HAL_Capture_Digital
                0x010690a0      0x3dc ./src/HAL/System.o
                0x010690a0                HAL_Capture_Digital
 .text.HAL_Get_Digital
                0x0106947c       0x4c ./src/HAL/System.o
                0x0106947c                HAL_Get_Digital
 .text.HAL_Capture_ADC
                0x010694c8       0x74 ./src/HAL/System.o
                0x010694c8                HAL_Capture_ADC
 .text.HAL_Capture_Fin
                0x0106953c       0x46 ./src/HAL/System.o
                0x0106953c                HAL_Capture_Fin
 *fill*         0x01069582        0x2 
 .text.HAL_Get_Finf
                0x01069584       0x5c ./src/HAL/System.o
                0x01069584                HAL_Get_Finf
 .text.HAL_Drive_HLS
                0x010695e0      0x35a ./src/HAL/System.o
                0x010695e0                HAL_Drive_HLS
 *fill*         0x0106993a        0x2 
 .text.HAL_Drive_LS
                0x0106993c       0x78 ./src/HAL/System.o
                0x0106993c                HAL_Drive_LS
 .text.HAL_Drive_HS
                0x010699b4       0x78 ./src/HAL/System.o
                0x010699b4                HAL_Drive_HS
 .text.HAL_Set_WaterPwm
                0x01069a2c       0x36 ./src/HAL/System.o
                0x01069a2c                HAL_Set_WaterPwm
 *fill*         0x01069a62        0x2 
 .text.HAL_Set_LockPwm
                0x01069a64       0x36 ./src/HAL/System.o
                0x01069a64                HAL_Set_LockPwm
 *fill*         0x01069a9a        0x2 
 .text.HAL_Drive_Sleep
                0x01069a9c       0x40 ./src/HAL/System.o
                0x01069a9c                HAL_Drive_Sleep
 .text.Task_SetMessage
                0x01069adc       0xa4 ./src/HAL/Task.o
 .text.Task_Init
                0x01069b80      0x268 ./src/HAL/Task.o
                0x01069b80                Task_Init
 .text.Task_CycleRun
                0x01069de8      0x3f8 ./src/HAL/Task.o
                0x01069de8                Task_CycleRun
 .text.TaskCapture_Control
                0x0106a1e0      0x1c6 ./src/HAL/Task.o
 *fill*         0x0106a3a6        0x2 
 .text.TaskCapture_Function
                0x0106a3a8       0x3a ./src/HAL/Task.o
 *fill*         0x0106a3e2        0x2 
 .text.TaskSleep_Control
                0x0106a3e4      0x1c6 ./src/HAL/Task.o
 *fill*         0x0106a5aa        0x2 
 .text.TaskSleep_Function
                0x0106a5ac      0x15a ./src/HAL/Task.o
 *fill*         0x0106a706        0x2 
 .text.TaskStatusMoniter_Control
                0x0106a708      0x1c6 ./src/HAL/Task.o
 *fill*         0x0106a8ce        0x2 
 .text.TaskStatusMoniter_Function
                0x0106a8d0      0x246 ./src/HAL/Task.o
 *fill*         0x0106ab16        0x2 
 .text.TaskOutput_Control
                0x0106ab18      0x1c6 ./src/HAL/Task.o
 *fill*         0x0106acde        0x2 
 .text.TaskOutput_Function
                0x0106ace0       0x28 ./src/HAL/Task.o
 .text.TaskCycle_Control
                0x0106ad08      0x1c6 ./src/HAL/Task.o
 *fill*         0x0106aece        0x2 
 .text.TaskCycle_Function
                0x0106aed0      0x182 ./src/HAL/Task.o
 *fill*         0x0106b052        0x2 
 .text.TaskCan_Control
                0x0106b054      0x1c6 ./src/HAL/Task.o
 *fill*         0x0106b21a        0x2 
 .text.TaskCan_Function
                0x0106b21c      0x16a ./src/HAL/Task.o
 *fill*         0x0106b386        0x2 
 .text.TaskLin_Control
                0x0106b388      0x1c6 ./src/HAL/Task.o
 *fill*         0x0106b54e        0x2 
 .text.TaskLin_Function
                0x0106b550       0x42 ./src/HAL/Task.o
 *fill*         0x0106b592        0x2 
 .text.TaskEnet_Control
                0x0106b594      0x1c6 ./src/HAL/Task.o
 *fill*         0x0106b75a        0x2 
 .text.Locker_test
                0x0106b75c      0x18e ./src/HAL/Task.o
                0x0106b75c                Locker_test
 *fill*         0x0106b8ea        0x2 
 .text.TaskEnet_Function
                0x0106b8ec       0x2c ./src/HAL/Task.o
 .text.TaskCommunication_Control
                0x0106b918      0x1c6 ./src/HAL/Task.o
 *fill*         0x0106bade        0x2 
 .text.TaskCommunication_Function
                0x0106bae0      0x412 ./src/HAL/Task.o
 *fill*         0x0106bef2        0x2 
 .text.TaskNVM_Control
                0x0106bef4      0x1c6 ./src/HAL/Task.o
 *fill*         0x0106c0ba        0x2 
 .text.TaskNVM_Function
                0x0106c0bc       0x16 ./src/HAL/Task.o
 *fill*         0x0106c0d2        0x2 
 .text.TaskFeedDog_Control
                0x0106c0d4      0x1c6 ./src/HAL/Task.o
 *fill*         0x0106c29a        0x2 
 .text.TaskFeedDog_Function
                0x0106c29c      0x1f6 ./src/HAL/Task.o
 *fill*         0x0106c492        0x2 
 .text.TaskB2FeedDog_Function
                0x0106c494       0x5a ./src/HAL/Task.o
 *fill*         0x0106c4ee        0x2 
 .text.TaskAPPin_Control
                0x0106c4f0      0x1c6 ./src/HAL/Task.o
 *fill*         0x0106c6b6        0x2 
 .text.TaskAPPin_Function
                0x0106c6b8       0x74 ./src/HAL/Task.o
 .text.TaskAPPbase_Control
                0x0106c72c      0x1c6 ./src/HAL/Task.o
 *fill*         0x0106c8f2        0x2 
 .text.TaskAPPbase_Function
                0x0106c8f4       0x4c ./src/HAL/Task.o
 .text.TaskAPPsport_Control
                0x0106c940      0x1c6 ./src/HAL/Task.o
 *fill*         0x0106cb06        0x2 
 .text.TaskAPPsport_Function
                0x0106cb08       0x48 ./src/HAL/Task.o
 .text.TaskAPPlong_Control
                0x0106cb50      0x1c6 ./src/HAL/Task.o
 *fill*         0x0106cd16        0x2 
 .text.TaskAPPlong_Function
                0x0106cd18       0x80 ./src/HAL/Task.o
 .text.TaskAPPnetwork_Control
                0x0106cd98      0x1c6 ./src/HAL/Task.o
 *fill*         0x0106cf5e        0x2 
 .text.TaskAPPnetwork_Function
                0x0106cf60       0x16 ./src/HAL/Task.o
 *fill*         0x0106cf76        0x2 
 .text.TaskAPPout_Control
                0x0106cf78      0x1c6 ./src/HAL/Task.o
 *fill*         0x0106d13e        0x2 
 .text.TaskAPPout_Function
                0x0106d140       0x56 ./src/HAL/Task.o
 *fill*         0x0106d196        0x2 
 .text.TaskExchange_Control
                0x0106d198      0x1c6 ./src/HAL/Task.o
 *fill*         0x0106d35e        0x2 
 .text.TaskExchange_Function
                0x0106d360       0x24 ./src/HAL/Task.o
 .text.TaskHWtest_Control
                0x0106d384      0x1a6 ./src/HAL/Task.o
 *fill*         0x0106d52a        0x2 
 .text.TaskHWtest_Function
                0x0106d52c      0x246 ./src/HAL/Task.o
 *fill*         0x0106d772        0x2 
 .text.TaskBTK_Control
                0x0106d774      0x1c6 ./src/HAL/Task.o
 *fill*         0x0106d93a        0x2 
 .text.TaskBTK_Function
                0x0106d93c       0x16 ./src/HAL/Task.o
 *fill*         0x0106d952        0x2 
 .text.TaskAgingTest_Control
                0x0106d954      0x290 ./src/HAL/Task.o
 .text.TaskAgingTest_Function
                0x0106dbe4      0x5b2 ./src/HAL/Task.o
 *fill*         0x0106e196        0x2 
 .text.Lamp_process
                0x0106e198      0x23a ./src/HAL/Task.o
                0x0106e198                Lamp_process
 *fill*         0x0106e3d2        0x2 
 .text.Locker_process
                0x0106e3d4       0x68 ./src/HAL/Task.o
                0x0106e3d4                Locker_process
 .text.vdc_can_tx_process
                0x0106e43c       0xd8 ./src/HAL/Task.o
                0x0106e43c                vdc_can_tx_process
 .text.Eth_receive
                0x0106e514       0xc2 ./src/HAL/Task.o
                0x0106e514                Eth_receive
 *fill*         0x0106e5d6        0x2 
 .text.CheckHLSFaultsPOR
                0x0106e5d8       0xc0 ./src/HAL/TaskLib.o
                0x0106e5d8                CheckHLSFaultsPOR
 .text.CheckLSFaults
                0x0106e698      0x250 ./src/HAL/TaskLib.o
                0x0106e698                CheckLSFaults
 .text.CheckHSFaults
                0x0106e8e8       0x78 ./src/HAL/TaskLib.o
                0x0106e8e8                CheckHSFaults
 .text.NM_Handle
                0x0106e960      0x13a ./src/HAL/TaskLib.o
                0x0106e960                NM_Handle
 *fill*         0x0106ea9a        0x2 
 .text.Task_NM  0x0106ea9c      0x2e0 ./src/HAL/TaskLib.o
                0x0106ea9c                Task_NM
 .text.Task_GetSignal_Step1
                0x0106ed7c      0x11e ./src/HAL/TaskLib.o
                0x0106ed7c                Task_GetSignal_Step1
 *fill*         0x0106ee9a        0x2 
 .text.Task_GetSignal_Step2
                0x0106ee9c       0x16 ./src/HAL/TaskLib.o
                0x0106ee9c                Task_GetSignal_Step2
 *fill*         0x0106eeb2        0x2 
 .text.Task_OutputSignal
                0x0106eeb4      0x51a ./src/HAL/TaskLib.o
                0x0106eeb4                Task_OutputSignal
 *fill*         0x0106f3ce        0x2 
 .text.HwTest_OutputSignal
                0x0106f3d0      0x212 ./src/HAL/TaskLib.o
                0x0106f3d0                HwTest_OutputSignal
 *fill*         0x0106f5e2        0x2 
 .text.ChkBswWakeSrc
                0x0106f5e4       0x14 ./src/HAL/TaskLib.o
                0x0106f5e4                ChkBswWakeSrc
 .text.Ccp_SendRsponse
                0x0106f5f8       0x8c ./src/HAL/CCP/CCP.o
                0x0106f5f8                Ccp_SendRsponse
 .text.Ccp_UINT8ToUINT32
                0x0106f684       0x7a ./src/HAL/CCP/CCP.o
                0x0106f684                Ccp_UINT8ToUINT32
 *fill*         0x0106f6fe        0x2 
 .text.CcpMTA_IsWritable
                0x0106f700       0x66 ./src/HAL/CCP/CCP.o
                0x0106f700                CcpMTA_IsWritable
 *fill*         0x0106f766        0x2 
 .text.CcpMTA_IsReadable
                0x0106f768       0x62 ./src/HAL/CCP/CCP.o
                0x0106f768                CcpMTA_IsReadable
 *fill*         0x0106f7ca        0x2 
 .text.CcpSSM_IsNotTempDisconnected
                0x0106f7cc       0x3e ./src/HAL/CCP/CCP.o
                0x0106f7cc                CcpSSM_IsNotTempDisconnected
 *fill*         0x0106f80a        0x2 
 .text.CcpSSM_IsConnected
                0x0106f80c       0x40 ./src/HAL/CCP/CCP.o
                0x0106f80c                CcpSSM_IsConnected
 .text.CcpSSM_IsRunning
                0x0106f84c       0x3c ./src/HAL/CCP/CCP.o
                0x0106f84c                CcpSSM_IsRunning
 .text.CcpSSM_ChangeSessionStatus
                0x0106f888       0xec ./src/HAL/CCP/CCP.o
                0x0106f888                CcpSSM_ChangeSessionStatus
 .text.CcpDAQ_StopAll
                0x0106f974       0x78 ./src/HAL/CCP/CCP.o
                0x0106f974                CcpDAQ_StopAll
 .text.CcpDAQ_Stop
                0x0106f9ec       0xc6 ./src/HAL/CCP/CCP.o
                0x0106f9ec                CcpDAQ_Stop
 *fill*         0x0106fab2        0x2 
 .text.CcpDAQ_Clear
                0x0106fab4       0x8e ./src/HAL/CCP/CCP.o
                0x0106fab4                CcpDAQ_Clear
 *fill*         0x0106fb42        0x2 
 .text.CcpDAQ_Prepare
                0x0106fb44       0xd2 ./src/HAL/CCP/CCP.o
                0x0106fb44                CcpDAQ_Prepare
 *fill*         0x0106fc16        0x2 
 .text.CcpDAQ_Start
                0x0106fc18       0x4e ./src/HAL/CCP/CCP.o
                0x0106fc18                CcpDAQ_Start
 *fill*         0x0106fc66        0x2 
 .text.CcpDAQ_StartAllPrepared
                0x0106fc68       0x8a ./src/HAL/CCP/CCP.o
                0x0106fc68                CcpDAQ_StartAllPrepared
 *fill*         0x0106fcf2        0x2 
 .text.CcpDAQ_SampleAndTxDtm
                0x0106fcf4      0x256 ./src/HAL/CCP/CCP.o
                0x0106fcf4                CcpDAQ_SampleAndTxDtm
 *fill*         0x0106ff4a        0x2 
 .text.Ccp_CMDHandler_Connect
                0x0106ff4c      0x10e ./src/HAL/CCP/CCP.o
                0x0106ff4c                Ccp_CMDHandler_Connect
 *fill*         0x0107005a        0x2 
 .text.Ccp_CMDHandler_Disconnect
                0x0107005c       0x90 ./src/HAL/CCP/CCP.o
                0x0107005c                Ccp_CMDHandler_Disconnect
 .text.Ccp_CMDHandler_GetCcpVersion
                0x010700ec       0x2e ./src/HAL/CCP/CCP.o
                0x010700ec                Ccp_CMDHandler_GetCcpVersion
 *fill*         0x0107011a        0x2 
 .text.Ccp_CMDHandler_ExchangeID
                0x0107011c       0x74 ./src/HAL/CCP/CCP.o
                0x0107011c                Ccp_CMDHandler_ExchangeID
 .text.Ccp_CMDHandler_SetMTA
                0x01070190       0xc8 ./src/HAL/CCP/CCP.o
                0x01070190                Ccp_CMDHandler_SetMTA
 .text.Ccp_CMDHandler_Download
                0x01070258      0x15e ./src/HAL/CCP/CCP.o
                0x01070258                Ccp_CMDHandler_Download
 *fill*         0x010703b6        0x2 
 .text.Ccp_CMDHandler_Download6
                0x010703b8      0x11a ./src/HAL/CCP/CCP.o
                0x010703b8                Ccp_CMDHandler_Download6
 *fill*         0x010704d2        0x2 
 .text.Ccp_CMDHandler_Upload
                0x010704d4      0x10c ./src/HAL/CCP/CCP.o
                0x010704d4                Ccp_CMDHandler_Upload
 .text.Ccp_CMDHandler_ShortUpload
                0x010705e0       0xe4 ./src/HAL/CCP/CCP.o
                0x010705e0                Ccp_CMDHandler_ShortUpload
 .text.Ccp_CMDHandler_Test
                0x010706c4       0x52 ./src/HAL/CCP/CCP.o
                0x010706c4                Ccp_CMDHandler_Test
 *fill*         0x01070716        0x2 
 .text.Ccp_CMDHandler_GetDaqSize
                0x01070718       0xd8 ./src/HAL/CCP/CCP.o
                0x01070718                Ccp_CMDHandler_GetDaqSize
 .text.Ccp_CMDHandler_SetDaqPtr
                0x010707f0       0xe0 ./src/HAL/CCP/CCP.o
                0x010707f0                Ccp_CMDHandler_SetDaqPtr
 .text.Ccp_CMDHandler_WriteDaq
                0x010708d0      0x11a ./src/HAL/CCP/CCP.o
                0x010708d0                Ccp_CMDHandler_WriteDaq
 *fill*         0x010709ea        0x2 
 .text.Ccp_CMDHandler_StartStop
                0x010709ec      0x19a ./src/HAL/CCP/CCP.o
                0x010709ec                Ccp_CMDHandler_StartStop
 *fill*         0x01070b86        0x2 
 .text.Ccp_CMDHandler_StartStopAll
                0x01070b88       0x76 ./src/HAL/CCP/CCP.o
                0x01070b88                Ccp_CMDHandler_StartStopAll
 *fill*         0x01070bfe        0x2 
 .text.Ccp_CMDHandler_GET_CAL_PAGE
                0x01070c00       0x2c ./src/HAL/CCP/CCP.o
                0x01070c00                Ccp_CMDHandler_GET_CAL_PAGE
 .text.Ccp_Init
                0x01070c2c       0x3e ./src/HAL/CCP/CCP.o
                0x01070c2c                Ccp_Init
 *fill*         0x01070c6a        0x2 
 .text.Ccp_CopyNewCmd
                0x01070c6c       0x3a ./src/HAL/CCP/CCP.o
                0x01070c6c                Ccp_CopyNewCmd
 *fill*         0x01070ca6        0x2 
 .text.Ccp_CMDHandler
                0x01070ca8      0x2ae ./src/HAL/CCP/CCP.o
                0x01070ca8                Ccp_CMDHandler
 *fill*         0x01070f56        0x2 
 .text.CcpDAQ_FastEventHandler
                0x01070f58      0x124 ./src/HAL/CCP/CCP.o
                0x01070f58                CcpDAQ_FastEventHandler
 .text.CcpDAQ_MiddleEventHandler
                0x0107107c      0x124 ./src/HAL/CCP/CCP.o
                0x0107107c                CcpDAQ_MiddleEventHandler
 .text.Ccp_CMDHandler_ProgAndProg6
                0x010711a0       0xe6 ./src/HAL/CCP/CCP.o
                0x010711a0                Ccp_CMDHandler_ProgAndProg6
 *fill*         0x01071286        0x2 
 .text.Ex_Base_LockGate
                0x01071288       0xec ./src/HAL/EXCHANGE/EX_Code.o
                0x01071288                Ex_Base_LockGate
 .text.Ex_Base_UnlockGate
                0x01071374       0x60 ./src/HAL/EXCHANGE/EX_Code.o
                0x01071374                Ex_Base_UnlockGate
 .text.Ex_Input_Task
                0x010713d4       0xee ./src/HAL/EXCHANGE/EX_Code.o
                0x010713d4                Ex_Input_Task
 *fill*         0x010714c2        0x2 
 .text.Ex_Output_Task
                0x010714c4       0xee ./src/HAL/EXCHANGE/EX_Code.o
                0x010714c4                Ex_Output_Task
 *fill*         0x010715b2        0x2 
 .text.Ex_Task  0x010715b4       0x26 ./src/HAL/EXCHANGE/EX_Code.o
                0x010715b4                Ex_Task
 *fill*         0x010715da        0x2 
 .text.Get_Core_ID
                0x010715dc       0x6e ./src/HAL/EXCHANGE/EX_Lib.o
                0x010715dc                Get_Core_ID
 *fill*         0x0107164a        0x2 
 .text.Get_Gate_Status
                0x0107164c       0x54 ./src/HAL/EXCHANGE/EX_Lib.o
                0x0107164c                Get_Gate_Status
 .text.Lock_Gate
                0x010716a0       0x92 ./src/HAL/EXCHANGE/EX_Lib.o
                0x010716a0                Lock_Gate
 *fill*         0x01071732        0x2 
 .text.Unlock_Gate
                0x01071734       0x6e ./src/HAL/EXCHANGE/EX_Lib.o
                0x01071734                Unlock_Gate
 *fill*         0x010717a2        0x2 
 .text.init_Frame
                0x010717a4       0x40 ./src/HAL/Klima/Kilma_Lin.o
                0x010717a4                init_Frame
 .text.Kilma_Lin_Init
                0x010717e4      0x200 ./src/HAL/Klima/Kilma_Lin.o
                0x010717e4                Kilma_Lin_Init
 .text.Schedule_tables_Send
                0x010719e4      0x1de ./src/HAL/Klima/Kilma_Lin.o
                0x010719e4                Schedule_tables_Send
 *fill*         0x01071bc2        0x2 
 .text.Lin_Task_App
                0x01071bc4       0x62 ./src/HAL/Klima/Kilma_Lin.o
                0x01071bc4                Lin_Task_App
 *fill*         0x01071c26        0x2 
 .text.BTS5180_Init
                0x01071c28       0x62 ./src/HAL/Modules/BTS.o
                0x01071c28                BTS5180_Init
 *fill*         0x01071c8a        0x2 
 .text.BTS5180_SetValue
                0x01071c8c       0x36 ./src/HAL/Modules/BTS.o
                0x01071c8c                BTS5180_SetValue
 *fill*         0x01071cc2        0x2 
 .text.BTS5180_Refresh
                0x01071cc4       0x84 ./src/HAL/Modules/BTS.o
                0x01071cc4                BTS5180_Refresh
 .text.BTS5180_Diagnostic
                0x01071d48      0x3fa ./src/HAL/Modules/BTS.o
                0x01071d48                BTS5180_Diagnostic
 *fill*         0x01072142        0x2 
 .text.BTS5200_Init
                0x01072144       0x86 ./src/HAL/Modules/BTS.o
                0x01072144                BTS5200_Init
 *fill*         0x010721ca        0x2 
 .text.BTS5200_SetValue
                0x010721cc       0x36 ./src/HAL/Modules/BTS.o
                0x010721cc                BTS5200_SetValue
 *fill*         0x01072202        0x2 
 .text.BTS5200_Refresh
                0x01072204       0xec ./src/HAL/Modules/BTS.o
                0x01072204                BTS5200_Refresh
 .text.BTS5200_Diagnostic
                0x010722f0      0x624 ./src/HAL/Modules/BTS.o
                0x010722f0                BTS5200_Diagnostic
 .text.CheckSBC_SPIChannel
                0x01072914      0x120 ./src/HAL/Modules/FS6500.o
                0x01072914                CheckSBC_SPIChannel
 .text.FS6500_Init
                0x01072a34       0x8c ./src/HAL/Modules/FS6500.o
                0x01072a34                FS6500_Init
 .text.FS6500_FeedDog
                0x01072ac0       0xf2 ./src/HAL/Modules/FS6500.o
                0x01072ac0                FS6500_FeedDog
 *fill*         0x01072bb2        0x2 
 .text.FS65_ErrorCallback
                0x01072bb4       0x14 ./src/HAL/Modules/FS6500.o
                0x01072bb4                FS65_ErrorCallback
 .text.FS65_UserConfigNonInit
                0x01072bc8       0x14 ./src/HAL/Modules/FS6500.o
                0x01072bc8                FS65_UserConfigNonInit
 .text.FS65_Config_NonInit
                0x01072bdc       0x44 ./src/HAL/Modules/FS6500.o
                0x01072bdc                FS65_Config_NonInit
 .text.FS65_Init_FSSM
                0x01072c20      0x15c ./src/HAL/Modules/FS6500.o
                0x01072c20                FS65_Init_FSSM
 .text.FS65_Init_MSM
                0x01072d7c       0x88 ./src/HAL/Modules/FS6500.o
                0x01072d7c                FS65_Init_MSM
 .text.FS65_Init
                0x01072e04      0x59c ./src/HAL/Modules/FS6500.o
                0x01072e04                FS65_Init
 .text.FS65_SetLPOFFmode
                0x010733a0       0x4e ./src/HAL/Modules/FS6500.o
                0x010733a0                FS65_SetLPOFFmode
 *fill*         0x010733ee        0x2 
 .text.FS65_DisableVKAM
                0x010733f0       0x9a ./src/HAL/Modules/FS6500.o
                0x010733f0                FS65_DisableVKAM
 *fill*         0x0107348a        0x2 
 .text.FS65_Set_CAN_LIN_MODE
                0x0107348c       0x96 ./src/HAL/Modules/FS6500.o
                0x0107348c                FS65_Set_CAN_LIN_MODE
 *fill*         0x01073522        0x2 
 .text.FS65_SetCANmode
                0x01073524       0xce ./src/HAL/Modules/FS6500.o
                0x01073524                FS65_SetCANmode
 *fill*         0x010735f2        0x2 
 .text.FS65_SetLINmode
                0x010735f4       0xce ./src/HAL/Modules/FS6500.o
                0x010735f4                FS65_SetLINmode
 *fill*         0x010736c2        0x2 
 .text.FS65_RunABIST2_VAUX
                0x010736c4       0x4e ./src/HAL/Modules/FS6500.o
                0x010736c4                FS65_RunABIST2_VAUX
 *fill*         0x01073712        0x2 
 .text.FS65_RunABIST2_FS1B
                0x01073714       0x4e ./src/HAL/Modules/FS6500.o
                0x01073714                FS65_RunABIST2_FS1B
 *fill*         0x01073762        0x2 
 .text.FS65_ChangeWDwindow
                0x01073764       0x9c ./src/HAL/Modules/FS6500.o
                0x01073764                FS65_ChangeWDwindow
 .text.FS65_SendSeed
                0x01073800       0xb4 ./src/HAL/Modules/FS6500.o
                0x01073800                FS65_SendSeed
 .text.FS65_RefreshWD
                0x010738b4       0x4c ./src/HAL/Modules/FS6500.o
                0x010738b4                FS65_RefreshWD
 .text.FS65_ComputeLFSR
                0x01073900       0x3a ./src/HAL/Modules/FS6500.o
                0x01073900                FS65_ComputeLFSR
 *fill*         0x0107393a        0x2 
 .text.FS65_ReleaseFS0out
                0x0107393c      0x146 ./src/HAL/Modules/FS6500.o
                0x0107393c                FS65_ReleaseFS0out
 *fill*         0x01073a82        0x2 
 .text.FS65_ReleaseFS0andFS1out
                0x01073a84      0x146 ./src/HAL/Modules/FS6500.o
                0x01073a84                FS65_ReleaseFS0andFS1out
 *fill*         0x01073bca        0x2 
 .text.FS65_Set_INIT_VREG
                0x01073bcc       0x98 ./src/HAL/Modules/FS6500.o
                0x01073bcc                FS65_Set_INIT_VREG
 .text.FS65_Set_INIT_WU1
                0x01073c64       0x9a ./src/HAL/Modules/FS6500.o
                0x01073c64                FS65_Set_INIT_WU1
 *fill*         0x01073cfe        0x2 
 .text.FS65_Set_INIT_WU2
                0x01073d00       0x98 ./src/HAL/Modules/FS6500.o
                0x01073d00                FS65_Set_INIT_WU2
 .text.FS65_Set_INIT_INT
                0x01073d98       0x9a ./src/HAL/Modules/FS6500.o
                0x01073d98                FS65_Set_INIT_INT
 *fill*         0x01073e32        0x2 
 .text.FS65_Set_INIT_INH_INT
                0x01073e34       0x98 ./src/HAL/Modules/FS6500.o
                0x01073e34                FS65_Set_INIT_INH_INT
 .text.FS65_Set_INIT_FS1B_TIMING
                0x01073ecc       0x9c ./src/HAL/Modules/FS6500.o
                0x01073ecc                FS65_Set_INIT_FS1B_TIMING
 .text.FS65_Set_INIT_SUPERVISOR
                0x01073f68       0x9c ./src/HAL/Modules/FS6500.o
                0x01073f68                FS65_Set_INIT_SUPERVISOR
 .text.FS65_Set_INIT_FAULT
                0x01074004       0x9c ./src/HAL/Modules/FS6500.o
                0x01074004                FS65_Set_INIT_FAULT
 .text.FS65_Set_INIT_FSSM
                0x010740a0       0x9c ./src/HAL/Modules/FS6500.o
                0x010740a0                FS65_Set_INIT_FSSM
 .text.FS65_Set_INIT_SF_IMPACT
                0x0107413c       0x9c ./src/HAL/Modules/FS6500.o
                0x0107413c                FS65_Set_INIT_SF_IMPACT
 .text.FS65_Set_INIT_WD_CNT
                0x010741d8       0x9c ./src/HAL/Modules/FS6500.o
                0x010741d8                FS65_Set_INIT_WD_CNT
 .text.FS65_Set_INIT_VCORE_OVUV_IMPACT
                0x01074274       0x9c ./src/HAL/Modules/FS6500.o
                0x01074274                FS65_Set_INIT_VCORE_OVUV_IMPACT
 .text.FS65_Set_INIT_VCCA_OVUV_IMPACT
                0x01074310       0x9c ./src/HAL/Modules/FS6500.o
                0x01074310                FS65_Set_INIT_VCCA_OVUV_IMPACT
 .text.FS65_Set_INIT_VAUX_OVUV_IMPACT
                0x010743ac       0x9c ./src/HAL/Modules/FS6500.o
                0x010743ac                FS65_Set_INIT_VAUX_OVUV_IMPACT
 .text.FS65_UpdateRegisterContent
                0x01074448       0x30 ./src/HAL/Modules/FS6500.o
                0x01074448                FS65_UpdateRegisterContent
 .text.FS65_ComputeParity
                0x01074478       0xac ./src/HAL/Modules/FS6500.o
                0x01074478                FS65_ComputeParity
 .text.FS65_ComputeSecurityBits
                0x01074524       0x76 ./src/HAL/Modules/FS6500.o
                0x01074524                FS65_ComputeSecurityBits
 *fill*         0x0107459a        0x2 
 .text.FS65_ProcessSPI
                0x0107459c      0x530 ./src/HAL/Modules/FS6500.o
                0x0107459c                FS65_ProcessSPI
 .text.FS65_SendCmdR
                0x01074acc      0x23c ./src/HAL/Modules/FS6500.o
                0x01074acc                FS65_SendCmdR
 .text.FS65_SendCmdRW
                0x01074d08      0x2f8 ./src/HAL/Modules/FS6500.o
                0x01074d08                FS65_SendCmdRW
 .text.FS65_SendCmdRW_OneTimes
                0x01075000      0x282 ./src/HAL/Modules/FS6500.o
                0x01075000                FS65_SendCmdRW_OneTimes
 *fill*         0x01075282        0x2 
 .text.FS65_SendSecureCmdRW
                0x01075284      0x314 ./src/HAL/Modules/FS6500.o
                0x01075284                FS65_SendSecureCmdRW
 .text.FS65_SendSecureCmdW
                0x01075598      0x268 ./src/HAL/Modules/FS6500.o
                0x01075598                FS65_SendSecureCmdW
 .text.LIN_Device_Init
                0x01075800       0x22 ./src/HAL/Modules/LinDevice.o
                0x01075800                LIN_Device_Init
 *fill*         0x01075822        0x2 
 .text.TMMEXV_SetControl_1
                0x01075824       0x7c ./src/HAL/Modules/LinDevice.o
                0x01075824                TMMEXV_SetControl_1
 .text.TMMEXV_SetControl_2
                0x010758a0       0x7c ./src/HAL/Modules/LinDevice.o
                0x010758a0                TMMEXV_SetControl_2
 .text.LIN_Device_Refresh
                0x0107591c       0x76 ./src/HAL/Modules/LinDevice.o
                0x0107591c                LIN_Device_Refresh
 *fill*         0x01075992        0x2 
 .text.M95128_Init
                0x01075994       0x30 ./src/HAL/Modules/M95128.o
                0x01075994                M95128_Init
 .text.NCV7240B_Init
                0x010759c4       0x3a ./src/HAL/Modules/NCV7240B.o
                0x010759c4                NCV7240B_Init
 *fill*         0x010759fe        0x2 
 .text.NCV7240B_Set_SI
                0x01075a00      0x2c0 ./src/HAL/Modules/NCV7240B.o
                0x01075a00                NCV7240B_Set_SI
 .text.NCV7240B_Refresh
                0x01075cc0       0x7e ./src/HAL/Modules/NCV7240B.o
                0x01075cc0                NCV7240B_Refresh
 *fill*         0x01075d3e        0x2 
 .text.NCV7240B_tx
                0x01075d40       0x7c ./src/HAL/Modules/NCV7240B.o
                0x01075d40                NCV7240B_tx
 .text.NCV7240B_rx
                0x01075dbc       0x86 ./src/HAL/Modules/NCV7240B.o
                0x01075dbc                NCV7240B_rx
 *fill*         0x01075e42        0x2 
 .text.NCV7513B_Init
                0x01075e44       0x64 ./src/HAL/Modules/NCV7513B.o
                0x01075e44                NCV7513B_Init
 .text.NCV7513B_Set_SI
                0x01075ea8       0x64 ./src/HAL/Modules/NCV7513B.o
                0x01075ea8                NCV7513B_Set_SI
 .text.NCV7513B_Set_Data
                0x01075f0c      0x392 ./src/HAL/Modules/NCV7513B.o
                0x01075f0c                NCV7513B_Set_Data
 *fill*         0x0107629e        0x2 
 .text.NCV7513B_Refresh
                0x010762a0       0x84 ./src/HAL/Modules/NCV7513B.o
                0x010762a0                NCV7513B_Refresh
 .text.NCV7719_Init
                0x01076324       0x42 ./src/HAL/Modules/NCV7719.o
                0x01076324                NCV7719_Init
 *fill*         0x01076366        0x2 
 .text.NCV7719_Refresh1_6
                0x01076368       0x7e ./src/HAL/Modules/NCV7719.o
                0x01076368                NCV7719_Refresh1_6
 *fill*         0x010763e6        0x2 
 .text.NCV7719_Refresh7_8
                0x010763e8       0x7e ./src/HAL/Modules/NCV7719.o
                0x010763e8                NCV7719_Refresh7_8
 *fill*         0x01076466        0x2 
 .text.NCV7719_tx
                0x01076468       0x7c ./src/HAL/Modules/NCV7719.o
                0x01076468                NCV7719_tx
 .text.NCV7719_rx
                0x010764e4       0x78 ./src/HAL/Modules/NCV7719.o
                0x010764e4                NCV7719_rx
 .text.PHY_ReadAllRegister
                0x0107655c       0xfe ./src/HAL/Modules/TJA1100.o
                0x0107655c                PHY_ReadAllRegister
 *fill*         0x0107665a        0x2 
 .text.PHY_isConnected
                0x0107665c       0x78 ./src/HAL/Modules/TJA1100.o
                0x0107665c                PHY_isConnected
 .text.PHY_Init
                0x010766d4      0x174 ./src/HAL/Modules/TJA1100.o
                0x010766d4                PHY_Init
 .text.PHY_Config_Master
                0x01076848      0x166 ./src/HAL/Modules/TJA1100.o
                0x01076848                PHY_Config_Master
 *fill*         0x010769ae        0x2 
 .text.PHY_Get_LinkStatus
                0x010769b0       0x74 ./src/HAL/Modules/TJA1100.o
                0x010769b0                PHY_Get_LinkStatus
 .text.SetIVPR  0x01076a24       0x1a ./src/MPC57xx__Interrupt_Init.o
                0x01076a24                SetIVPR
 *fill*         0x01076a3e        0x2 
 .text.InitINTC
                0x01076a40       0xa0 ./src/MPC57xx__Interrupt_Init.o
                0x01076a40                InitINTC
 .text.enableIrq
                0x01076ae0       0x50 ./src/MPC57xx__Interrupt_Init.o
                0x01076ae0                enableIrq
 .text.xcptn_xmpl
                0x01076b30       0x34 ./src/MPC57xx__Interrupt_Init.o
                0x01076b30                xcptn_xmpl
 .text.dummy    0x01076b64        0xc ./src/intc_SW_mode_isr_vectors_MPC574xR.o
                0x01076b64                dummy
 .text.hw_init  0x01076b70       0x4e ./src/main_Z4_1.o
                0x01076b70                hw_init
 *fill*         0x01076bbe        0x2 
 .text.main     0x01076bc0       0xe8 ./src/main_Z4_1.o
                0x01076bc0                main
 .text.memcpy   0x01076ca8       0x3c C:/NXP/S32DS_Power_v2.1/S32DS/build_tools/e200_ewl2/lib/e200z4/fp\libc99.a(memcpy.o)
                0x01076ca8                memcpy
 .text.memset   0x01076ce4       0x1a C:/NXP/S32DS_Power_v2.1/S32DS/build_tools/e200_ewl2/lib/e200z4/fp\libc99.a(memset.o)
                0x01076ce4                memset
 .text.__fill_mem
                0x01076cfe       0xa0 C:/NXP/S32DS_Power_v2.1/S32DS/build_tools/e200_ewl2/lib/e200z4/fp\libc99.a(__filll_mem.o)
                0x01076cfe                __fill_mem
 .text.__fpclassifyd
                0x01076d9e       0x42 C:/NXP/S32DS_Power_v2.1/S32DS/build_tools/e200_ewl2/lib/e200z4/fp\libm.a(math_api.o)
                0x01076d9e                __fpclassifyd
 .text.round    0x01076de0       0x8a C:/NXP/S32DS_Power_v2.1/S32DS/build_tools/e200_ewl2/lib/e200z4/fp\libm.a(round.o)
                0x01076de0                round
 .text.floor    0x01076e6a      0x142 C:/NXP/S32DS_Power_v2.1/S32DS/build_tools/e200_ewl2/lib/e200z4/fp\libm.a(s_floor.o)
                0x01076e6a                floor
 .text.modf     0x01076fac       0xde C:/NXP/S32DS_Power_v2.1/S32DS/build_tools/e200_ewl2/lib/e200z4/fp\libm.a(s_modf.o)
                0x01076fac                modf
 *(.init)
 *fill*         0x0107708a        0x2 
 .init          0x0107708c        0xc c:/nxp/s32ds_power_v2.1/s32ds/build_tools/powerpc-eabivle-4_9/bin/../lib/gcc/powerpc-eabivle/4.9.4/e200z4/fp/ecrti.o
                0x0107708c                __init
 .init          0x01077098        0x4 c:/nxp/s32ds_power_v2.1/s32ds/build_tools/powerpc-eabivle-4_9/bin/../lib/gcc/powerpc-eabivle/4.9.4/e200z4/fp/crtbegin.o
 .init          0x0107709c        0x4 c:/nxp/s32ds_power_v2.1/s32ds/build_tools/powerpc-eabivle-4_9/bin/../lib/gcc/powerpc-eabivle/4.9.4/e200z4/fp/crtend.o
 .init          0x010770a0        0xa c:/nxp/s32ds_power_v2.1/s32ds/build_tools/powerpc-eabivle-4_9/bin/../lib/gcc/powerpc-eabivle/4.9.4/e200z4/fp/ecrtn.o
 *(.fini)
 *fill*         0x010770aa        0x2 
 .fini          0x010770ac        0xc c:/nxp/s32ds_power_v2.1/s32ds/build_tools/powerpc-eabivle-4_9/bin/../lib/gcc/powerpc-eabivle/4.9.4/e200z4/fp/ecrti.o
                0x010770ac                __fini
 .fini          0x010770b8        0x4 c:/nxp/s32ds_power_v2.1/s32ds/build_tools/powerpc-eabivle-4_9/bin/../lib/gcc/powerpc-eabivle/4.9.4/e200z4/fp/crtbegin.o
 .fini          0x010770bc        0xa c:/nxp/s32ds_power_v2.1/s32ds/build_tools/powerpc-eabivle-4_9/bin/../lib/gcc/powerpc-eabivle/4.9.4/e200z4/fp/ecrtn.o
                0x010770d0                . = ALIGN (0x10)
 *fill*         0x010770c6        0xa 

.glink          0x010770d0        0x0
 .glink         0x010770d0        0x0 c:/nxp/s32ds_power_v2.1/s32ds/build_tools/powerpc-eabivle-4_9/bin/../lib/gcc/powerpc-eabivle/4.9.4/e200z4/fp/crtbegin.o

.ctors          0x010770d0        0x8
                0x010770d0                __CTOR_LIST__ = .
 *crtbegin.o(.ctors)
 .ctors         0x010770d0        0x4 c:/nxp/s32ds_power_v2.1/s32ds/build_tools/powerpc-eabivle-4_9/bin/../lib/gcc/powerpc-eabivle/4.9.4/e200z4/fp/crtbegin.o
 *crtbegin?.o(.ctors)
 *(EXCLUDE_FILE(*crtend.o *crtend?.o) .ctors)
 .ctors         0x010770d4        0x0 c:/nxp/s32ds_power_v2.1/s32ds/build_tools/powerpc-eabivle-4_9/bin/../lib/gcc/powerpc-eabivle/4.9.4/e200z4/fp/ecrti.o
 .ctors         0x010770d4        0x0 c:/nxp/s32ds_power_v2.1/s32ds/build_tools/powerpc-eabivle-4_9/bin/../lib/gcc/powerpc-eabivle/4.9.4/e200z4/fp/ecrtn.o
 *(SORT(.ctors.*))
 *(.ctors)
 .ctors         0x010770d4        0x4 c:/nxp/s32ds_power_v2.1/s32ds/build_tools/powerpc-eabivle-4_9/bin/../lib/gcc/powerpc-eabivle/4.9.4/e200z4/fp/crtend.o
                0x010770d8                __CTOR_END__ = .

.dtors          0x010770d8        0x8
                0x010770d8                __DTOR_LIST__ = .
 *crtbegin.o(.dtors)
 .dtors         0x010770d8        0x4 c:/nxp/s32ds_power_v2.1/s32ds/build_tools/powerpc-eabivle-4_9/bin/../lib/gcc/powerpc-eabivle/4.9.4/e200z4/fp/crtbegin.o
 *crtbegin?.o(.dtors)
 *(EXCLUDE_FILE(*crtend.o *crtend?.o) .dtors)
 .dtors         0x010770dc        0x0 c:/nxp/s32ds_power_v2.1/s32ds/build_tools/powerpc-eabivle-4_9/bin/../lib/gcc/powerpc-eabivle/4.9.4/e200z4/fp/ecrti.o
 .dtors         0x010770dc        0x0 c:/nxp/s32ds_power_v2.1/s32ds/build_tools/powerpc-eabivle-4_9/bin/../lib/gcc/powerpc-eabivle/4.9.4/e200z4/fp/ecrtn.o
 *(SORT(.dtors.*))
 *(.dtors)
 .dtors         0x010770dc        0x4 c:/nxp/s32ds_power_v2.1/s32ds/build_tools/powerpc-eabivle-4_9/bin/../lib/gcc/powerpc-eabivle/4.9.4/e200z4/fp/crtend.o
                0x010770e0                __DTOR_END__ = .

.preinit_array  0x010770e0        0x0
                [!provide]                PROVIDE (__preinit_array_start, .)
 *(.preinit_array*)
                [!provide]                PROVIDE (__preinit_array_end, .)

.init_array     0x010770e0        0x0
                [!provide]                PROVIDE (__init_array_start, .)
 *(SORT(.init_array.*))
 *(.init_array*)
                [!provide]                PROVIDE (__init_array_end, .)

.fini_array     0x010770e0        0x0
                [!provide]                PROVIDE (__fini_array_start, .)
 *(SORT(.fini_array.*))
 *(.fini_array*)
                [!provide]                PROVIDE (__fini_array_end, .)

.rodata         0x010770e0      0x688
 *(.rodata)
 .rodata        0x010770e0       0x18 c:/nxp/s32ds_power_v2.1/s32ds/build_tools/powerpc-eabivle-4_9/bin/../lib/gcc/powerpc-eabivle/4.9.4/e200z4/fp\libgcc.a(_thenan_df.o)
                0x010770e0                __thenan_df
 *(.rodata.*)
 .rodata.DSPI_Send
                0x010770f8       0x10 ./src/HAL/BASE/SPI.o
 .rodata.DSPI_Read
                0x01077108       0x10 ./src/HAL/BASE/SPI.o
 .rodata.etpu_globals
                0x01077118       0x24 ./src/HAL/BASE/etpu_set/untitled_etpu_gct.o
                0x01077118                etpu_globals
 .rodata.etpu_code
                0x0107713c      0x290 ./src/HAL/BASE/etpu_set/untitled_etpu_gct.o
                0x0107713c                etpu_code
 .rodata.S11_PrepareMessages
                0x010773cc       0x88 ./src/HAL/CAN_DBC_Lib.o
 .rodata.CAN_GetValue
                0x01077454       0x14 ./src/HAL/CAN_DBC_Lib.o
 .rodata.CAN_Get_MsgDataValue
                0x01077468       0x10 ./src/HAL/CAN_DBC_Lib.o
 .rodata.CAN_SetValue
                0x01077478       0x14 ./src/HAL/CAN_DBC_Lib.o
 .rodata.CAN_Set_MsgDataValue
                0x0107748c       0x10 ./src/HAL/CAN_DBC_Lib.o
 .rodata.CANTransimitRandomMessage
                0x0107749c       0x20 ./src/HAL/CAN_Operation.o
 .rodata.CANTransimitPeriodMessage
                0x010774bc       0x20 ./src/HAL/CAN_Operation.o
 .rodata.CAN_Clear_MsgDataValue
                0x010774dc       0x10 ./src/HAL/CAN_Operation.o
 .rodata.CAN_Set_ID
                0x010774ec       0x10 ./src/HAL/CAN_Operation.o
 .rodata.CAN_Set_Message
                0x010774fc       0x10 ./src/HAL/CAN_Operation.o
 .rodata.CAN_Set_MessageFlag
                0x0107750c       0x10 ./src/HAL/CAN_Operation.o
 .rodata.CAN_Set_TxMessageResend
                0x0107751c       0x10 ./src/HAL/CAN_Operation.o
 .rodata.CAN_Set_TxMessageUncondition
                0x0107752c       0x10 ./src/HAL/CAN_Operation.o
 .rodata.CAN_Get_MessageRxTxFlag
                0x0107753c       0x10 ./src/HAL/CAN_Operation.o
 .rodata.Lamp_process
                0x0107754c       0x28 ./src/HAL/Task.o
 .rodata.vdc_can_tx_process
                0x01077574       0x28 ./src/HAL/Task.o
 .rodata.CcpSSM_ChangeSessionStatus
                0x0107759c       0x18 ./src/HAL/CCP/CCP.o
 .rodata.Ccp_CMDHandler
                0x010775b4       0x90 ./src/HAL/CCP/CCP.o
 .rodata.BTS5200_Diagnostic
                0x01077644       0x10 ./src/HAL/Modules/BTS.o
 .rodata.FS65_ProcessSPI
                0x01077654       0xd4 ./src/HAL/Modules/FS6500.o
 .rodata.NCV7240B_Set_SI
                0x01077728       0x28 ./src/HAL/Modules/NCV7240B.o
 .rodata.NCV7513B_Set_Data
                0x01077750       0x18 ./src/HAL/Modules/NCV7513B.o

.eh_frame_hdr   0x01077768       0x14
 *(.eh_frame_hdr)
 .eh_frame_hdr  0x01077768       0x14 c:/nxp/s32ds_power_v2.1/s32ds/build_tools/powerpc-eabivle-4_9/bin/../lib/gcc/powerpc-eabivle/4.9.4/e200z4/fp\libgcc.a(_udivdi3.o)
                0x01077768                __GNU_EH_FRAME_HDR

.eh_frame       0x0107777c       0x84
 *(.eh_frame)
 .eh_frame      0x0107777c        0x0 c:/nxp/s32ds_power_v2.1/s32ds/build_tools/powerpc-eabivle-4_9/bin/../lib/gcc/powerpc-eabivle/4.9.4/e200z4/fp/ecrti.o
                0x0107777c                __EH_FRAME_BEGIN__
 .eh_frame      0x0107777c        0x0 c:/nxp/s32ds_power_v2.1/s32ds/build_tools/powerpc-eabivle-4_9/bin/../lib/gcc/powerpc-eabivle/4.9.4/e200z4/fp/crtbegin.o
 .eh_frame      0x0107777c        0x0 c:/nxp/s32ds_power_v2.1/s32ds/build_tools/powerpc-eabivle-4_9/bin/../lib/gcc/powerpc-eabivle/4.9.4/e200z4/fp/crtbegin.o
 .eh_frame      0x0107777c        0x0 c:/nxp/s32ds_power_v2.1/s32ds/build_tools/powerpc-eabivle-4_9/bin/../lib/gcc/powerpc-eabivle/4.9.4/e200z4/fp\libgcc.a(_udivdi3.o)
                                 0x48 (size before relaxing)
 .eh_frame      0x0107777c        0x0 c:/nxp/s32ds_power_v2.1/s32ds/build_tools/powerpc-eabivle-4_9/bin/../lib/gcc/powerpc-eabivle/4.9.4/e200z4/fp\libgcc.a(_umoddi3.o)
                                 0x4c (size before relaxing)
 .eh_frame      0x0107777c       0x7c c:/nxp/s32ds_power_v2.1/s32ds/build_tools/powerpc-eabivle-4_9/bin/../lib/gcc/powerpc-eabivle/4.9.4/e200z4/fp\libgcc.a(e200crtresxgpr.o)
 .eh_frame      0x010777f8        0x4 c:/nxp/s32ds_power_v2.1/s32ds/build_tools/powerpc-eabivle-4_9/bin/../lib/gcc/powerpc-eabivle/4.9.4/e200z4/fp/crtend.o
 .eh_frame      0x010777fc        0x4 c:/nxp/s32ds_power_v2.1/s32ds/build_tools/powerpc-eabivle-4_9/bin/../lib/gcc/powerpc-eabivle/4.9.4/e200z4/fp/ecrtn.o
                0x010777fc                __EH_FRAME_END__

.data           0x40000000      0x32a load address 0x01077800
 *(.data)
 .data          0x40000000        0x4 c:/nxp/s32ds_power_v2.1/s32ds/build_tools/powerpc-eabivle-4_9/bin/../lib/gcc/powerpc-eabivle/4.9.4/e200z4/fp\libgcc.a(eabivle.o)
 *(.data.*)
 .data.CAN      0x40000004       0x10 ./src/HAL/BASE/CAN.o
                0x40000004                CAN
 .data.CAN_RX_Array
                0x40000014       0x10 ./src/HAL/BASE/CAN.o
                0x40000014                CAN_RX_Array
 .data.linTi.17924
                0x40000024        0x1 ./src/HAL/BASE/Lin.o
 *fill*         0x40000025        0x3 
 .data.my_etpu_config
                0x40000028       0x28 ./src/HAL/BASE/etpu_set/untitled_etpu_gct.o
                0x40000028                my_etpu_config
 .data.C_mbnow.19428
                0x40000050        0x1 ./src/HAL/CAN_Operation.o
 .data.P_mbnow.19426
                0x40000051        0x1 ./src/HAL/CAN_Operation.o
 .data.B_mbnow.19427
                0x40000052        0x1 ./src/HAL/CAN_Operation.o
 .data.X_mbnow.19429
                0x40000053        0x1 ./src/HAL/CAN_Operation.o
 .data.C_mbnow.19461
                0x40000054        0x1 ./src/HAL/CAN_Operation.o
 .data.P_mbnow.19459
                0x40000055        0x1 ./src/HAL/CAN_Operation.o
 .data.B_mbnow.19460
                0x40000056        0x1 ./src/HAL/CAN_Operation.o
 .data.X_mbnow.19462
                0x40000057        0x1 ./src/HAL/CAN_Operation.o
 .data.Bus_Ack_StartTime.19680
                0x40000058        0x4 ./src/HAL/CAN_Operation.o
 .data.Bus_Ack_StartTime2.19681
                0x4000005c        0x4 ./src/HAL/CAN_Operation.o
 .data.AGING_TEST_CHANNEL_FREQ_SET
                0x40000060       0x10 ./src/HAL/Task.o
                0x40000060                AGING_TEST_CHANNEL_FREQ_SET
 .data.timeStart.22029