Archive member included to satisfy reference by file (symbol)

C:/NXP/S32DS_Power_v2.1/S32DS/build_tools/e200_ewl2/lib/e200z4/fp\libc99.a(memcpy.o)
                              ./src/APP/DHP_CC_FltStore.o (memcpy)
C:/NXP/S32DS_Power_v2.1/S32DS/build_tools/e200_ewl2/lib/e200z4/fp\libc99.a(memset.o)
                              ./src/APP/DHP_model.o (memset)
C:/NXP/S32DS_Power_v2.1/S32DS/build_tools/e200_ewl2/lib/e200z4/fp\libc99.a(__filll_mem.o)
                              C:/NXP/S32DS_Power_v2.1/S32DS/build_tools/e200_ewl2/lib/e200z4/fp\libc99.a(memset.o) (__fill_mem)
C:/NXP/S32DS_Power_v2.1/S32DS/build_tools/e200_ewl2/lib/e200z4/fp\libm.a(math_api.o)
                              ./src/APP/DHP.o (__ewl_generic_count_bits32)
C:/NXP/S32DS_Power_v2.1/S32DS/build_tools/e200_ewl2/lib/e200z4/fp\libm.a(s_floor.o)
                              ./src/APP/DHP.o (floor)
c:/nxp/s32ds_power_v2.1/s32ds/build_tools/powerpc-eabivle-4_9/bin/../lib/gcc/powerpc-eabivle/4.9.4/e200z4/fp\libgcc.a(_lshrdi3.o)
                              C:/NXP/S32DS_Power_v2.1/S32DS/build_tools/e200_ewl2/lib/e200z4/fp\libm.a(math_api.o) (__lshrdi3)
c:/nxp/s32ds_power_v2.1/s32ds/build_tools/powerpc-eabivle-4_9/bin/../lib/gcc/powerpc-eabivle/4.9.4/e200z4/fp\libgcc.a(_ashldi3.o)
                              C:/NXP/S32DS_Power_v2.1/S32DS/build_tools/e200_ewl2/lib/e200z4/fp\libm.a(math_api.o) (__ashldi3)
c:/nxp/s32ds_power_v2.1/s32ds/build_tools/powerpc-eabivle-4_9/bin/../lib/gcc/powerpc-eabivle/4.9.4/e200z4/fp\libgcc.a(_sf_to_df.o)
                              ./src/APP/DHP.o (__extendsfdf2)
c:/nxp/s32ds_power_v2.1/s32ds/build_tools/powerpc-eabivle-4_9/bin/../lib/gcc/powerpc-eabivle/4.9.4/e200z4/fp\libgcc.a(_addsub_df.o)
                              C:/NXP/S32DS_Power_v2.1/S32DS/build_tools/e200_ewl2/lib/e200z4/fp\libm.a(s_floor.o) (__adddf3)
c:/nxp/s32ds_power_v2.1/s32ds/build_tools/powerpc-eabivle-4_9/bin/../lib/gcc/powerpc-eabivle/4.9.4/e200z4/fp\libgcc.a(_gt_df.o)
                              C:/NXP/S32DS_Power_v2.1/S32DS/build_tools/e200_ewl2/lib/e200z4/fp\libm.a(math_api.o) (__gtdf2)
c:/nxp/s32ds_power_v2.1/s32ds/build_tools/powerpc-eabivle-4_9/bin/../lib/gcc/powerpc-eabivle/4.9.4/e200z4/fp\libgcc.a(_lt_df.o)
                              C:/NXP/S32DS_Power_v2.1/S32DS/build_tools/e200_ewl2/lib/e200z4/fp\libm.a(math_api.o) (__ltdf2)
c:/nxp/s32ds_power_v2.1/s32ds/build_tools/powerpc-eabivle-4_9/bin/../lib/gcc/powerpc-eabivle/4.9.4/e200z4/fp\libgcc.a(_make_df.o)
                              c:/nxp/s32ds_power_v2.1/s32ds/build_tools/powerpc-eabivle-4_9/bin/../lib/gcc/powerpc-eabivle/4.9.4/e200z4/fp\libgcc.a(_sf_to_df.o) (__make_dp)
c:/nxp/s32ds_power_v2.1/s32ds/build_tools/powerpc-eabivle-4_9/bin/../lib/gcc/powerpc-eabivle/4.9.4/e200z4/fp\libgcc.a(_df_to_sf.o)
                              ./src/APP/DHP.o (__truncdfsf2)
c:/nxp/s32ds_power_v2.1/s32ds/build_tools/powerpc-eabivle-4_9/bin/../lib/gcc/powerpc-eabivle/4.9.4/e200z4/fp\libgcc.a(_thenan_df.o)
                              c:/nxp/s32ds_power_v2.1/s32ds/build_tools/powerpc-eabivle-4_9/bin/../lib/gcc/powerpc-eabivle/4.9.4/e200z4/fp\libgcc.a(_addsub_df.o) (__thenan_df)
c:/nxp/s32ds_power_v2.1/s32ds/build_tools/powerpc-eabivle-4_9/bin/../lib/gcc/powerpc-eabivle/4.9.4/e200z4/fp\libgcc.a(e200crtresxgpr.o)
                              C:/NXP/S32DS_Power_v2.1/S32DS/build_tools/e200_ewl2/lib/e200z4/fp\libm.a(math_api.o) (_restgpr_26_x)
c:/nxp/s32ds_power_v2.1/s32ds/build_tools/powerpc-eabivle-4_9/bin/../lib/gcc/powerpc-eabivle/4.9.4/e200z4/fp\libgcc.a(eabivle.o)
                              ./src/main_Z4_0.o (__eabi)
c:/nxp/s32ds_power_v2.1/s32ds/build_tools/powerpc-eabivle-4_9/bin/../lib/gcc/powerpc-eabivle/4.9.4/e200z4/fp\libgcc.a(_unpack_sf.o)
                              c:/nxp/s32ds_power_v2.1/s32ds/build_tools/powerpc-eabivle-4_9/bin/../lib/gcc/powerpc-eabivle/4.9.4/e200z4/fp\libgcc.a(_sf_to_df.o) (__unpack_f)
c:/nxp/s32ds_power_v2.1/s32ds/build_tools/powerpc-eabivle-4_9/bin/../lib/gcc/powerpc-eabivle/4.9.4/e200z4/fp\libgcc.a(_make_sf.o)
                              c:/nxp/s32ds_power_v2.1/s32ds/build_tools/powerpc-eabivle-4_9/bin/../lib/gcc/powerpc-eabivle/4.9.4/e200z4/fp\libgcc.a(_df_to_sf.o) (__make_fp)
c:/nxp/s32ds_power_v2.1/s32ds/build_tools/powerpc-eabivle-4_9/bin/../lib/gcc/powerpc-eabivle/4.9.4/e200z4/fp\libgcc.a(_pack_df.o)
                              c:/nxp/s32ds_power_v2.1/s32ds/build_tools/powerpc-eabivle-4_9/bin/../lib/gcc/powerpc-eabivle/4.9.4/e200z4/fp\libgcc.a(_addsub_df.o) (__pack_d)
c:/nxp/s32ds_power_v2.1/s32ds/build_tools/powerpc-eabivle-4_9/bin/../lib/gcc/powerpc-eabivle/4.9.4/e200z4/fp\libgcc.a(_unpack_df.o)
                              c:/nxp/s32ds_power_v2.1/s32ds/build_tools/powerpc-eabivle-4_9/bin/../lib/gcc/powerpc-eabivle/4.9.4/e200z4/fp\libgcc.a(_addsub_df.o) (__unpack_d)
c:/nxp/s32ds_power_v2.1/s32ds/build_tools/powerpc-eabivle-4_9/bin/../lib/gcc/powerpc-eabivle/4.9.4/e200z4/fp\libgcc.a(_fpcmp_parts_df.o)
[...]
Memory Configuration

Name             Origin             Length             Attributes
flash_rchw       0x00fa0000         0x00000004
cpu0_reset_vec   0x00fa0010         0x00000004
cpu1_reset_vec   0x00fa0014         0x00000004
m_text           0x011c0000         0x001c0000
history_ram1     0x40018000         0x00000100
history_ram2     0x40018100         0x00000400
ccp_acr_ram      0x40018500         0x00003180
ccp_avas_ram     0x4001b680         0x00000080
ccp_chrg_ram     0x4001b700         0x00000100
ccp_dhp_ram      0x4001b800         0x00000600
ccp_dim_ram      0x4001be00         0x00001780
ccp_dom_ram      0x4001d580         0x00000980
ccp_dsi_ram      0x4001df00         0x00000080
ccp_enm_ram      0x4001df80         0x00000500
ccp_hali_ram     0x4001e480         0x00000280
ccp_nm_ram       0x4001e700         0x00000080
ccp_peps_ram     0x4001e780         0x00000100
ccp_pmm_ram      0x4001e880         0x00000100
ccp_scr_ram      0x4001e980         0x00000f00
ccp_tmm_ram      0x4001f880         0x00000600
ccp_tqfrate_ram  0x4001fe80         0x00000b00
ccp_tqm_ram      0x40020980         0x00005b80
ccp_bsw_ram      0x40026500         0x00000080
ccp_btk_ram      0x40026580         0x00000080
m_data           0x40030000         0x0000e000
m_init           0x4003e000         0x00002000
local_imem       0x50000000         0x00004000
local_dmem       0x50800000         0x00008000
*default*        0x00000000         0xffffffff

Linker script and memory map

LOAD c:/nxp/s32ds_power_v2.1/s32ds/build_tools/powerpc-eabivle-4_9/bin/../lib/gcc/powerpc-eabivle/4.9.4/e200z4/fp/ecrti.o
LOAD c:/nxp/s32ds_power_v2.1/s32ds/build_tools/powerpc-eabivle-4_9/bin/../lib/gcc/powerpc-eabivle/4.9.4/e200z4/fp/crtbegin.o
LOAD ./Project_Settings/Startup_Code/startup.o
LOAD ./src/APP/ACR_Cal_Data.o
LOAD ./src/APP/AVAS_Cal_Data.o
LOAD ./src/APP/BTK_Cal_Data.o
LOAD ./src/APP/CHRG_Cal_Data.o
LOAD ./src/APP/DHP.o
LOAD ./src/APP/DHP_CC_FltStore.o
LOAD ./src/APP/DHP_Cal_Data.o
LOAD ./src/APP/DHP_Sub_HardwireSignal_Filter.o
LOAD ./src/APP/DHP_model.o
LOAD ./src/APP/DIM_Cal_Data.o
LOAD ./src/APP/DOM_Cal_Data.o
LOAD ./src/APP/ENM_Cal_Data.o
LOAD ./src/APP/Funcs_DHP_lib.o
LOAD ./src/APP/HAL_Cal_Data.o
LOAD ./src/APP/NM_Cal_Data.o
LOAD ./src/APP/PEPS_Cal_Data.o
LOAD ./src/APP/PMM_Cal_Data.o
LOAD ./src/APP/SCR_Cal_Data.o
LOAD ./src/APP/TMM_Cal_Data.o
LOAD ./src/APP/TQFRate_Cal_Data.o
LOAD ./src/APP/TQM_Cal_Data.o
LOAD ./src/HAL/BASE/CAN.o
LOAD ./src/HAL/BASE/GPIO.o
LOAD ./src/HAL/BASE/SYS.o
LOAD ./src/HAL/BASE/flash.o
LOAD ./src/HAL/CAN_Operation.o
LOAD ./src/HAL/Global.o
LOAD ./src/HAL/Interrupt.o
LOAD ./src/HAL/Task.o
LOAD ./src/HAL/EXCHANGE/EX_Code.o
LOAD ./src/HAL/EXCHANGE/EX_Data.o
LOAD ./src/HAL/EXCHANGE/EX_Lib.o
LOAD ./src/HAL/Modules/M95128.o
LOAD ./src/HAL/NVM/History_Data.o
LOAD ./src/HAL/NVM/NVM.o
LOAD ./src/HAL/NVM/NVM_AppData.o
LOAD ./src/HAL/NVM/NVM_DTC.o
LOAD ./src/HAL/NVM/NVM_DidCal.o
LOAD ./src/HAL/UDS/UDS_Interface.o
LOAD ./src/HAL/UDS/uds_service.o
LOAD ./src/HAL/UDS/uds_tp.o
LOAD ./src/MPC57xx__Interrupt_Init.o
LOAD ./src/Vector.o
LOAD ./src/intc_SW_mode_isr_vectors_MPC574xR.o
LOAD ./src/intc_sw_handlers.o
LOAD ./src/main_Z4_0.o
START GROUP
LOAD C:/NXP/S32DS_Power_v2.1/S32DS/build_tools/e200_ewl2/lib/e200z4/fp\libc99.a
LOAD C:/NXP/S32DS_Power_v2.1/S32DS/build_tools/e200_ewl2/lib/e200z4/fp\libm.a
LOAD c:/nxp/s32ds_power_v2.1/s32ds/build_tools/powerpc-eabivle-4_9/bin/../lib/gcc/powerpc-eabivle/4.9.4/e200z4/fp\libgcc.a
LOAD C:/NXP/S32DS_Power_v2.1/S32DS/build_tools/e200_ewl2/lib/e200z4/fp\librt.a
END GROUP
LOAD c:/nxp/s32ds_power_v2.1/s32ds/build_tools/powerpc-eabivle-4_9/bin/../lib/gcc/powerpc-eabivle/4.9.4/e200z4/fp/crtend.o
LOAD c:/nxp/s32ds_power_v2.1/s32ds/build_tools/powerpc-eabivle-4_9/bin/../lib/gcc/powerpc-eabivle/4.9.4/e200z4/fp/ecrtn.o
                0x00000000                __HEAP_SIZE = 0x0
                0x00001000                __STACK_SIZE = 0x1000
                0x0000e000                SRAM_SIZE = 0xe000
                0x40030000                SRAM_BASE_ADDR = 0x40030000
                0x00004000                LOCALIMEM_SIZE = 0x4000
                0x50000000                LOCALIMEM_BASE_ADDR = 0x50000000
                0x00008000                LOCALDMEM_SIZE = 0x8000
                0x50800000                LOCALDMEM_BASE_ADDR = 0x50800000

.rchw
 *(.rchw)

.cpu0_reset_vector
 *(.cpu0_reset_vector)

.cpu1_reset_vector
 *(.cpu1_reset_vector)

.startup        0x011c0000      0x24a
                0x011c0000                __start = .
 *(.startup)
 .startup       0x011c0000      0x24a ./Project_Settings/Startup_Code/startup.o
                0x011c0000                _start

.core_exceptions_table
                0x011c1000       0xf4
                0x011c1000                __IVPR_VALUE = .
 *(.core_exceptions_table)
 .core_exceptions_table
                0x011c1000       0xf4 ./src/Vector.o
                0x011c1000                IVOR0_Vector
                0x011c1000                VTABLE
                0x011c1010                IVOR1_Vector
                0x011c1020                IVOR2_Vector
                0x011c1030                IVOR3_Vector
                0x011c1040                IVOR4_Vector
                0x011c1050                IVOR5_Vector
                0x011c1060                IVOR6_Vector
                0x011c1070                IVOR7_Vector
                0x011c1080                IVOR8_Vector
                0x011c1090                IVOR9_Vector
                0x011c10a0                IVOR10_Vector
                0x011c10b0                IVOR11_Vector
                0x011c10c0                IVOR12_Vector
                0x011c10d0                IVOR13_Vector
                0x011c10e0                IVOR14_Vector
                0x011c10f0                IVOR15_Vector

.intc_vector_table
                0x011c2000      0xea8
 *(.intc_vector_table)
 .intc_vector_table
                0x011c2000      0xea8 ./src/intc_SW_mode_isr_vectors_MPC574xR.o
                0x011c2000                IntcIsrVectorTable

.text           0x011c2eb0    0x48a20
 *(.text.startup)
 *(.text)
 .text          0x011c2eb0      0x16c c:/nxp/s32ds_power_v2.1/s32ds/build_tools/powerpc-eabivle-4_9/bin/../lib/gcc/powerpc-eabivle/4.9.4/e200z4/fp/crtbegin.o
 *fill*         0x011c301c        0x4 
 .text          0x011c3020       0x48 ./src/intc_sw_handlers.o
                0x011c3020                IVOR4_Handler
 .text          0x011c3068       0x38 c:/nxp/s32ds_power_v2.1/s32ds/build_tools/powerpc-eabivle-4_9/bin/../lib/gcc/powerpc-eabivle/4.9.4/e200z4/fp\libgcc.a(_sf_to_df.o)
                0x011c3068                __extendsfdf2
 .text          0x011c30a0      0x37e c:/nxp/s32ds_power_v2.1/s32ds/build_tools/powerpc-eabivle-4_9/bin/../lib/gcc/powerpc-eabivle/4.9.4/e200z4/fp\libgcc.a(_addsub_df.o)
                0x011c3360                __adddf3
                0x011c33bc                __subdf3
 *fill*         0x011c341e        0x2 
 .text          0x011c3420       0x64 c:/nxp/s32ds_power_v2.1/s32ds/build_tools/powerpc-eabivle-4_9/bin/../lib/gcc/powerpc-eabivle/4.9.4/e200z4/fp\libgcc.a(_gt_df.o)
                0x011c3420                __gtdf2
 .text          0x011c3484       0x26 c:/nxp/s32ds_power_v2.1/s32ds/build_tools/powerpc-eabivle-4_9/bin/../lib/gcc/powerpc-eabivle/4.9.4/e200z4/fp\libgcc.a(_make_df.o)
                0x011c3484                __make_dp
 *fill*         0x011c34aa        0x2 
 .text          0x011c34ac       0x44 c:/nxp/s32ds_power_v2.1/s32ds/build_tools/powerpc-eabivle-4_9/bin/../lib/gcc/powerpc-eabivle/4.9.4/e200z4/fp\libgcc.a(_df_to_sf.o)
                0x011c34ac                __truncdfsf2
 .text          0x011c34f0       0x52 c:/nxp/s32ds_power_v2.1/s32ds/build_tools/powerpc-eabivle-4_9/bin/../lib/gcc/powerpc-eabivle/4.9.4/e200z4/fp\libgcc.a(e200crtresxgpr.o)
                0x011c34f0                _restgpr_14_x
                0x011c34f4                _restgpr_15_x
                0x011c34f8                _restgpr_16_x
                0x011c34fc                _restgpr_17_x
                0x011c3500                _restgpr_18_x
                0x011c3504                _restgpr_19_x
                0x011c3508                _restgpr_20_x
                0x011c350c                _restgpr_21_x
                0x011c3510                _restgpr_22_x
                0x011c3514                _restgpr_23_x
                0x011c3518                _restgpr_24_x
                0x011c351c                _restgpr_25_x
                0x011c3520                _restgpr_26_x
                0x011c3524                _restgpr_27_x
                0x011c3528                _restgpr_28_x
                0x011c352c                _restgpr_29_x
                0x011c3530                _restgpr_30_x
                0x011c3534                _restgpr_31_x
 .text          0x011c3542       0x4a c:/nxp/s32ds_power_v2.1/s32ds/build_tools/powerpc-eabivle-4_9/bin/../lib/gcc/powerpc-eabivle/4.9.4/e200z4/fp\libgcc.a(eabivle.o)
                0x011c3542                __eabi
 .text          0x011c358c       0x80 c:/nxp/s32ds_power_v2.1/s32ds/build_tools/powerpc-eabivle-4_9/bin/../lib/gcc/powerpc-eabivle/4.9.4/e200z4/fp\libgcc.a(_unpack_sf.o)
                0x011c358c                __unpack_f
 .text          0x011c360c       0x20 c:/nxp/s32ds_power_v2.1/s32ds/build_tools/powerpc-eabivle-4_9/bin/../lib/gcc/powerpc-eabivle/4.9.4/e200z4/fp\libgcc.a(_make_sf.o)
                0x011c360c                __make_fp
 .text          0x011c362c      0x1e6 c:/nxp/s32ds_power_v2.1/s32ds/build_tools/powerpc-eabivle-4_9/bin/../lib/gcc/powerpc-eabivle/4.9.4/e200z4/fp\libgcc.a(_pack_df.o)
                0x011c362c                __pack_d
 *fill*         0x011c3812        0x2 
 .text          0x011c3814       0xb0 c:/nxp/s32ds_power_v2.1/s32ds/build_tools/powerpc-eabivle-4_9/bin/../lib/gcc/powerpc-eabivle/4.9.4/e200z4/fp\libgcc.a(_unpack_df.o)
                0x011c3814                __unpack_d
 .text          0x011c38c4       0xc6 c:/nxp/s32ds_power_v2.1/s32ds/build_tools/powerpc-eabivle-4_9/bin/../lib/gcc/powerpc-eabivle/4.9.4/e200z4/fp\libgcc.a(_fpcmp_parts_df.o)
                0x011c38c4                __fpcmp_parts_d
 *fill*         0x011c398a        0x2 
 .text          0x011c398c      0x118 c:/nxp/s32ds_power_v2.1/s32ds/build_tools/powerpc-eabivle-4_9/bin/../lib/gcc/powerpc-eabivle/4.9.4/e200z4/fp\libgcc.a(_pack_sf.o)
                0x011c398c                __pack_f
 .text          0x011c3aa4       0x48 c:/nxp/s32ds_power_v2.1/s32ds/build_tools/powerpc-eabivle-4_9/bin/../lib/gcc/powerpc-eabivle/4.9.4/e200z4/fp/crtend.o
 *(.text.*)
 .text.DHP_model_AllFaultPriorityCollect
                0x011c3aec     0x9994 ./src/APP/DHP.o
                0x011c3aec                DHP_model_AllFaultPriorityCollect
 .text.DHP_model_DHP_FaultStore_Interface
                0x011cd480     0x9824 ./src/APP/DHP.o
                0x011cd480                DHP_model_DHP_FaultStore_Interface
 .text.DHP_model_AccPdlSenRefVoltInstFlt
                0x011d6ca4      0x14a ./src/APP/DHP.o
                0x011d6ca4                DHP_model_AccPdlSenRefVoltInstFlt
 *fill*         0x011d6dee        0x2 
 .text.DHP_model_AccPdlSenRefVoltInstFlt_Test
                0x011d6df0      0x14a ./src/APP/DHP.o
                0x011d6df0                DHP_model_AccPdlSenRefVoltInstFlt_Test
 *fill*         0x011d6f3a        0x2 
 .text.DHP_model_LowVoltBatErrState_Test
                0x011d6f3c       0x80 ./src/APP/DHP.o
                0x011d6f3c                DHP_model_LowVoltBatErrState_Test
 .text.DHP_model_VcuControlDevice1InstErrGenerate_Disable
                0x011d6fbc       0x54 ./src/APP/DHP.o
                0x011d6fbc                DHP_model_VcuControlDevice1InstErrGenerate_Disable
 .text.DHP_model_VcuControlDevice1InstErrGenerate
                0x011d7010     0x2bf8 ./src/APP/DHP.o
                0x011d7010                DHP_model_VcuControlDevice1InstErrGenerate
 .text.DHP_model_VcuControlDevice2InstErrGenerate
                0x011d9c08     0x398e ./src/APP/DHP.o
                0x011d9c08                DHP_model_VcuControlDevice2InstErrGenerate
 *fill*         0x011dd596        0x2 
 .text.DHP_model_VehDriveSysInstErrGenerate_Init
                0x011dd598       0x22 ./src/APP/DHP.o
                0x011dd598                DHP_model_VehDriveSysInstErrGenerate_Init
 *fill*         0x011dd5ba        0x2 
 .text.DHP_model_VehDriveSysInstErrGenerate
                0x011dd5bc     0x2d82 ./src/APP/DHP.o
                0x011dd5bc                DHP_model_VehDriveSysInstErrGenerate
 *fill*         0x011e033e        0x2 
 .text.DHP_model_VehOtherDeviceInstErrGenerate
                0x011e0340     0x177a ./src/APP/DHP.o
                0x011e0340                DHP_model_VehOtherDeviceInstErrGenerate
 *fill*         0x011e1aba        0x2 
 .text.DHP_model_VehPowerOnDelayWorkFlagCollect
                0x011e1abc      0x3ce ./src/APP/DHP.o
                0x011e1abc                DHP_model_VehPowerOnDelayWorkFlagCollect
 *fill*         0x011e1e8a        0x2 
 .text.DHP_model_VehPowerSysInstErrGenerate
                0x011e1e8c     0x1542 ./src/APP/DHP.o
                0x011e1e8c                DHP_model_VehPowerSysInstErrGenerate
 *fill*         0x011e33ce        0x2 
 .text.DHP_model_SysErrProduct2_Init
                0x011e33d0       0x22 ./src/APP/DHP.o
                0x011e33d0                DHP_model_SysErrProduct2_Init
 *fill*         0x011e33f2        0x2 
 .text.DHP_model_SysErrProduct2_Disable
                0x011e33f4       0x22 ./src/APP/DHP.o
                0x011e33f4                DHP_model_SysErrProduct2_Disable
 *fill*         0x011e3416        0x2 
 .text.DHP_model_SysErrProduct2
                0x011e3418       0xe0 ./src/APP/DHP.o
                0x011e3418                DHP_model_SysErrProduct2
 .text.DHP_model_AccPdlHVoltHigh
                0x011e34f8       0x82 ./src/APP/DHP.o
                0x011e34f8                DHP_model_AccPdlHVoltHigh
 *fill*         0x011e357a        0x2 
 .text.DHP_model_AccPdlHVoltLow
                0x011e357c       0x82 ./src/APP/DHP.o
                0x011e357c                DHP_model_AccPdlHVoltLow
 *fill*         0x011e35fe        0x2 
 .text.DHP_model_AccPdlLHVoltDeath
                0x011e3600       0x82 ./src/APP/DHP.o
                0x011e3600                DHP_model_AccPdlLHVoltDeath
 *fill*         0x011e3682        0x2 
 .text.DHP_model_AccPdlLVoltHigh
                0x011e3684       0x82 ./src/APP/DHP.o
                0x011e3684                DHP_model_AccPdlLVoltHigh
 *fill*         0x011e3706        0x2 
 .text.DHP_model_AccPdlLVoltLow
                0x011e3708       0x82 ./src/APP/DHP.o
                0x011e3708                DHP_model_AccPdlLVoltLow
 *fill*         0x011e378a        0x2 
 .text.DHP_model_AccPdlSenRefVoltHigh
                0x011e378c       0x82 ./src/APP/DHP.o
                0x011e378c                DHP_model_AccPdlSenRefVoltHigh
 *fill*         0x011e380e        0x2 
 .text.DHP_model_AccPdlSenRefVoltLow
                0x011e3810       0x82 ./src/APP/DHP.o
                0x011e3810                DHP_model_AccPdlSenRefVoltLow
 *fill*         0x011e3892        0x2 
 .text.DHP_model_AccelPdlRat
                0x011e3894       0x82 ./src/APP/DHP.o
                0x011e3894                DHP_model_AccelPdlRat
 *fill*         0x011e3916        0x2 
 .text.DHP_model_AccelPdlRatDeath
                0x011e3918      0x3a4 ./src/APP/DHP.o
                0x011e3918                DHP_model_AccelPdlRatDeath
 .text.DHP_model_ACC_Fault
                0x011e3cbc       0x42 ./src/APP/DHP.o
                0x011e3cbc                DHP_model_ACC_Fault
 *fill*         0x011e3cfe        0x2 
 .text.DHP_model_OverDiagnVolt
                0x011e3d00       0x82 ./src/APP/DHP.o
                0x011e3d00                DHP_model_OverDiagnVolt
 *fill*         0x011e3d82        0x2 
 .text.DHP_model_PTBusOff
                0x011e3d84       0x70 ./src/APP/DHP.o
                0x011e3d84                DHP_model_PTBusOff
 .text.DHP_model_PTCanLoss
                0x011e3df4      0x208 ./src/APP/DHP.o
                0x011e3df4                DHP_model_PTCanLoss
 .text.DHP_model_UnderDiagnVolt
                0x011e3ffc       0x82 ./src/APP/DHP.o
                0x011e3ffc                DHP_model_UnderDiagnVolt
 *fill*         0x011e407e        0x2 
 .text.DHP_model_BUSOFF_Fault
                0x011e4080       0x2e ./src/APP/DHP.o
                0x011e4080                DHP_model_BUSOFF_Fault
 *fill*         0x011e40ae        0x2 
 .text.DHP_model_IGN1FeedVoltFlt
                0x011e40b0       0x70 ./src/APP/DHP.o
                0x011e40b0                DHP_model_IGN1FeedVoltFlt
 .text.DHP_model_IGN2FeedVoltFlt
                0x011e4120       0x70 ./src/APP/DHP.o
                0x011e4120                DHP_model_IGN2FeedVoltFlt
 .text.DHP_model_SSBSyncFlt
                0x011e4190       0x70 ./src/APP/DHP.o
                0x011e4190                DHP_model_SSBSyncFlt
 .text.DHP_model_VCUHwLSEsclPwrFlt
                0x011e4200       0x82 ./src/APP/DHP.o
                0x011e4200                DHP_model_VCUHwLSEsclPwrFlt
 *fill*         0x011e4282        0x2 
 .text.DHP_model_VCUHwLSIGN1Flt
                0x011e4284       0x82 ./src/APP/DHP.o
                0x011e4284                DHP_model_VCUHwLSIGN1Flt
 *fill*         0x011e4306        0x2 
 .text.DHP_model_VCUHwLSIGN2Flt
                0x011e4308       0x82 ./src/APP/DHP.o
                0x011e4308                DHP_model_VCUHwLSIGN2Flt
 *fill*         0x011e438a        0x2 
 .text.DHP_model_BlueToothKey_Fault
                0x011e438c       0x36 ./src/APP/DHP.o
                0x011e438c                DHP_model_BlueToothKey_Fault
 *fill*         0x011e43c2        0x2 
 .text.DHP_model_BrkDSCheck0
                0x011e43c4       0x82 ./src/APP/DHP.o
                0x011e43c4                DHP_model_BrkDSCheck0
 *fill*         0x011e4446        0x2 
 .text.DHP_model_BrkDSCheck1
                0x011e4448       0x80 ./src/APP/DHP.o
                0x011e4448                DHP_model_BrkDSCheck1
 .text.DHP_model_Brk_Fault
                0x011e44c8       0x26 ./src/APP/DHP.o
                0x011e44c8                DHP_model_Brk_Fault
 *fill*         0x011e44ee        0x2 
 .text.DHP_model_ABS232Missing
                0x011e44f0       0x70 ./src/APP/DHP.o
                0x011e44f0                DHP_model_ABS232Missing
 .text.DHP_model_ABSLossCanNet
                0x011e4560       0x70 ./src/APP/DHP.o
                0x011e4560                DHP_model_ABSLossCanNet
 .text.DHP_model_BMS113Missing
                0x011e45d0       0x74 ./src/APP/DHP.o
                0x011e45d0                DHP_model_BMS113Missing
 .text.DHP_model_BMS303Missing
                0x011e4644       0x74 ./src/APP/DHP.o
                0x011e4644                DHP_model_BMS303Missing
 .text.DHP_model_BMSLossCanNet
                0x011e46b8       0x70 ./src/APP/DHP.o
                0x011e46b8                DHP_model_BMSLossCanNet
 .text.DHP_model_BMSMissing
                0x011e4728      0x60a ./src/APP/DHP.o
                0x011e4728                DHP_model_BMSMissing
 *fill*         0x011e4d32        0x2 
 .text.DHP_model_DCDCLossCanNet
                0x011e4d34       0x70 ./src/APP/DHP.o
                0x011e4d34                DHP_model_DCDCLossCanNet
 .text.DHP_model_DCDCMissing
                0x011e4da4      0x20a ./src/APP/DHP.o
                0x011e4da4                DHP_model_DCDCMissing
 *fill*         0x011e4fae        0x2 
 .text.DHP_model_EACLossCanNet
                0x011e4fb0       0x70 ./src/APP/DHP.o
                0x011e4fb0                DHP_model_EACLossCanNet
 .text.DHP_model_ECCLossCanNet
                0x011e5020       0x70 ./src/APP/DHP.o
                0x011e5020                DHP_model_ECCLossCanNet
 .text.DHP_model_EHULossCanNet
                0x011e5090       0x70 ./src/APP/DHP.o
                0x011e5090                DHP_model_EHULossCanNet
 .text.DHP_model_EPSLossCanNet
                0x011e5100       0x70 ./src/APP/DHP.o
                0x011e5100                DHP_model_EPSLossCanNet
 .text.DHP_model_GWLossCanNet
                0x011e5170       0x70 ./src/APP/DHP.o
                0x011e5170                DHP_model_GWLossCanNet
 .text.DHP_model_ICMLossCanNet
                0x011e51e0       0x70 ./src/APP/DHP.o
                0x011e51e0                DHP_model_ICMLossCanNet
 .text.DHP_model_MCULossCanNet
                0x011e5250       0x70 ./src/APP/DHP.o
                0x011e5250                DHP_model_MCULossCanNet
 .text.DHP_model_MCUMissing
                0x011e52c0      0x970 ./src/APP/DHP.o
                0x011e52c0                DHP_model_MCUMissing
 .text.DHP_model_NMLipHome
                0x011e5c30       0x80 ./src/APP/DHP.o
                0x011e5c30                DHP_model_NMLipHome
 .text.DHP_model_OBCLossCanNet
                0x011e5cb0       0x70 ./src/APP/DHP.o
                0x011e5cb0                DHP_model_OBCLossCanNet
 .text.DHP_model_OBCMissing
                0x011e5d20      0x240 ./src/APP/DHP.o
                0x011e5d20                DHP_model_OBCMissing
 .text.DHP_model_SRSLossCanNet
                0x011e5f60       0x74 ./src/APP/DHP.o
                0x011e5f60                DHP_model_SRSLossCanNet
 .text.DHP_model_TBOXLossCanNet
                0x011e5fd4       0x70 ./src/APP/DHP.o
                0x011e5fd4                DHP_model_TBOXLossCanNet
 .text.DHP_model_TMSLossCanNet
                0x011e6044       0x70 ./src/APP/DHP.o
                0x011e6044                DHP_model_TMSLossCanNet
 .text.DHP_model_XBSLossCanNet
                0x011e60b4       0x70 ./src/APP/DHP.o
                0x011e60b4                DHP_model_XBSLossCanNet
 .text.DHP_model_CANComm_Fault
                0x011e6124       0x7a ./src/APP/DHP.o
                0x011e6124                DHP_model_CANComm_Fault
 *fill*         0x011e619e        0x2 
 .text.DHP_model_CoolSysErr
                0x011e61a0       0x82 ./src/APP/DHP.o
                0x011e61a0                DHP_model_CoolSysErr
 *fill*         0x011e6222        0x2 
 .text.DHP_model_CoolSys_Fault
                0x011e6224       0x22 ./src/APP/DHP.o
                0x011e6224                DHP_model_CoolSys_Fault
 *fill*         0x011e6246        0x2 
 .text.DHP_model_GearSingleNotInAera
                0x011e6248       0x82 ./src/APP/DHP.o
                0x011e6248                DHP_model_GearSingleNotInAera
 *fill*         0x011e62ca        0x2 
 .text.DHP_model_Gear_Fault
                0x011e62cc       0x22 ./src/APP/DHP.o
                0x011e62cc                DHP_model_Gear_Fault
 *fill*         0x011e62ee        0x2 
 .text.DHP_model_AuxBattVoltHighFlt
                0x011e62f0       0x82 ./src/APP/DHP.o
                0x011e62f0                DHP_model_AuxBattVoltHighFlt
 *fill*         0x011e6372        0x2 
 .text.DHP_model_AuxBattVoltHighWarn
                0x011e6374       0x82 ./src/APP/DHP.o
                0x011e6374                DHP_model_AuxBattVoltHighWarn
 *fill*         0x011e63f6        0x2 
 .text.DHP_model_AuxBattVoltLowFlt
                0x011e63f8       0x82 ./src/APP/DHP.o
                0x011e63f8                DHP_model_AuxBattVoltLowFlt
 *fill*         0x011e647a        0x2 
 .text.DHP_model_AuxBattVoltLowWarn
                0x011e647c       0x82 ./src/APP/DHP.o
                0x011e647c                DHP_model_AuxBattVoltLowWarn
 *fill*         0x011e64fe        0x2 
 .text.DHP_model_LBattery_Fault
                0x011e6500       0x2e ./src/APP/DHP.o
                0x011e6500                DHP_model_LBattery_Fault
 *fill*         0x011e652e        0x2 
 .text.DHP_model_ACCHWSignalAbnormal
                0x011e6530       0x7e ./src/APP/DHP.o
                0x011e6530                DHP_model_ACCHWSignalAbnormal
 *fill*         0x011e65ae        0x2 
 .text.DHP_model_MechanicalKey_Fault
                0x011e65b0       0x22 ./src/APP/DHP.o
                0x011e65b0                DHP_model_MechanicalKey_Fault
 *fill*         0x011e65d2        0x2 
 .text.DHP_model_ChrgFault
                0x011e65d4       0x70 ./src/APP/DHP.o
                0x011e65d4                DHP_model_ChrgFault
 .text.DHP_model_ChrgLockCheckTimeout
                0x011e6644       0x70 ./src/APP/DHP.o
                0x011e6644                DHP_model_ChrgLockCheckTimeout
 .text.DHP_model_ChrgModeAbnormal
                0x011e66b4       0x70 ./src/APP/DHP.o
                0x011e66b4                DHP_model_ChrgModeAbnormal
 .text.DHP_model_ChrgModeInvalid
                0x011e6724       0x70 ./src/APP/DHP.o
                0x011e6724                DHP_model_ChrgModeInvalid
 .text.DHP_model_ChrgOBCSleepTimeout
                0x011e6794       0x74 ./src/APP/DHP.o
                0x011e6794                DHP_model_ChrgOBCSleepTimeout
 .text.DHP_model_ChrgStopAbnormal
                0x011e6808       0x70 ./src/APP/DHP.o
                0x011e6808                DHP_model_ChrgStopAbnormal
 .text.DHP_model_ChrgStopLockErr
                0x011e6878       0x70 ./src/APP/DHP.o
                0x011e6878                DHP_model_ChrgStopLockErr
 .text.DHP_model_ChrgStopModeInvalid
                0x011e68e8       0x70 ./src/APP/DHP.o
                0x011e68e8                DHP_model_ChrgStopModeInvalid
 .text.DHP_model_ChrgStopOperTimeout
                0x011e6958       0x70 ./src/APP/DHP.o
                0x011e6958                DHP_model_ChrgStopOperTimeout
 .text.DHP_model_DCDCStopWorkTimeout
                0x011e69c8       0x70 ./src/APP/DHP.o
                0x011e69c8                DHP_model_DCDCStopWorkTimeout
 .text.DHP_model_HVActiveTimeout
                0x011e6a38       0x70 ./src/APP/DHP.o
                0x011e6a38                DHP_model_HVActiveTimeout
 .text.DHP_model_HVDCDCActiveTimeout
                0x011e6aa8       0x70 ./src/APP/DHP.o
                0x011e6aa8                DHP_model_HVDCDCActiveTimeout
 .text.DHP_model_HVDownTimeout
                0x011e6b18       0x70 ./src/APP/DHP.o
                0x011e6b18                DHP_model_HVDownTimeout
 .text.DHP_model_HVILErr
                0x011e6b88      0x556 ./src/APP/DHP.o
                0x011e6b88                DHP_model_HVILErr
 *fill*         0x011e70de        0x2 
 .text.DHP_model_HVPwrUpTimeout
                0x011e70e0       0x7e ./src/APP/DHP.o
                0x011e70e0                DHP_model_HVPwrUpTimeout
 *fill*         0x011e715e        0x2 
 .text.DHP_model_HVUpTimeout
                0x011e7160       0x70 ./src/APP/DHP.o
                0x011e7160                DHP_model_HVUpTimeout
 .text.DHP_model_LVUpBMSPwrUpAllwTimeout
                0x011e71d0       0x70 ./src/APP/DHP.o
                0x011e71d0                DHP_model_LVUpBMSPwrUpAllwTimeout
 .text.DHP_model_LVUpBMSTimeout
                0x011e7240       0x70 ./src/APP/DHP.o
                0x011e7240                DHP_model_LVUpBMSTimeout
 .text.DHP_model_LVUpDCDCTimeout
                0x011e72b0       0x70 ./src/APP/DHP.o
                0x011e72b0                DHP_model_LVUpDCDCTimeout
 .text.DHP_model_LVUpMCUTimeout
                0x011e7320       0x70 ./src/APP/DHP.o
                0x011e7320                DHP_model_LVUpMCUTimeout
 .text.DHP_model_MCUDischargeTimeout
                0x011e7390       0x70 ./src/APP/DHP.o
                0x011e7390                DHP_model_MCUDischargeTimeout
 .text.DHP_model_MCUExitTorqTimeout
                0x011e7400       0x70 ./src/APP/DHP.o
                0x011e7400                DHP_model_MCUExitTorqTimeout
 .text.DHP_model_MCUHVActiveTimeout
                0x011e7470       0x70 ./src/APP/DHP.o
                0x011e7470                DHP_model_MCUHVActiveTimeout
 .text.DHP_model_OBCWakeupTimeout
                0x011e74e0       0x70 ./src/APP/DHP.o
                0x011e74e0                DHP_model_OBCWakeupTimeout
 .text.DHP_model_SRSMissing
                0x011e7550       0x80 ./src/APP/DHP.o
                0x011e7550                DHP_model_SRSMissing
 .text.DHP_model_ShiftKnobCheckTimeout
                0x011e75d0       0x70 ./src/APP/DHP.o
                0x011e75d0                DHP_model_ShiftKnobCheckTimeout
 .text.DHP_model_VCUChrgReqLimFac
                0x011e7640       0x70 ./src/APP/DHP.o
                0x011e7640                DHP_model_VCUChrgReqLimFac
 .text.DHP_model_VehCrash
                0x011e76b0       0x6e ./src/APP/DHP.o
                0x011e76b0                DHP_model_VehCrash
 *fill*         0x011e771e        0x2 
 .text.DHP_model_VehCrashHardwareCanSignal
                0x011e7720       0x82 ./src/APP/DHP.o
                0x011e7720                DHP_model_VehCrashHardwareCanSignal
 *fill*         0x011e77a2        0x2 
 .text.DHP_model_VehCrashHardwareSignal
                0x011e77a4       0x82 ./src/APP/DHP.o
                0x011e77a4                DHP_model_VehCrashHardwareSignal
 *fill*         0x011e7826        0x2 
 .text.DHP_model_VCUApplySW_Fault
                0x011e7828       0x96 ./src/APP/DHP.o
                0x011e7828                DHP_model_VCUApplySW_Fault
 *fill*         0x011e78be        0x2 
 .text.DHP_model_APPData12DFlashInvalid
                0x011e78c0       0x74 ./src/APP/DHP.o
                0x011e78c0                DHP_model_APPData12DFlashInvalid
 .text.DHP_model_APPData12EEPROMInvalid
                0x011e7934       0x74 ./src/APP/DHP.o
                0x011e7934                DHP_model_APPData12EEPROMInvalid
 .text.DHP_model_APPData3DFlashInvalid
                0x011e79a8       0x74 ./src/APP/DHP.o
                0x011e79a8                DHP_model_APPData3DFlashInvalid
 .text.DHP_model_APPData3EEPROMInvalid
                0x011e7a1c       0x74 ./src/APP/DHP.o
                0x011e7a1c                DHP_model_APPData3EEPROMInvalid
 .text.DHP_model_APPData4DFlashInvalid
                0x011e7a90       0x74 ./src/APP/DHP.o
                0x011e7a90                DHP_model_APPData4DFlashInvalid
 .text.DHP_model_APPData4EEPROMInvalid
                0x011e7b04       0x74 ./src/APP/DHP.o
                0x011e7b04                DHP_model_APPData4EEPROMInvalid
 .text.DHP_model_AppDataCheckFailed
                0x011e7b78       0x70 ./src/APP/DHP.o
                0x011e7b78                DHP_model_AppDataCheckFailed
 .text.DHP_model_CalDataCheckFailed
                0x011e7be8       0x6e ./src/APP/DHP.o
                0x011e7be8                DHP_model_CalDataCheckFailed
 *fill*         0x011e7c56        0x2 
 .text.DHP_model_CruiseKeyJamFlt
                0x011e7c58       0x74 ./src/APP/DHP.o
                0x011e7c58                DHP_model_CruiseKeyJamFlt
 .text.DHP_model_CruiseKeyOpenFlt
                0x011e7ccc       0x82 ./src/APP/DHP.o
                0x011e7ccc                DHP_model_CruiseKeyOpenFlt
 *fill*         0x011e7d4e        0x2 
 .text.DHP_model_CruiseKeyShortedFlt
                0x011e7d50       0x82 ./src/APP/DHP.o
                0x011e7d50                DHP_model_CruiseKeyShortedFlt
 *fill*         0x011e7dd2        0x2 
 .text.DHP_model_DIDDataDFlashInvalid
                0x011e7dd4       0x74 ./src/APP/DHP.o
                0x011e7dd4                DHP_model_DIDDataDFlashInvalid
 .text.DHP_model_DIDDataEEPROMInvalid
                0x011e7e48       0x74 ./src/APP/DHP.o
                0x011e7e48                DHP_model_DIDDataEEPROMInvalid
 .text.DHP_model_DidDataCheckFailed
                0x011e7ebc       0x70 ./src/APP/DHP.o
                0x011e7ebc                DHP_model_DidDataCheckFailed
 .text.DHP_model_HistDataCheckFailed
                0x011e7f2c       0x70 ./src/APP/DHP.o
                0x011e7f2c                DHP_model_HistDataCheckFailed
 .text.DHP_model_VCUHwCanNetLineOff
                0x011e7f9c      0x4ba ./src/APP/DHP.o
                0x011e7f9c                DHP_model_VCUHwCanNetLineOff
 *fill*         0x011e8456        0x2 
 .text.DHP_model_VCUHwHS1Flt
                0x011e8458       0x82 ./src/APP/DHP.o
                0x011e8458                DHP_model_VCUHwHS1Flt
 *fill*         0x011e84da        0x2 
 .text.DHP_model_VCUHwLS1Flt
                0x011e84dc       0x82 ./src/APP/DHP.o
                0x011e84dc                DHP_model_VCUHwLS1Flt
 *fill*         0x011e855e        0x2 
 .text.DHP_model_VCUHwLS2Flt
                0x011e8560       0x82 ./src/APP/DHP.o
                0x011e8560                DHP_model_VCUHwLS2Flt
 *fill*         0x011e85e2        0x2 
 .text.DHP_model_VCUHwLS3Flt
                0x011e85e4       0x82 ./src/APP/DHP.o
                0x011e85e4                DHP_model_VCUHwLS3Flt
 *fill*         0x011e8666        0x2 
 .text.DHP_model_VCUHwLS4Flt
                0x011e8668       0x82 ./src/APP/DHP.o
                0x011e8668                DHP_model_VCUHwLS4Flt
 *fill*         0x011e86ea        0x2 
 .text.DHP_model_VCUHwLS5Flt
                0x011e86ec       0x82 ./src/APP/DHP.o
                0x011e86ec                DHP_model_VCUHwLS5Flt
 *fill*         0x011e876e        0x2 
 .text.DHP_model_VCUHwLS6Flt
                0x011e8770       0x82 ./src/APP/DHP.o
                0x011e8770                DHP_model_VCUHwLS6Flt
 *fill*         0x011e87f2        0x2 
 .text.DHP_model_VCUHwLS7Flt
                0x011e87f4       0x82 ./src/APP/DHP.o
                0x011e87f4                DHP_model_VCUHwLS7Flt
 *fill*         0x011e8876        0x2 
 .text.DHP_model_VCUHwLS8Flt
                0x011e8878       0x82 ./src/APP/DHP.o
                0x011e8878                DHP_model_VCUHwLS8Flt
 *fill*         0x011e88fa        0x2 
 .text.DHP_model_WriteToCalAreaInvalid
                0x011e88fc       0x70 ./src/APP/DHP.o
                0x011e88fc                DHP_model_WriteToCalAreaInvalid
 .text.DHP_model_VCUHW_Fault
                0x011e896c       0xde ./src/APP/DHP.o
                0x011e896c                DHP_model_VCUHW_Fault
 *fill*         0x011e8a4a        0x2 
 .text.DHP_model_RegenAbnormal
                0x011e8a4c       0x8a ./src/APP/DHP.o
                0x011e8a4c                DHP_model_RegenAbnormal
 *fill*         0x011e8ad6        0x2 
 .text.DHP_model_VCUTorqueAbnormal_Fault
                0x011e8ad8       0x22 ./src/APP/DHP.o
                0x011e8ad8                DHP_model_VCUTorqueAbnormal_Fault
 *fill*         0x011e8afa        0x2 
 .text.DHP_model_VcuControlDeviceErrValid
                0x011e8afc       0x4e ./src/APP/DHP.o
                0x011e8afc                DHP_model_VcuControlDeviceErrValid
 *fill*         0x011e8b4a        0x2 
 .text.DHP_model_ABSSpdInvalid
                0x011e8b4c       0x70 ./src/APP/DHP.o
                0x011e8b4c                DHP_model_ABSSpdInvalid
 .text.DHP_model_ABSWorkErr
                0x011e8bbc       0x70 ./src/APP/DHP.o
                0x011e8bbc                DHP_model_ABSWorkErr
 .text.DHP_model_EBDWorkErr
                0x011e8c2c       0x70 ./src/APP/DHP.o
                0x011e8c2c                DHP_model_EBDWorkErr
 .text.DHP_model_EPBWorkErr
                0x011e8c9c       0x70 ./src/APP/DHP.o
                0x011e8c9c                DHP_model_EPBWorkErr
 .text.DHP_model_ESPWorkErr
                0x011e8d0c       0x70 ./src/APP/DHP.o
                0x011e8d0c                DHP_model_ESPWorkErr
 .text.DHP_model_MCUSpdInvalid
                0x011e8d7c       0x70 ./src/APP/DHP.o
                0x011e8d7c                DHP_model_MCUSpdInvalid
 .text.DHP_model_MCUTrqInvalid
                0x011e8dec       0x70 ./src/APP/DHP.o
                0x011e8dec                DHP_model_MCUTrqInvalid
 .text.DHP_model_SpeedInvalid
                0x011e8e5c       0x80 ./src/APP/DHP.o
                0x011e8e5c                DHP_model_SpeedInvalid
 .text.DHP_model_ABS_TQMWork_Fault
                0x011e8edc       0x3e ./src/APP/DHP.o
                0x011e8edc                DHP_model_ABS_TQMWork_Fault
 *fill*         0x011e8f1a        0x2 
 .text.DHP_model_BattEnergyTooLow
                0x011e8f1c       0x72 ./src/APP/DHP.o
                0x011e8f1c                DHP_model_BattEnergyTooLow
 *fill*         0x011e8f8e        0x2 
 .text.DHP_model_BattEnergyTooLow_j
                0x011e8f90       0x22 ./src/APP/DHP.o
                0x011e8f90                DHP_model_BattEnergyTooLow_j
 *fill*         0x011e8fb2        0x2 
 .text.DHP_model_DCChrgPortOverT
                0x011e8fb4      0x9ca ./src/APP/DHP.o
                0x011e8fb4                DHP_model_DCChrgPortOverT
 *fill*         0x011e997e        0x2 
 .text.DHP_model_DCChrgPortOverT_Fault
                0x011e9980       0x22 ./src/APP/DHP.o
                0x011e9980                DHP_model_DCChrgPortOverT_Fault
 *fill*         0x011e99a2        0x2 
 .text.DHP_model_DcdcFlt2
                0x011e99a4       0x70 ./src/APP/DHP.o
                0x011e99a4                DHP_model_DcdcFlt2
 .text.DHP_model_DCDC_Fault
                0x011e9a14       0x22 ./src/APP/DHP.o
                0x011e9a14                DHP_model_DCDC_Fault
 *fill*         0x011e9a36        0x2 
 .text.DHP_model_EPSWorkErr
                0x011e9a38       0x70 ./src/APP/DHP.o
                0x011e9a38                DHP_model_EPSWorkErr
 .text.DHP_model_EPSWorkErr_Fault
                0x011e9aa8       0x22 ./src/APP/DHP.o
                0x011e9aa8                DHP_model_EPSWorkErr_Fault
 *fill*         0x011e9aca        0x2 
 .text.DHP_model_EsclAuthenticFailed
                0x011e9acc       0x70 ./src/APP/DHP.o
                0x011e9acc                DHP_model_EsclAuthenticFailed
 .text.DHP_model_EsclChipHWFailed
                0x011e9b3c       0x70 ./src/APP/DHP.o
                0x011e9b3c                DHP_model_EsclChipHWFailed
 .text.DHP_model_EsclEEPROMFailed
                0x011e9bac       0x70 ./src/APP/DHP.o
                0x011e9bac                DHP_model_EsclEEPROMFailed
 .text.DHP_model_EsclLinCommFailed
                0x011e9c1c       0x70 ./src/APP/DHP.o
                0x011e9c1c                DHP_model_EsclLinCommFailed
 .text.DHP_model_EsclLockGndFailed
                0x011e9c8c       0x70 ./src/APP/DHP.o
                0x011e9c8c                DHP_model_EsclLockGndFailed
 .text.DHP_model_EsclLockTimeout
                0x011e9cfc       0x70 ./src/APP/DHP.o
                0x011e9cfc                DHP_model_EsclLockTimeout
 .text.DHP_model_EsclMasterIReqInvalid
                0x011e9d6c       0x70 ./src/APP/DHP.o
                0x011e9d6c                DHP_model_EsclMasterIReqInvalid
 .text.DHP_model_EsclMasterReqTimeout
                0x011e9ddc       0x70 ./src/APP/DHP.o
                0x011e9ddc                DHP_model_EsclMasterReqTimeout
 .text.DHP_model_EsclMotorDriverFailed
                0x011e9e4c       0x70 ./src/APP/DHP.o
                0x011e9e4c                DHP_model_EsclMotorDriverFailed
 .text.DHP_model_EsclMotorNoAct
                0x011e9ebc       0x70 ./src/APP/DHP.o
                0x011e9ebc                DHP_model_EsclMotorNoAct
 .text.DHP_model_EsclMotorOverload
                0x011e9f2c       0x70 ./src/APP/DHP.o
                0x011e9f2c                DHP_model_EsclMotorOverload
 .text.DHP_model_EsclPwrSupplyFailed
                0x011e9f9c       0x70 ./src/APP/DHP.o
                0x011e9f9c                DHP_model_EsclPwrSupplyFailed
 .text.DHP_model_EsclSensorHWFailed
                0x011ea00c       0x70 ./src/APP/DHP.o
                0x011ea00c                DHP_model_EsclSensorHWFailed
 .text.DHP_model_EsclSensorStsFailed
                0x011ea07c       0x70 ./src/APP/DHP.o
                0x011ea07c                DHP_model_EsclSensorStsFailed
 .text.DHP_model_EsclUnlockTimeout
                0x011ea0ec       0x70 ./src/APP/DHP.o
                0x011ea0ec                DHP_model_EsclUnlockTimeout
 .text.DHP_model_ESCL_Fault
                0x011ea15c       0x5a ./src/APP/DHP.o
                0x011ea15c                DHP_model_ESCL_Fault
 *fill*         0x011ea1b6        0x2 
 .text.DHP_model_IChrgError
                0x011ea1b8       0x74 ./src/APP/DHP.o
                0x011ea1b8                DHP_model_IChrgError
 .text.DHP_model_IChrgError_g
                0x011ea22c       0x22 ./src/APP/DHP.o
                0x011ea22c                DHP_model_IChrgError_g
 *fill*         0x011ea24e        0x2 
 .text.DHP_model_BMSModeErr
                0x011ea250      0x7fa ./src/APP/DHP.o
                0x011ea250                DHP_model_BMSModeErr
 *fill*         0x011eaa4a        0x2 
 .text.DHP_model_DCDCModeErr
                0x011eaa4c       0x70 ./src/APP/DHP.o
                0x011eaa4c                DHP_model_DCDCModeErr
 .text.DHP_model_MCUModeErr
                0x011eaabc       0x70 ./src/APP/DHP.o
                0x011eaabc                DHP_model_MCUModeErr
 .text.DHP_model_ModeErr_Fault
                0x011eab2c       0x2a ./src/APP/DHP.o
                0x011eab2c                DHP_model_ModeErr_Fault
 *fill*         0x011eab56        0x2 
 .text.DHP_model_ObcFlt2
                0x011eab58       0x70 ./src/APP/DHP.o
                0x011eab58                DHP_model_ObcFlt2
 .text.DHP_model_ObcFlt3
                0x011eabc8       0x6e ./src/APP/DHP.o
                0x011eabc8                DHP_model_ObcFlt3
 *fill*         0x011eac36        0x2 
 .text.DHP_model_OBC_Fault
                0x011eac38       0x26 ./src/APP/DHP.o
                0x011eac38                DHP_model_OBC_Fault
 *fill*         0x011eac5e        0x2 
 .text.DHP_model_PEPSFailed
                0x011eac60       0x70 ./src/APP/DHP.o
                0x011eac60                DHP_model_PEPSFailed
 .text.DHP_model_PEPSFailed_Fault
                0x011eacd0       0x22 ./src/APP/DHP.o
                0x011eacd0                DHP_model_PEPSFailed_Fault
 *fill*         0x011eacf2        0x2 
 .text.DHP_model_ICMVehSpdChkInvalid
                0x011eacf4       0x74 ./src/APP/DHP.o
                0x011eacf4                DHP_model_ICMVehSpdChkInvalid
 .text.DHP_model_SCRActualSpeedLow
                0x011ead68       0x74 ./src/APP/DHP.o
                0x011ead68                DHP_model_SCRActualSpeedLow
 .text.DHP_model_SCRTargetSpdUnfollowed
                0x011eaddc       0x74 ./src/APP/DHP.o
                0x011eaddc                DHP_model_SCRTargetSpdUnfollowed
 .text.DHP_model_SCR_Fault
                0x011eae50       0x2a ./src/APP/DHP.o
                0x011eae50                DHP_model_SCR_Fault
 *fill*         0x011eae7a        0x2 
 .text.DHP_model_TMSReqInvalid
                0x011eae7c       0x70 ./src/APP/DHP.o
                0x011eae7c                DHP_model_TMSReqInvalid
 .text.DHP_model_TMSReqInvalid_n
                0x011eaeec       0x22 ./src/APP/DHP.o
                0x011eaeec                DHP_model_TMSReqInvalid_n
 *fill*         0x011eaf0e        0x2 
 .text.DHP_model_VACHzFlt1
                0x011eaf10       0x82 ./src/APP/DHP.o
                0x011eaf10                DHP_model_VACHzFlt1
 *fill*         0x011eaf92        0x2 
 .text.DHP_model_VACHzFlt2
                0x011eaf94       0x82 ./src/APP/DHP.o
                0x011eaf94                DHP_model_VACHzFlt2
 *fill*         0x011eb016        0x2 
 .text.DHP_model_VacPumpHardwire
                0x011eb018       0x82 ./src/APP/DHP.o
                0x011eb018                DHP_model_VacPumpHardwire
 *fill*         0x011eb09a        0x2 
 .text.DHP_model_VAC_Fault
                0x011eb09c       0x2a ./src/APP/DHP.o
                0x011eb09c                DHP_model_VAC_Fault
 *fill*         0x011eb0c6        0x2 
 .text.DHP_model_WaterPumpFlt1
                0x011eb0c8       0x82 ./src/APP/DHP.o
                0x011eb0c8                DHP_model_WaterPumpFlt1
 *fill*         0x011eb14a        0x2 
 .text.DHP_model_WaterPumpFlt2
                0x011eb14c       0x82 ./src/APP/DHP.o
                0x011eb14c                DHP_model_WaterPumpFlt2
 *fill*         0x011eb1ce        0x2 
 .text.DHP_model_WaterPumpHardwire
                0x011eb1d0       0x82 ./src/APP/DHP.o
                0x011eb1d0                DHP_model_WaterPumpHardwire
 *fill*         0x011eb252        0x2 
 .text.DHP_model_WaterPumpPWM
                0x011eb254       0x82 ./src/APP/DHP.o
                0x011eb254                DHP_model_WaterPumpPWM
 *fill*         0x011eb2d6        0x2 
 .text.DHP_model_WaterPump_Fault
                0x011eb2d8       0x2e ./src/APP/DHP.o
                0x011eb2d8                DHP_model_WaterPump_Fault
 *fill*         0x011eb306        0x2 
 .text.DHP_model_VehOtherDeviceErrValid
                0x011eb308       0x56 ./src/APP/DHP.o
                0x011eb308                DHP_model_VehOtherDeviceErrValid
 *fill*         0x011eb35e        0x2 
 .text.DHP_model_MCUCANBusOff
                0x011eb360       0x70 ./src/APP/DHP.o
                0x011eb360                DHP_model_MCUCANBusOff
 .text.DHP_model_MCUCANCom
                0x011eb3d0      0x57a ./src/APP/DHP.o
                0x011eb3d0                DHP_model_MCUCANCom
 *fill*         0x011eb94a        0x2 
 .text.DHP_model_MCUChipPowerFlt
                0x011eb94c       0x70 ./src/APP/DHP.o
                0x011eb94c                DHP_model_MCUChipPowerFlt
 .text.DHP_model_MCUCoverFlt
                0x011eb9bc       0x70 ./src/APP/DHP.o
                0x011eb9bc                DHP_model_MCUCoverFlt
 .text.DHP_model_MCUCoverWarn
                0x011eba2c      0x22a ./src/APP/DHP.o
                0x011eba2c                DHP_model_MCUCoverWarn
 *fill*         0x011ebc56        0x2 
 .text.DHP_model_MCUDCUOverUHWFlt
                0x011ebc58       0x70 ./src/APP/DHP.o
                0x011ebc58                DHP_model_MCUDCUOverUHWFlt
 .text.DHP_model_MCUDCUShoCirc
                0x011ebcc8      0x382 ./src/APP/DHP.o
                0x011ebcc8                DHP_model_MCUDCUShoCirc
 *fill*         0x011ec04a        0x2 
 .text.DHP_model_MCUDcCrrtOverRedund
                0x011ec04c       0x7e ./src/APP/DHP.o
                0x011ec04c                DHP_model_MCUDcCrrtOverRedund
 *fill*         0x011ec0ca        0x2 
 .text.DHP_model_MCUDcUOverUFlt
                0x011ec0cc       0x70 ./src/APP/DHP.o
                0x011ec0cc                DHP_model_MCUDcUOverUFlt
 .text.DHP_model_MCUDcUOverURedund
                0x011ec13c       0x7e ./src/APP/DHP.o
                0x011ec13c                DHP_model_MCUDcUOverURedund
 *fill*         0x011ec1ba        0x2 
 .text.DHP_model_MCUDcUOverUWarn
                0x011ec1bc       0x70 ./src/APP/DHP.o
                0x011ec1bc                DHP_model_MCUDcUOverUWarn
 .text.DHP_model_MCUDcUSnsrRati
                0x011ec22c       0x70 ./src/APP/DHP.o
                0x011ec22c                DHP_model_MCUDcUSnsrRati
 .text.DHP_model_MCUDcUUnderUFlt
                0x011ec29c       0x70 ./src/APP/DHP.o
                0x011ec29c                DHP_model_MCUDcUUnderUFlt
 .text.DHP_model_MCUDcUUnderUWarn
                0x011ec30c       0x70 ./src/APP/DHP.o
                0x011ec30c                DHP_model_MCUDcUUnderUWarn
 .text.DHP_model_MCUDischrg
                0x011ec37c       0x70 ./src/APP/DHP.o
                0x011ec37c                DHP_model_MCUDischrg
 .text.DHP_model_MCUElecMotOverCrrt
                0x011ec3ec      0x57a ./src/APP/DHP.o
                0x011ec3ec                DHP_model_MCUElecMotOverCrrt
 *fill*         0x011ec966        0x2 
 .text.DHP_model_MCUElecMotOverSpdFlt
                0x011ec968       0x70 ./src/APP/DHP.o
                0x011ec968                DHP_model_MCUElecMotOverSpdFlt
 .text.DHP_model_MCUElecMotOverSpdWarn
                0x011ec9d8       0x70 ./src/APP/DHP.o
                0x011ec9d8                DHP_model_MCUElecMotOverSpdWarn
 .text.DHP_model_MCUElecMotOverTFlt
                0x011eca48       0x70 ./src/APP/DHP.o
                0x011eca48                DHP_model_MCUElecMotOverTFlt
 .text.DHP_model_MCUElecMotOverTWarn
                0x011ecab8       0x70 ./src/APP/DHP.o
                0x011ecab8                DHP_model_MCUElecMotOverTWarn
 .text.DHP_model_MCUElecMotReslv
                0x011ecb28       0x70 ./src/APP/DHP.o
                0x011ecb28                DHP_model_MCUElecMotReslv
 .text.DHP_model_MCUElecMotStopTurn
                0x011ecb98       0x70 ./src/APP/DHP.o
                0x011ecb98                DHP_model_MCUElecMotStopTurn
 .text.DHP_model_MCUElecMotTSnsrRati
                0x011ecc08      0x22a ./src/APP/DHP.o
                0x011ecc08                DHP_model_MCUElecMotTSnsrRati
 *fill*         0x011ece32        0x2 
 .text.DHP_model_MCUElecMotUnderT
                0x011ece34       0x70 ./src/APP/DHP.o
                0x011ece34                DHP_model_MCUElecMotUnderT
 .text.DHP_model_MCUFlt1
                0x011ecea4       0x70 ./src/APP/DHP.o
                0x011ecea4                DHP_model_MCUFlt1
 .text.DHP_model_MCUFlt2
                0x011ecf14       0x70 ./src/APP/DHP.o
                0x011ecf14                DHP_model_MCUFlt2
 .text.DHP_model_MCUFlt3
                0x011ecf84       0x70 ./src/APP/DHP.o
                0x011ecf84                DHP_model_MCUFlt3
 .text.DHP_model_MCUFltUnmatch
                0x011ecff4      0x22a ./src/APP/DHP.o
                0x011ecff4                DHP_model_MCUFltUnmatch
 *fill*         0x011ed21e        0x2 
 .text.DHP_model_MCUHWSamplingFlt
                0x011ed220       0x70 ./src/APP/DHP.o
                0x011ed220                DHP_model_MCUHWSamplingFlt
 .text.DHP_model_MCUHwCurrOver
                0x011ed290      0x556 ./src/APP/DHP.o
                0x011ed290                DHP_model_MCUHwCurrOver
 *fill*         0x011ed7e6        0x2 
 .text.DHP_model_MCUHwCurrOverRedund
                0x011ed7e8       0x82 ./src/APP/DHP.o
                0x011ed7e8                DHP_model_MCUHwCurrOverRedund
 *fill*         0x011ed86a        0x2 
 .text.DHP_model_MCUIGBTHW
                0x011ed86c      0x4e2 ./src/APP/DHP.o
                0x011ed86c                DHP_model_MCUIGBTHW
 *fill*         0x011edd4e        0x2 
 .text.DHP_model_MCUIGBTOverTFlt
                0x011edd50       0x70 ./src/APP/DHP.o
                0x011edd50                DHP_model_MCUIGBTOverTFlt
 .text.DHP_model_MCUIGBTOverTWarn
                0x011eddc0       0x70 ./src/APP/DHP.o
                0x011eddc0                DHP_model_MCUIGBTOverTWarn
 .text.DHP_model_MCUIGBTUnderT
                0x011ede30       0x70 ./src/APP/DHP.o
                0x011ede30                DHP_model_MCUIGBTUnderT
 .text.DHP_model_MCUIGBTphaseTCheckErr
                0x011edea0       0x70 ./src/APP/DHP.o
                0x011edea0                DHP_model_MCUIGBTphaseTCheckErr
 .text.DHP_model_MCULowBattUnderU
                0x011edf10       0x6e ./src/APP/DHP.o
                0x011edf10                DHP_model_MCULowBattUnderU
 *fill*         0x011edf7e        0x2 
 .text.DHP_model_MCUMotTUpRate
                0x011edf80      0x8ee ./src/APP/DHP.o
                0x011edf80                DHP_model_MCUMotTUpRate
 *fill*         0x011ee86e        0x2 
 .text.DHP_model_MCUOverT
                0x011ee870       0x70 ./src/APP/DHP.o
                0x011ee870                DHP_model_MCUOverT
 .text.DHP_model_MCUPhaACCrrtSnsrRati
                0x011ee8e0       0x70 ./src/APP/DHP.o
                0x011ee8e0                DHP_model_MCUPhaACCrrtSnsrRati
 .text.DHP_model_MCUPhaseLoss
                0x011ee950       0x70 ./src/APP/DHP.o
                0x011ee950                DHP_model_MCUPhaseLoss
 .text.DHP_model_MCUPwrModRedund
                0x011ee9c0       0x82 ./src/APP/DHP.o
                0x011ee9c0                DHP_model_MCUPwrModRedund
 *fill*         0x011eea42        0x2 
 .text.DHP_model_MCUTSnsrRati
                0x011eea44       0x70 ./src/APP/DHP.o
                0x011eea44                DHP_model_MCUTSnsrRati
 .text.DHP_model_MCUTorqCheckErr
                0x011eeab4       0x70 ./src/APP/DHP.o
                0x011eeab4                DHP_model_MCUTorqCheckErr
 .text.DHP_model_MCUTorqOuterRange
                0x011eeb24       0x70 ./src/APP/DHP.o
                0x011eeb24                DHP_model_MCUTorqOuterRange
 .text.DHP_model_MCUVersionMismatch
                0x011eeb94       0x6e ./src/APP/DHP.o
                0x011eeb94                DHP_model_MCUVersionMismatch
 *fill*         0x011eec02        0x2 
 .text.DHP_model_MCU_Fault
                0x011eec04       0xd6 ./src/APP/DHP.o
                0x011eec04                DHP_model_MCU_Fault
 *fill*         0x011eecda        0x2 
 .text.DHP_model_VehDriveSysErrValid
                0x011eecdc       0x22 ./src/APP/DHP.o
                0x011eecdc                DHP_model_VehDriveSysErrValid
 *fill*         0x011eecfe        0x2 
 .text.DHP_model_BMSBattOverT
                0x011eed00       0x82 ./src/APP/DHP.o
                0x011eed00                DHP_model_BMSBattOverT
 *fill*         0x011eed82        0x2 
 .text.DHP_model_BMSCellOverU
                0x011eed84       0x82 ./src/APP/DHP.o
                0x011eed84                DHP_model_BMSCellOverU
 *fill*         0x011eee06        0x2 
 .text.DHP_model_BMSCellUnderU
                0x011eee08       0x82 ./src/APP/DHP.o
                0x011eee08                DHP_model_BMSCellUnderU
 *fill*         0x011eee8a        0x2 
 .text.DHP_model_BMSDischrgPwrAbnormal
                0x011eee8c       0x70 ./src/APP/DHP.o
                0x011eee8c                DHP_model_BMSDischrgPwrAbnormal
 .text.DHP_model_BMSFlt2
                0x011eeefc      0x2ea ./src/APP/DHP.o
                0x011eeefc                DHP_model_BMSFlt2
 *fill*         0x011ef1e6        0x2 
 .text.DHP_model_BMSFlt3
                0x011ef1e8      0xdcc ./src/APP/DHP.o
                0x011ef1e8                DHP_model_BMSFlt3
 .text.DHP_model_BMSFlt4
                0x011effb4      0x20a ./src/APP/DHP.o
                0x011effb4                DHP_model_BMSFlt4
 *fill*         0x011f01be        0x2 
 .text.DHP_model_BMSFltUnmatch
                0x011f01c0      0x232 ./src/APP/DHP.o
                0x011f01c0                DHP_model_BMSFltUnmatch
 *fill*         0x011f03f2        0x2 
 .text.DHP_model_BMSOverU
                0x011f03f4       0x82 ./src/APP/DHP.o
                0x011f03f4                DHP_model_BMSOverU
 *fill*         0x011f0476        0x2 
 .text.DHP_model_BMSUnderU
                0x011f0478       0x82 ./src/APP/DHP.o
                0x011f0478                DHP_model_BMSUnderU
 *fill*         0x011f04fa        0x2 
 .text.DHP_model_BMS_Fault
                0x011f04fc       0xbe ./src/APP/DHP.o
                0x011f04fc                DHP_model_BMS_Fault
 *fill*         0x011f05ba        0x2 
 .text.DHP_model_VehPowerSysErrValid
                0x011f05bc       0x22 ./src/APP/DHP.o
                0x011f05bc                DHP_model_VehPowerSysErrValid
 *fill*         0x011f05de        0x2 
 .text.DHP_model_DHP_Init
                0x011f05e0       0x22 ./src/APP/DHP.o
                0x011f05e0                DHP_model_DHP_Init
 *fill*         0x011f0602        0x2 
 .text.DHP_model_DHP
                0x011f0604     0x4b4a ./src/APP/DHP.o
                0x011f0604                DHP_model_DHP
 *fill*         0x011f514e        0x2 
 .text.FaultStore
                0x011f5150      0x170 ./src/APP/DHP_CC_FltStore.o
                0x011f5150                FaultStore
 .text.DHP_model_DHP_Sub_HardwireSignal_Filter
                0x011f52c0      0x196 ./src/APP/DHP_Sub_HardwireSignal_Filter.o
                0x011f52c0                DHP_model_DHP_Sub_HardwireSignal_Filter
 *fill*         0x011f5456        0x2 
 .text.DHP_model_step
                0x011f5458       0x26 ./src/APP/DHP_model.o
                0x011f5458                DHP_model_step
 *fill*         0x011f547e        0x2 
 .text.DHP_model_initialize
                0x011f5480      0xd16 ./src/APP/DHP_model.o
                0x011f5480                DHP_model_initialize
 *fill*         0x011f6196        0x2 
 .text.DHP_model_DHP_FaultStore_Chart
                0x011f6198       0x5e ./src/APP/Funcs_DHP_lib.o
                0x011f6198                DHP_model_DHP_FaultStore_Chart
 *fill*         0x011f61f6        0x2 
 .text.DHP_model_DHP_systemtick_Timer
                0x011f61f8      0x114 ./src/APP/Funcs_DHP_lib.o
                0x011f61f8                DHP_model_DHP_systemtick_Timer
 .text.DHP_model_DHP_systemtick_Timer_p
                0x011f630c      0x110 ./src/APP/Funcs_DHP_lib.o
                0x011f630c                DHP_model_DHP_systemtick_Timer_p
 .text.DHP_model_DHP_systemtick_Timer1
                0x011f641c      0x110 ./src/APP/Funcs_DHP_lib.o
                0x011f641c                DHP_model_DHP_systemtick_Timer1
 .text.DHP_model_DHP_systemtick_Timer_c
                0x011f652c      0x10c ./src/APP/Funcs_DHP_lib.o
                0x011f652c                DHP_model_DHP_systemtick_Timer_c
 .text.DHP_model_DHP_systemtick_Timer_n
                0x011f6638      0x120 ./src/APP/Funcs_DHP_lib.o
                0x011f6638                DHP_model_DHP_systemtick_Timer_n
 .text.DHP_model_DHP_systemtick_Timer_e
                0x011f6758      0x114 ./src/APP/Funcs_DHP_lib.o
                0x011f6758                DHP_model_DHP_systemtick_Timer_e
 .text.DHP_model_DHP_systemtick_Timer_k
                0x011f686c      0x114 ./src/APP/Funcs_DHP_lib.o
                0x011f686c                DHP_model_DHP_systemtick_Timer_k
 .text.DHP_model_DHP_systemtick_Timer_o
                0x011f6980      0x114 ./src/APP/Funcs_DHP_lib.o
                0x011f6980                DHP_model_DHP_systemtick_Timer_o
 .text.DHP_model_DHP_systemtick_Timer_g
                0x011f6a94      0x114 ./src/APP/Funcs_DHP_lib.o
                0x011f6a94                DHP_model_DHP_systemtick_Timer_g
 .text.DHP_model_DHP_systemtick_Timer_k2
                0x011f6ba8      0x114 ./src/APP/Funcs_DHP_lib.o
                0x011f6ba8                DHP_model_DHP_systemtick_Timer_k2
 .text.DHP_model_DHP_systemtick_Timer_m
                0x011f6cbc      0x120 ./src/APP/Funcs_DHP_lib.o
                0x011f6cbc                DHP_model_DHP_systemtick_Timer_m
 .text.DHP_model_DHP_systemtick_Timer_m3
                0x011f6ddc      0x120 ./src/APP/Funcs_DHP_lib.o
                0x011f6ddc                DHP_model_DHP_systemtick_Timer_m3
 .text.DHP_model_DHP_systemtick_Timer_l
                0x011f6efc      0x120 ./src/APP/Funcs_DHP_lib.o
                0x011f6efc                DHP_model_DHP_systemtick_Timer_l
 .text.DHP_model_DHP_systemtick_Timer_f
                0x011f701c      0x120 ./src/APP/Funcs_DHP_lib.o
                0x011f701c                DHP_model_DHP_systemtick_Timer_f
 .text.DHP_model_DHP_systemtick_Timer1_k
                0x011f713c      0x120 ./src/APP/Funcs_DHP_lib.o
                0x011f713c                DHP_model_DHP_systemtick_Timer1_k
 .text.DHP_model_DHP_systemtick_Timer_a
                0x011f725c      0x114 ./src/APP/Funcs_DHP_lib.o
                0x011f725c                DHP_model_DHP_systemtick_Timer_a
 .text.DHP_model_DHP_systemtick_Timer_b
                0x011f7370      0x114 ./src/APP/Funcs_DHP_lib.o
                0x011f7370                DHP_model_DHP_systemtick_Timer_b
 .text.DHP_model_DHP_systemtick_Timer_j
                0x011f7484      0x114 ./src/APP/Funcs_DHP_lib.o
                0x011f7484                DHP_model_DHP_systemtick_Timer_j
 .text.DHP_model_DHP_systemtick_Timer_h
                0x011f7598      0x114 ./src/APP/Funcs_DHP_lib.o
                0x011f7598                DHP_model_DHP_systemtick_Timer_h
 .text.DHP_model_DHP_systemtick_Timer_p0
                0x011f76ac      0x114 ./src/APP/Funcs_DHP_lib.o
                0x011f76ac                DHP_model_DHP_systemtick_Timer_p0
 .text.DHP_model_DHP_systemtick_Timer_i
                0x011f77c0      0x120 ./src/APP/Funcs_DHP_lib.o
                0x011f77c0                DHP_model_DHP_systemtick_Timer_i
 .text.DHP_model_DHP_systemtick_Timer_ph
                0x011f78e0      0x120 ./src/APP/Funcs_DHP_lib.o
                0x011f78e0                DHP_model_DHP_systemtick_Timer_ph
 .text.DHP_model_DHP_systemtick_Timer_ho
                0x011f7a00      0x120 ./src/APP/Funcs_DHP_lib.o
                0x011f7a00                DHP_model_DHP_systemtick_Timer_ho
 .text.DHP_model_DHP_systemtick_Timer_gq
                0x011f7b20      0x114 ./src/APP/Funcs_DHP_lib.o
                0x011f7b20                DHP_model_DHP_systemtick_Timer_gq
 .text.DHP_model_DHP_systemtick_Timer_na
                0x011f7c34      0x114 ./src/APP/Funcs_DHP_lib.o
                0x011f7c34                DHP_model_DHP_systemtick_Timer_na
 .text.DHP_model_DHP_systemtick_Timer_fy
                0x011f7d48      0x114 ./src/APP/Funcs_DHP_lib.o
                0x011f7d48                DHP_model_DHP_systemtick_Timer_fy
 .text.DHP_model_DHP_systemtick_Timer_oz
                0x011f7e5c      0x114 ./src/APP/Funcs_DHP_lib.o
                0x011f7e5c                DHP_model_DHP_systemtick_Timer_oz
 .text.DHP_model_DHP_systemtick_Timer_p3
                0x011f7f70      0x114 ./src/APP/Funcs_DHP_lib.o
                0x011f7f70                DHP_model_DHP_systemtick_Timer_p3
 .text.DHP_model_DHP_systemtick_Timer_k0
                0x011f8084      0x114 ./src/APP/Funcs_DHP_lib.o
                0x011f8084                DHP_model_DHP_systemtick_Timer_k0
 .text.DHP_model_DHP_systemtick_Timer1_f
                0x011f8198      0x114 ./src/APP/Funcs_DHP_lib.o
                0x011f8198                DHP_model_DHP_systemtick_Timer1_f
 .text.DHP_model_DHP_systemtick_Timer2
                0x011f82ac      0x114 ./src/APP/Funcs_DHP_lib.o
                0x011f82ac                DHP_model_DHP_systemtick_Timer2
 .text.DHP_model_DHP_systemtick_Timer3
                0x011f83c0      0x114 ./src/APP/Funcs_DHP_lib.o
                0x011f83c0                DHP_model_DHP_systemtick_Timer3
 .text.DHP_model_DHP_systemtick_Timer4
                0x011f84d4      0x114 ./src/APP/Funcs_DHP_lib.o
                0x011f84d4                DHP_model_DHP_systemtick_Timer4
 .text.DHP_model_Fault_Affirm
                0x011f85e8      0x3c2 ./src/APP/Funcs_DHP_lib.o
                0x011f85e8                DHP_model_Fault_Affirm
 *fill*         0x011f89aa        0x2 
 .text.DHP_model_Fault_Valid_Time
                0x011f89ac       0xee ./src/APP/Funcs_DHP_lib.o
                0x011f89ac                DHP_model_Fault_Valid_Time
 *fill*         0x011f8a9a        0x2 
 .text.DHP_model_Fault_Valid_RT
                0x011f8a9c      0x174 ./src/APP/Funcs_DHP_lib.o
                0x011f8a9c                DHP_model_Fault_Valid_RT
 .text.DHP_model_Fault_Action
                0x011f8c10       0x80 ./src/APP/Funcs_DHP_lib.o
                0x011f8c10                DHP_model_Fault_Action
 .text.CAN_Send
                0x011f8c90      0x228 ./src/HAL/BASE/CAN.o
                0x011f8c90                CAN_Send
 .text.CAN_Recive_GetWithID
                0x011f8eb8      0x23e ./src/HAL/BASE/CAN.o
                0x011f8eb8                CAN_Recive_GetWithID
 *fill*         0x011f90f6        0x2 
 .text.CAN_Recive_GetID
                0x011f90f8       0xca ./src/HAL/BASE/CAN.o
                0x011f90f8                CAN_Recive_GetID
 *fill*         0x011f91c2        0x2 
 .text.CAN_SetValue
                0x011f91c4      0x354 ./src/HAL/BASE/CAN.o
                0x011f91c4                CAN_SetValue
 .text.SIUL_SetPad
                0x011f9518       0x2a ./src/HAL/BASE/GPIO.o
                0x011f9518                SIUL_SetPad
 *fill*         0x011f9542        0x2 
 .text.SIUL_ClearPad
                0x011f9544       0x2a ./src/HAL/BASE/GPIO.o
                0x011f9544                SIUL_ClearPad
 *fill*         0x011f956e        0x2 
 .text.SYS_Timer_Init
                0x011f9570       0x50 ./src/HAL/BASE/SYS.o
                0x011f9570                SYS_Timer_Init
 .text.SYS_Timer_Stop
                0x011f95c0       0x38 ./src/HAL/BASE/SYS.o
                0x011f95c0                SYS_Timer_Stop
 .text.SYS_SI_Init
                0x011f95f8       0x20 ./src/HAL/BASE/SYS.o
                0x011f95f8                SYS_SI_Init
 .text.SYS_SI_Stop
                0x011f9618       0x1e ./src/HAL/BASE/SYS.o
                0x011f9618                SYS_SI_Stop
 *fill*         0x011f9636        0x2 
 .text.hwReset  0x011f9638       0x62 ./src/HAL/BASE/SYS.o
                0x011f9638                hwReset
 *fill*         0x011f969a        0x2 
 .text.SYS_ResetCore
                0x011f969c       0x48 ./src/HAL/BASE/SYS.o
                0x011f969c                SYS_ResetCore
 .text.SYS_Enable_EXTInterrupt
                0x011f96e4       0x22 ./src/HAL/BASE/SYS.o
                0x011f96e4                SYS_Enable_EXTInterrupt
 *fill*         0x011f9706        0x2 
 .text.SYS_Disable_EXTInterrupt
                0x011f9708       0x22 ./src/HAL/BASE/SYS.o
                0x011f9708                SYS_Disable_EXTInterrupt
 *fill*         0x011f972a        0x2 
 .text.SYS_GetCurIntStatus
                0x011f972c       0x20 ./src/HAL/BASE/SYS.o
                0x011f972c                SYS_GetCurIntStatus
 .text.FLASH_EE_GetMidIdx
                0x011f974c       0xe2 ./src/HAL/BASE/flash.o
                0x011f974c                FLASH_EE_GetMidIdx
 *fill*         0x011f982e        0x2 
 .text.FLASH_EE_EraseBlockStart
                0x011f9830       0x78 ./src/HAL/BASE/flash.o
                0x011f9830                FLASH_EE_EraseBlockStart
 .text.FLASH_EE_CheckBusy
                0x011f98a8       0x4c ./src/HAL/BASE/flash.o
                0x011f98a8                FLASH_EE_CheckBusy
 .text.FLASH_EE_EraseBlockEnd
                0x011f98f4       0x58 ./src/HAL/BASE/flash.o
                0x011f98f4                FLASH_EE_EraseBlockEnd
 .text.FLASH_EE_EraseStart
                0x011f994c       0x70 ./src/HAL/BASE/flash.o
                0x011f994c                FLASH_EE_EraseStart
 .text.FLASH_EE_EraseEnd
                0x011f99bc       0x70 ./src/HAL/BASE/flash.o
                0x011f99bc                FLASH_EE_EraseEnd
 .text.FLASH_EE_Raw_Write8
                0x011f9a2c       0xfc ./src/HAL/BASE/flash.o
                0x011f9a2c                FLASH_EE_Raw_Write8
 .text.FLASH_EE_UnLock
                0x011f9b28       0x98 ./src/HAL/BASE/flash.o
                0x011f9b28                FLASH_EE_UnLock
 .text.FLASH_EE_Lock
                0x011f9bc0       0x22 ./src/HAL/BASE/flash.o
                0x011f9bc0                FLASH_EE_Lock
 *fill*         0x011f9be2        0x2 
 .text.FLASH_EE_Write8
                0x011f9be4       0xf4 ./src/HAL/BASE/flash.o
                0x011f9be4                FLASH_EE_Write8
 .text.FLASH_EE_Read8
                0x011f9cd8       0x5c ./src/HAL/BASE/flash.o
                0x011f9cd8                FLASH_EE_Read8
 .text.CANTransimitRandomMessage
                0x011f9d34      0x1a0 ./src/HAL/CAN_Operation.o
                0x011f9d34                CANTransimitRandomMessage
 .text.CAN2Rx_Handle
                0x011f9ed4       0xd4 ./src/HAL/CAN_Operation.o
                0x011f9ed4                CAN2Rx_Handle
 .text.CAN1Rx_Handle
                0x011f9fa8      0x16e ./src/HAL/CAN_Operation.o
                0x011f9fa8                CAN1Rx_Handle
 *fill*         0x011fa116        0x2 
 .text.CAN3Rx_Handle
                0x011fa118       0xe8 ./src/HAL/CAN_Operation.o
                0x011fa118                CAN3Rx_Handle
 .text.CAN0Rx_Handle
                0x011fa200       0xba ./src/HAL/CAN_Operation.o
                0x011fa200                CAN0Rx_Handle
 *fill*         0x011fa2ba        0x2 
 .text.CAN0_RX_ISR
                0x011fa2bc       0xf4 ./src/HAL/CAN_Operation.o
                0x011fa2bc                CAN0_RX_ISR
 .text.CAN1_RX_ISR
                0x011fa3b0      0x190 ./src/HAL/CAN_Operation.o
                0x011fa3b0                CAN1_RX_ISR
 .text.CAN2_RX_ISR
                0x011fa540       0xe4 ./src/HAL/CAN_Operation.o
                0x011fa540                CAN2_RX_ISR
 .text.CAN3_RX_ISR
                0x011fa624       0xe8 ./src/HAL/CAN_Operation.o
                0x011fa624                CAN3_RX_ISR
 .text.CAN_PollingRx
                0x011fa70c       0x2a ./src/HAL/CAN_Operation.o
                0x011fa70c                CAN_PollingRx
 *fill*         0x011fa736        0x2 
 .text.INT_PIT0_1_ISR
                0x011fa738      0x280 ./src/HAL/Interrupt.o
                0x011fa738                INT_PIT0_1_ISR
 .text.INT_SI0_ISR
                0x011fa9b8       0x66 ./src/HAL/Interrupt.o
                0x011fa9b8                INT_SI0_ISR
 *fill*         0x011faa1e        0x2 
 .text.FaultStatusForAgintTest
                0x011faa20       0x56 ./src/HAL/Task.o
                0x011faa20                FaultStatusForAgintTest
 *fill*         0x011faa76        0x2 
 .text.TASK_5ms
                0x011faa78       0x7a ./src/HAL/Task.o
                0x011faa78                TASK_5ms
 *fill*         0x011faaf2        0x2 
 .text.TASK_10ms
                0x011faaf4       0x2a ./src/HAL/Task.o
                0x011faaf4                TASK_10ms
 *fill*         0x011fab1e        0x2 
 .text.TASK_20ms
                0x011fab20      0x108 ./src/HAL/Task.o
                0x011fab20                TASK_20ms
 .text.TASK_50ms
                0x011fac28       0x14 ./src/HAL/Task.o
                0x011fac28                TASK_50ms
 .text.TASK_100ms
                0x011fac3c       0x14 ./src/HAL/Task.o
                0x011fac3c                TASK_100ms
 .text.TASK_500ms
                0x011fac50       0x14 ./src/HAL/Task.o
                0x011fac50                TASK_500ms
 .text.TASK_1000ms
                0x011fac64       0x14 ./src/HAL/Task.o
                0x011fac64                TASK_1000ms
 .text.TASK_Schedule
                0x011fac78      0x160 ./src/HAL/Task.o
                0x011fac78                TASK_Schedule
 .text.Ex_Base_LockGate
                0x011fadd8       0xe4 ./src/HAL/EXCHANGE/EX_Code.o
                0x011fadd8                Ex_Base_LockGate
 .text.Ex_Base_UnlockGate
                0x011faebc       0x5c ./src/HAL/EXCHANGE/EX_Code.o
                0x011faebc                Ex_Base_UnlockGate
 .text.Ex_Cal_IntHandle
                0x011faf18      0x11a ./src/HAL/EXCHANGE/EX_Code.o
                0x011faf18                Ex_Cal_IntHandle
 *fill*         0x011fb032        0x2 
 .text.Ex_Cal_Task
                0x011fb034       0x42 ./src/HAL/EXCHANGE/EX_Code.o
                0x011fb034                Ex_Cal_Task
 *fill*         0x011fb076        0x2 
 .text.Ex_Stop_Task
                0x011fb078       0x3e ./src/HAL/EXCHANGE/EX_Code.o
                0x011fb078                Ex_Stop_Task
 *fill*         0x011fb0b6        0x2 
 .text.Ex_Input_Task
                0x011fb0b8       0xf2 ./src/HAL/EXCHANGE/EX_Code.o
                0x011fb0b8                Ex_Input_Task
 *fill*         0x011fb1aa        0x2 
 .text.Ex_Output_Task
                0x011fb1ac       0xf2 ./src/HAL/EXCHANGE/EX_Code.o
                0x011fb1ac                Ex_Output_Task
 *fill*         0x011fb29e        0x2 
 .text.Ex_Task  0x011fb2a0       0x6c ./src/HAL/EXCHANGE/EX_Code.o
                0x011fb2a0                Ex_Task
 .text.Ex_Input_CopyValue
                0x011fb30c     0x1802 ./src/HAL/EXCHANGE/EX_Data.o
                0x011fb30c                Ex_Input_CopyValue
 *fill*         0x011fcb0e        0x2 
 .text.Ex_Output_CopyValue
                0x011fcb10      0x394 ./src/HAL/EXCHANGE/EX_Data.o
                0x011fcb10                Ex_Output_CopyValue
 .text.Get_Core_ID
                0x011fcea4       0x6e ./src/HAL/EXCHANGE/EX_Lib.o
                0x011fcea4                Get_Core_ID
 *fill*         0x011fcf12        0x2 
 .text.Get_Gate_Status
                0x011fcf14       0x54 ./src/HAL/EXCHANGE/EX_Lib.o
                0x011fcf14                Get_Gate_Status
 .text.Lock_Gate
                0x011fcf68       0x92 ./src/HAL/EXCHANGE/EX_Lib.o
                0x011fcf68                Lock_Gate
 *fill*         0x011fcffa        0x2 
 .text.Unlock_Gate
                0x011fcffc       0x6e ./src/HAL/EXCHANGE/EX_Lib.o
                0x011fcffc                Unlock_Gate
 *fill*         0x011fd06a        0x2 
 .text.Reset_Gate
                0x011fd06c       0xc8 ./src/HAL/EXCHANGE/EX_Lib.o
                0x011fd06c                Reset_Gate
 .text.Rest_AllGate
                0x011fd134       0x58 ./src/HAL/EXCHANGE/EX_Lib.o
                0x011fd134                Rest_AllGate
 .text.M95128_tx
                0x011fd18c       0x7c ./src/HAL/Modules/M95128.o
                0x011fd18c                M95128_tx
 .text.M95128_rx
                0x011fd208       0x7a ./src/HAL/Modules/M95128.o
                0x011fd208                M95128_rx
 *fill*         0x011fd282        0x2 
 .text.M95128_ReadStatus
                0x011fd284       0x76 ./src/HAL/Modules/M95128.o
                0x011fd284                M95128_ReadStatus
 *fill*         0x011fd2fa        0x2 
 .text.M95128_WriteEnable
                0x011fd2fc       0x64 ./src/HAL/Modules/M95128.o
                0x011fd2fc                M95128_WriteEnable
 .text.ReadExtEE
                0x011fd360      0x29c ./src/HAL/Modules/M95128.o
                0x011fd360                ReadExtEE
 .text.WriteExtEE
                0x011fd5fc      0x3ae ./src/HAL/Modules/M95128.o
                0x011fd5fc                WriteExtEE
 *fill*         0x011fd9aa        0x2 
 .text.M95128_OperationAlready
                0x011fd9ac       0x46 ./src/HAL/Modules/M95128.o
                0x011fd9ac                M95128_OperationAlready
 *fill*         0x011fd9f2        0x2 
 .text.AppData_Init_1
                0x011fd9f4       0x4c ./src/HAL/NVM/History_Data.o
                0x011fd9f4                AppData_Init_1
 .text.AppData_Init_2
                0x011fda40       0x98 ./src/HAL/NVM/History_Data.o
                0x011fda40                AppData_Init_2
 .text.AppData_Init_3
                0x011fdad8       0x3c ./src/HAL/NVM/History_Data.o
                0x011fdad8                AppData_Init_3
 .text.AppData_Init_4
                0x011fdb14       0xe0 ./src/HAL/NVM/History_Data.o
                0x011fdb14                AppData_Init_4
 .text.AppData_Init_5
                0x011fdbf4      0x102 ./src/HAL/NVM/History_Data.o
                0x011fdbf4                AppData_Init_5
 *fill*         0x011fdcf6        0x2 
 .text.NvM_Init
                0x011fdcf8       0x5c ./src/HAL/NVM/NVM.o
                0x011fdcf8                NvM_Init
 .text.CheckSleepFallingEdge
                0x011fdd54      0x234 ./src/HAL/NVM/NVM.o
                0x011fdd54                CheckSleepFallingEdge
 .text.CheckSleepRisingEdge
                0x011fdf88       0x8c ./src/HAL/NVM/NVM.o
                0x011fdf88                CheckSleepRisingEdge
 .text.NvM_StartWriteExtProgRequest
                0x011fe014       0x2c ./src/HAL/NVM/NVM.o
                0x011fe014                NvM_StartWriteExtProgRequest
 .text.NvM_GetWriteExtProgRequestStatus
                0x011fe040       0x46 ./src/HAL/NVM/NVM.o
                0x011fe040                NvM_GetWriteExtProgRequestStatus
 *fill*         0x011fe086        0x2 
 .text.NvM_DFlashWriteTask
                0x011fe088      0x5c8 ./src/HAL/NVM/NVM.o
                0x011fe088                NvM_DFlashWriteTask
 .text.NvM_Task
                0x011fe650      0x1bc ./src/HAL/NVM/NVM.o
                0x011fe650                NvM_Task
 .text.CalcCrc32
                0x011fe80c       0x8a ./src/HAL/NVM/NVM_AppData.o
                0x011fe80c                CalcCrc32
 *fill*         0x011fe896        0x2 
 .text.NvMAppDataCheckValidFlag
                0x011fe898       0xc4 ./src/HAL/NVM/NVM_AppData.o
                0x011fe898                NvMAppDataCheckValidFlag
 .text.NvMAppDataCheckCrc
                0x011fe95c       0xce ./src/HAL/NVM/NVM_AppData.o
                0x011fe95c                NvMAppDataCheckCrc
 *fill*         0x011fea2a        0x2 
 .text.GenPEPSChallengeBytes
                0x011fea2c      0x106 ./src/HAL/NVM/NVM_AppData.o
                0x011fea2c                GenPEPSChallengeBytes
 *fill*         0x011feb32        0x2 
 .text.Init_AppData
                0x011feb34       0x62 ./src/HAL/NVM/NVM_AppData.o
                0x011feb34                Init_AppData
 *fill*         0x011feb96        0x2 
 .text.SetErrorStateAndDTCFlag
                0x011feb98      0x102 ./src/HAL/NVM/NVM_AppData.o
                0x011feb98                SetErrorStateAndDTCFlag
 *fill*         0x011fec9a        0x2 
 .text.NvMAppDataLoadFromEEPROM
                0x011fec9c      0x134 ./src/HAL/NVM/NVM_AppData.o
                0x011fec9c                NvMAppDataLoadFromEEPROM
 .text.NvMAppDataAnEEPROMAreaLoaded
                0x011fedd0      0x39c ./src/HAL/NVM/NVM_AppData.o
                0x011fedd0                NvMAppDataAnEEPROMAreaLoaded
 .text.NvMAppDataSaveToDFlash
                0x011ff16c      0x11a ./src/HAL/NVM/NVM_AppData.o
                0x011ff16c                NvMAppDataSaveToDFlash
 *fill*         0x011ff286        0x2 
 .text.NvMAppDataSaveToEEPROM
                0x011ff288      0x1ee ./src/HAL/NVM/NVM_AppData.o
                0x011ff288                NvMAppDataSaveToEEPROM
 *fill*         0x011ff476        0x2 
 .text.NvMAppData_NeedBackToEEPROM
                0x011ff478       0x9a ./src/HAL/NVM/NVM_AppData.o
                0x011ff478                NvMAppData_NeedBackToEEPROM
 *fill*         0x011ff512        0x2 
 .text.NvMAppData_LoadTask
                0x011ff514      0x256 ./src/HAL/NVM/NVM_AppData.o
                0x011ff514                NvMAppData_LoadTask
 *fill*         0x011ff76a        0x2 
 .text.NvMAppDataStartSave
                0x011ff76c      0x1d4 ./src/HAL/NVM/NVM_AppData.o
                0x011ff76c                NvMAppDataStartSave
 .text.NVM_AppData_SaveTask
                0x011ff940      0x2e6 ./src/HAL/NVM/NVM_AppData.o
                0x011ff940                NVM_AppData_SaveTask
 *fill*         0x011ffc26        0x2 
 .text.PrepareNvMTestMsg666
                0x011ffc28      0x146 ./src/HAL/NVM/NVM_AppData.o
                0x011ffc28                PrepareNvMTestMsg666
 *fill*         0x011ffd6e        0x2 
 .text.SendNvMTestMsg
                0x011ffd70      0x2c8 ./src/HAL/NVM/NVM_AppData.o
                0x011ffd70                SendNvMTestMsg
 .text.NVM_AppData_Init
                0x01200038      0x34a ./src/HAL/NVM/NVM_AppData.o
                0x01200038                NVM_AppData_Init
 *fill*         0x01200382        0x2 
 .text.NvMUpdateAgingCounter
                0x01200384      0x168 ./src/HAL/NVM/NVM_DTC.o
                0x01200384                NvMUpdateAgingCounter
 .text.CheckOneDTCRecordInRAM
                0x012004ec      0x19e ./src/HAL/NVM/NVM_DTC.o
                0x012004ec                CheckOneDTCRecordInRAM
 *fill*         0x0120068a        0x2 
 .text.BackUpAuthFailedData
                0x0120068c       0x3e ./src/HAL/NVM/NVM_DTC.o
                0x0120068c                BackUpAuthFailedData
 *fill*         0x012006ca        0x2 
 .text.SaveDTCToEEPROM
                0x012006cc      0x1a4 ./src/HAL/NVM/NVM_DTC.o
                0x012006cc                SaveDTCToEEPROM
 .text.NVM_DTC_Init
                0x01200870      0x160 ./src/HAL/NVM/NVM_DTC.o
                0x01200870                NVM_DTC_Init
 .text.NvM_DTC_LoadTask
                0x012009d0      0x172 ./src/HAL/NVM/NVM_DTC.o
                0x012009d0                NvM_DTC_LoadTask
 *fill*         0x01200b42        0x2 
 .text.NvMDTC_SaveTask
                0x01200b44       0x44 ./src/HAL/NVM/NVM_DTC.o
                0x01200b44                NvMDTC_SaveTask
 .text.NvMReset_DTCStorage
                0x01200b88      0x110 ./src/HAL/NVM/NVM_DTC.o
                0x01200b88                NvMReset_DTCStorage
 .text.NvMDTC_SaveToDFlash
                0x01200c98       0x6c ./src/HAL/NVM/NVM_DTC.o
                0x01200c98                NvMDTC_SaveToDFlash
 .text.usReadDTCStaus
                0x01200d04      0x142 ./src/HAL/NVM/NVM_DTC.o
                0x01200d04                usReadDTCStaus
 *fill*         0x01200e46        0x2 
 .text.usReadFailedDTCSnapId
                0x01200e48       0xf0 ./src/HAL/NVM/NVM_DTC.o
                0x01200e48                usReadFailedDTCSnapId
 .text.usReadSnapshotRecord
                0x01200f38      0x124 ./src/HAL/NVM/NVM_DTC.o
                0x01200f38                usReadSnapshotRecord
 .text.usReadDTCOccurance
                0x0120105c      0x13c ./src/HAL/NVM/NVM_DTC.o
                0x0120105c                usReadDTCOccurance
 .text.usReadDTCAgingCounter
                0x01201198       0x46 ./src/HAL/NVM/NVM_DTC.o
                0x01201198                usReadDTCAgingCounter
 *fill*         0x012011de        0x2 
 .text.usClearRAMDTC
                0x012011e0       0xce ./src/HAL/NVM/NVM_DTC.o
                0x012011e0                usClearRAMDTC
 *fill*         0x012012ae        0x2 
 .text.usClearDTCFinished
                0x012012b0       0x1e ./src/HAL/NVM/NVM_DTC.o
                0x012012b0                usClearDTCFinished
 *fill*         0x012012ce        0x2 
 .text.usClearEEPROMDTC
                0x012012d0      0x134 ./src/HAL/NVM/NVM_DTC.o
                0x012012d0                usClearEEPROMDTC
 .text.ChkDid_VehState_IsValid
                0x01201404       0x44 ./src/HAL/NVM/NVM_DTC.o
                0x01201404                ChkDid_VehState_IsValid
 .text.NVM_ReadSecAFailedCounterAndTimer
                0x01201448      0x11c ./src/HAL/NVM/NVM_DTC.o
                0x01201448                NVM_ReadSecAFailedCounterAndTimer
 .text.NVM_SaveSecAFailedCounterAndTimer
                0x01201564       0xd0 ./src/HAL/NVM/NVM_DTC.o
                0x01201564                NVM_SaveSecAFailedCounterAndTimer
 .text.Write_DIDFromRAM
                0x01201634       0xea ./src/HAL/NVM/NVM_DidCal.o
                0x01201634                Write_DIDFromRAM
 *fill*         0x0120171e        0x2 
 .text.NVM_EraseBlockSync
                0x01201720       0x90 ./src/HAL/NVM/NVM_DidCal.o
                0x01201720                NVM_EraseBlockSync
 .text.PepsPinIsInitValue
                0x012017b0       0xa0 ./src/HAL/NVM/NVM_DidCal.o
                0x012017b0                PepsPinIsInitValue
 .text.NVM_DID_Init
                0x01201850      0x662 ./src/HAL/NVM/NVM_DidCal.o
                0x01201850                NVM_DID_Init
 *fill*         0x01201eb2        0x2 
 .text.NVM_DID_CheckCrc
                0x01201eb4      0x124 ./src/HAL/NVM/NVM_DidCal.o
                0x01201eb4                NVM_DID_CheckCrc
 .text.usReadDIDDatabyIndex
                0x01201fd8      0x2d4 ./src/HAL/NVM/NVM_DidCal.o
                0x01201fd8                usReadDIDDatabyIndex
 .text.usWriteDID
                0x012022ac      0x910 ./src/HAL/NVM/NVM_DidCal.o
                0x012022ac                usWriteDID
 .text.usReadPepsPinCode
                0x01202bbc       0x52 ./src/HAL/NVM/NVM_DidCal.o
                0x01202bbc                usReadPepsPinCode
 *fill*         0x01202c0e        0x2 
 .text.HWTest_etpu_pwm_update
                0x01202c10       0x4a ./src/HAL/NVM/NVM_DidCal.o
                0x01202c10                HWTest_etpu_pwm_update
 *fill*         0x01202c5a        0x2 
 .text.WriteEsclKey
                0x01202c5c       0x56 ./src/HAL/NVM/NVM_DidCal.o
                0x01202c5c                WriteEsclKey
 *fill*         0x01202cb2        0x2 
 .text.NVM_Cal_Init
                0x01202cb4       0x28 ./src/HAL/NVM/NVM_DidCal.o
                0x01202cb4                NVM_Cal_Init
 .text.NVM_CheckCal
                0x01202cdc      0x19a ./src/HAL/NVM/NVM_DidCal.o
                0x01202cdc                NVM_CheckCal
 *fill*         0x01202e76        0x2 
 .text.CanTransmit_UDS
                0x01202e78       0xe2 ./src/HAL/UDS/UDS_Interface.o
                0x01202e78                CanTransmit_UDS
 *fill*         0x01202f5a        0x2 
 .text.UdsResend
                0x01202f5c       0x88 ./src/HAL/UDS/UDS_Interface.o
                0x01202f5c                UdsResend
 .text.udsServiceInit
                0x01202fe4      0x14c ./src/HAL/UDS/uds_service.o
                0x01202fe4                udsServiceInit
 .text.udsChkWriteExtProgReq
                0x01203130      0x124 ./src/HAL/UDS/uds_service.o
                0x01203130                udsChkWriteExtProgReq
 .text.udsPrepareExtProg
                0x01203254       0x72 ./src/HAL/UDS/uds_service.o
                0x01203254                udsPrepareExtProg
 *fill*         0x012032c6        0x2 
 .text.udsResetToDefaultSession
                0x012032c8       0x6e ./src/HAL/UDS/uds_service.o
                0x012032c8                udsResetToDefaultSession
 *fill*         0x01203336        0x2 
 .text.udsServiceTask
                0x01203338      0x238 ./src/HAL/UDS/uds_service.o
                0x01203338                udsServiceTask
 .text.udsServiceMain
                0x01203570      0x394 ./src/HAL/UDS/uds_service.o
                0x01203570                udsServiceMain
 .text.udsCheckCarAndMotorStopped
                0x01203904       0xb2 ./src/HAL/UDS/uds_service.o
                0x01203904                udsCheckCarAndMotorStopped
 *fill*         0x012039b6        0x2 
 .text.udsSessionCtrl
                0x012039b8      0x3ca ./src/HAL/UDS/uds_service.o
                0x012039b8                udsSessionCtrl
 *fill*         0x01203d82        0x2 
 .text.udsReset
                0x01203d84      0x2ec ./src/HAL/UDS/uds_service.o
                0x01203d84                udsReset
 .text.udsTesterPresent
                0x01204070      0x160 ./src/HAL/UDS/uds_service.o
                0x01204070                udsTesterPresent
 .text.SecurityAccess
                0x012041d0      0x1d0 ./src/HAL/UDS/uds_service.o
                0x012041d0                SecurityAccess
 .text.udsSeAGetSeed
                0x012043a0      0x1fc ./src/HAL/UDS/uds_service.o
                0x012043a0                udsSeAGetSeed
 .text.udsSeACompareKey
                0x0120459c      0x206 ./src/HAL/UDS/uds_service.o
                0x0120459c                udsSeACompareKey
 *fill*         0x012047a2        0x2 
 .text.udsCalculateKey
                0x012047a4      0x118 ./src/HAL/UDS/uds_service.o
                0x012047a4                udsCalculateKey
 .text.udsSeAGetSeed_HWtest
                0x012048bc      0x1c0 ./src/HAL/UDS/uds_service.o
                0x012048bc                udsSeAGetSeed_HWtest
 .text.udsSeACompareKey_HWtest
                0x01204a7c      0x190 ./src/HAL/UDS/uds_service.o
                0x01204a7c                udsSeACompareKey_HWtest
 .text.udsCalculateKey_HWtest
                0x01204c0c      0x118 ./src/HAL/UDS/uds_service.o
                0x01204c0c                udsCalculateKey_HWtest
 .text.udsCommCtrl
                0x01204d24      0x34e ./src/HAL/UDS/uds_service.o
                0x01204d24                udsCommCtrl
 *fill*         0x01205072        0x2 
 .text.udsDTCSetting
                0x01205074      0x30a ./src/HAL/UDS/uds_service.o
                0x01205074                udsDTCSetting
 *fill*         0x0120537e        0x2 
 .text.udsReadDID
                0x01205380      0xd22 ./src/HAL/UDS/uds_service.o
                0x01205380                udsReadDID
 *fill*         0x012060a2        0x2 
 .text.udsWriteDID
                0x012060a4      0x74e ./src/HAL/UDS/uds_service.o
                0x012060a4                udsWriteDID
 *fill*         0x012067f2        0x2 
 .text.udsClearDTC
                0x012067f4      0x462 ./src/HAL/UDS/uds_service.o
                0x012067f4                udsClearDTC
 *fill*         0x01206c56        0x2 
 .text.udsReadDTC
                0x01206c58      0x340 ./src/HAL/UDS/uds_service.o
                0x01206c58                udsReadDTC
 .text.udsReadDTCNumByMask
                0x01206f98      0x1aa ./src/HAL/UDS/uds_service.o
                0x01206f98                udsReadDTCNumByMask
 *fill*         0x01207142        0x2 
 .text.udsReadDTCByMask
                0x01207144      0x260 ./src/HAL/UDS/uds_service.o
                0x01207144                udsReadDTCByMask
 .text.udsReadDTCSnapId
                0x012073a4      0x1aa ./src/HAL/UDS/uds_service.o
                0x012073a4                udsReadDTCSnapId
 *fill*         0x0120754e        0x2 
 .text.udsReadDTCSnapByDTCNumber
                0x01207550      0x55c ./src/HAL/UDS/uds_service.o
                0x01207550                udsReadDTCSnapByDTCNumber
 .text.udsReadSupportedDTC
                0x01207aac      0x204 ./src/HAL/UDS/uds_service.o
                0x01207aac                udsReadSupportedDTC
 .text.udsReadDTCExtendedRecord
                0x01207cb0      0x372 ./src/HAL/UDS/uds_service.o
                0x01207cb0                udsReadDTCExtendedRecord
 *fill*         0x01208022        0x2 
 .text.udsRoutineCtrl
                0x01208024     0x14c2 ./src/HAL/UDS/uds_service.o
                0x01208024                udsRoutineCtrl
 *fill*         0x012094e6        0x2 
 .text.udsIOCtrlById
                0x012094e8      0x6aa ./src/HAL/UDS/uds_service.o
                0x012094e8                udsIOCtrlById
 *fill*         0x01209b92        0x2 
 .text.HAL_Get_ADC
                0x01209b94       0xa4 ./src/HAL/UDS/uds_service.o
                0x01209b94                HAL_Get_ADC
 .text.udsReqUpload
                0x01209c38      0x1fe ./src/HAL/UDS/uds_service.o
                0x01209c38                udsReqUpload
 *fill*         0x01209e36        0x2 
 .text.udsTransferData
                0x01209e38      0x128 ./src/HAL/UDS/uds_service.o
                0x01209e38                udsTransferData
 .text.udsTransferExit
                0x01209f60       0x6e ./src/HAL/UDS/uds_service.o
                0x01209f60                udsTransferExit
 *fill*         0x01209fce        0x2 
 .text.usReadWriteDFlash
                0x01209fd0      0x28c ./src/HAL/UDS/uds_service.o
                0x01209fd0                usReadWriteDFlash
 .text.usReadWriteExtEE
                0x0120a25c      0x270 ./src/HAL/UDS/uds_service.o
                0x0120a25c                usReadWriteExtEE
 .text.usReadCodeFlash
                0x0120a4cc      0x188 ./src/HAL/UDS/uds_service.o
                0x0120a4cc                usReadCodeFlash
 .text.udsTpInit
                0x0120a654       0x8a ./src/HAL/UDS/uds_tp.o
                0x0120a654                udsTpInit
 *fill*         0x0120a6de        0x2 
 .text.udsTpTask
                0x0120a6e0      0x166 ./src/HAL/UDS/uds_tp.o
                0x0120a6e0                udsTpTask
 *fill*         0x0120a846        0x2 
 .text.udsTpRecv
                0x0120a848      0x7e4 ./src/HAL/UDS/uds_tp.o
                0x0120a848                udsTpRecv
 .text.udsTpSend
                0x0120b02c      0x132 ./src/HAL/UDS/uds_tp.o
                0x0120b02c                udsTpSend
 *fill*         0x0120b15e        0x2 
 .text.udsTpSendNRC
                0x0120b160       0x52 ./src/HAL/UDS/uds_tp.o
                0x0120b160                udsTpSendNRC
 *fill*         0x0120b1b2        0x2 
 .text.udsTpSendCF
                0x0120b1b4      0x23a ./src/HAL/UDS/uds_tp.o
                0x0120b1b4                udsTpSendCF
 *fill*         0x0120b3ee        0x2 
 .text.udsTpSendFlowCtrl
                0x0120b3f0       0x68 ./src/HAL/UDS/uds_tp.o
                0x0120b3f0                udsTpSendFlowCtrl
 .text.SetIVPR  0x0120b458       0x1a ./src/MPC57xx__Interrupt_Init.o
                0x0120b458                SetIVPR
 *fill*         0x0120b472        0x2 
 .text.InitINTC
                0x0120b474       0xa0 ./src/MPC57xx__Interrupt_Init.o
                0x0120b474                InitINTC
 .text.enableIrq
                0x0120b514       0x50 ./src/MPC57xx__Interrupt_Init.o
                0x0120b514                enableIrq
 .text.xcptn_xmpl
                0x0120b564       0x34 ./src/MPC57xx__Interrupt_Init.o
                0x0120b564                xcptn_xmpl
 .text.dummy    0x0120b598        0xc ./src/intc_SW_mode_isr_vectors_MPC574xR.o
                0x0120b598                dummy
 .text.main     0x0120b5a4       0xac ./src/main_Z4_0.o
                0x0120b5a4                main
 .text.memcpy   0x0120b650       0x3c C:/NXP/S32DS_Power_v2.1/S32DS/build_tools/e200_ewl2/lib/e200z4/fp\libc99.a(memcpy.o)
                0x0120b650                memcpy
 .text.memset   0x0120b68c       0x1a C:/NXP/S32DS_Power_v2.1/S32DS/build_tools/e200_ewl2/lib/e200z4/fp\libc99.a(memset.o)
                0x0120b68c                memset
 .text.__fill_mem
                0x0120b6a6       0xa0 C:/NXP/S32DS_Power_v2.1/S32DS/build_tools/e200_ewl2/lib/e200z4/fp\libc99.a(__filll_mem.o)
                0x0120b6a6                __fill_mem
 .text.floor    0x0120b746      0x142 C:/NXP/S32DS_Power_v2.1/S32DS/build_tools/e200_ewl2/lib/e200z4/fp\libm.a(s_floor.o)
                0x0120b746                floor
 *(.init)
 .init          0x0120b888        0xc c:/nxp/s32ds_power_v2.1/s32ds/build_tools/powerpc-eabivle-4_9/bin/../lib/gcc/powerpc-eabivle/4.9.4/e200z4/fp/ecrti.o
                0x0120b888                __init
 .init          0x0120b894        0x4 c:/nxp/s32ds_power_v2.1/s32ds/build_tools/powerpc-eabivle-4_9/bin/../lib/gcc/powerpc-eabivle/4.9.4/e200z4/fp/crtbegin.o
 .init          0x0120b898        0x4 c:/nxp/s32ds_power_v2.1/s32ds/build_tools/powerpc-eabivle-4_9/bin/../lib/gcc/powerpc-eabivle/4.9.4/e200z4/fp/crtend.o
 .init          0x0120b89c        0xa c:/nxp/s32ds_power_v2.1/s32ds/build_tools/powerpc-eabivle-4_9/bin/../lib/gcc/powerpc-eabivle/4.9.4/e200z4/fp/ecrtn.o
 *(.fini)
 *fill*         0x0120b8a6        0x2 
 .fini          0x0120b8a8        0xc c:/nxp/s32ds_power_v2.1/s32ds/build_tools/powerpc-eabivle-4_9/bin/../lib/gcc/powerpc-eabivle/4.9.4/e200z4/fp/ecrti.o
                0x0120b8a8                __fini
 .fini          0x0120b8b4        0x4 c:/nxp/s32ds_power_v2.1/s32ds/build_tools/powerpc-eabivle-4_9/bin/../lib/gcc/powerpc-eabivle/4.9.4/e200z4/fp/crtbegin.o